Archive member included to satisfy reference by file (symbol)

d:/program files/stm32cubeide_1.4.0/stm32cubeide/plugins/com.st.stm32cube.ide.mcu.externaltools.gnu-tools-for-stm32.7-2018-q2-update.win32_1.5.0.202011040924/tools/bin/../lib/gcc/arm-none-eabi/7.3.1/../../../../arm-none-eabi/lib/thumb/v7e-m/fpv4-sp/hard\libc_nano.a(lib_a-errno.o)
                              Core/Src/syscalls.o (__errno)
d:/program files/stm32cubeide_1.4.0/stm32cubeide/plugins/com.st.stm32cube.ide.mcu.externaltools.gnu-tools-for-stm32.7-2018-q2-update.win32_1.5.0.202011040924/tools/bin/../lib/gcc/arm-none-eabi/7.3.1/../../../../arm-none-eabi/lib/thumb/v7e-m/fpv4-sp/hard\libc_nano.a(lib_a-exit.o)
                              d:/program files/stm32cubeide_1.4.0/stm32cubeide/plugins/com.st.stm32cube.ide.mcu.externaltools.gnu-tools-for-stm32.7-2018-q2-update.win32_1.5.0.202011040924/tools/bin/../lib/gcc/arm-none-eabi/7.3.1/../../../../arm-none-eabi/lib/thumb/v7e-m/fpv4-sp/hard/crt0.o (exit)
d:/program files/stm32cubeide_1.4.0/stm32cubeide/plugins/com.st.stm32cube.ide.mcu.externaltools.gnu-tools-for-stm32.7-2018-q2-update.win32_1.5.0.202011040924/tools/bin/../lib/gcc/arm-none-eabi/7.3.1/../../../../arm-none-eabi/lib/thumb/v7e-m/fpv4-sp/hard\libc_nano.a(lib_a-impure.o)
                              d:/program files/stm32cubeide_1.4.0/stm32cubeide/plugins/com.st.stm32cube.ide.mcu.externaltools.gnu-tools-for-stm32.7-2018-q2-update.win32_1.5.0.202011040924/tools/bin/../lib/gcc/arm-none-eabi/7.3.1/../../../../arm-none-eabi/lib/thumb/v7e-m/fpv4-sp/hard\libc_nano.a(lib_a-exit.o) (_global_impure_ptr)
d:/program files/stm32cubeide_1.4.0/stm32cubeide/plugins/com.st.stm32cube.ide.mcu.externaltools.gnu-tools-for-stm32.7-2018-q2-update.win32_1.5.0.202011040924/tools/bin/../lib/gcc/arm-none-eabi/7.3.1/../../../../arm-none-eabi/lib/thumb/v7e-m/fpv4-sp/hard\libc_nano.a(lib_a-init.o)
                              d:/program files/stm32cubeide_1.4.0/stm32cubeide/plugins/com.st.stm32cube.ide.mcu.externaltools.gnu-tools-for-stm32.7-2018-q2-update.win32_1.5.0.202011040924/tools/bin/../lib/gcc/arm-none-eabi/7.3.1/../../../../arm-none-eabi/lib/thumb/v7e-m/fpv4-sp/hard/crt0.o (__libc_init_array)
d:/program files/stm32cubeide_1.4.0/stm32cubeide/plugins/com.st.stm32cube.ide.mcu.externaltools.gnu-tools-for-stm32.7-2018-q2-update.win32_1.5.0.202011040924/tools/bin/../lib/gcc/arm-none-eabi/7.3.1/../../../../arm-none-eabi/lib/thumb/v7e-m/fpv4-sp/hard\libc_nano.a(lib_a-memset.o)
                              d:/program files/stm32cubeide_1.4.0/stm32cubeide/plugins/com.st.stm32cube.ide.mcu.externaltools.gnu-tools-for-stm32.7-2018-q2-update.win32_1.5.0.202011040924/tools/bin/../lib/gcc/arm-none-eabi/7.3.1/../../../../arm-none-eabi/lib/thumb/v7e-m/fpv4-sp/hard/crt0.o (memset)
d:/program files/stm32cubeide_1.4.0/stm32cubeide/plugins/com.st.stm32cube.ide.mcu.externaltools.gnu-tools-for-stm32.7-2018-q2-update.win32_1.5.0.202011040924/tools/bin/../lib/gcc/arm-none-eabi/7.3.1/thumb/v7e-m/fpv4-sp/hard\libgcc.a(_arm_addsubdf3.o)
                              Hydrogreen/measurements.o (__aeabi_dsub)
d:/program files/stm32cubeide_1.4.0/stm32cubeide/plugins/com.st.stm32cube.ide.mcu.externaltools.gnu-tools-for-stm32.7-2018-q2-update.win32_1.5.0.202011040924/tools/bin/../lib/gcc/arm-none-eabi/7.3.1/thumb/v7e-m/fpv4-sp/hard\libgcc.a(_arm_muldivdf3.o)
                              Hydrogreen/measurements.o (__aeabi_dmul)
d:/program files/stm32cubeide_1.4.0/stm32cubeide/plugins/com.st.stm32cube.ide.mcu.externaltools.gnu-tools-for-stm32.7-2018-q2-update.win32_1.5.0.202011040924/tools/bin/../lib/gcc/arm-none-eabi/7.3.1/thumb/v7e-m/fpv4-sp/hard\libgcc.a(_arm_truncdfsf2.o)
                              Hydrogreen/measurements.o (__aeabi_d2f)

Allocating common symbols
Common symbol       size              file

VALUES              0x10              Hydrogreen/measurements.o
hdma_tim1_ch1       0x44              Core/Src/tim.o
hdma_usart2_rx      0x44              Core/Src/usart.o
hdma_tim2_ch1       0x44              Core/Src/tim.o
hadc2               0x50              Core/Src/adc.o
timers_tick10kHz    0x1               Hydrogreen/timers.o
hiwdg               0x10              Core/Src/iwdg.o
hcrc                0x24              Core/Src/crc.o
timers_mainTimeMiliseconds
                    0x2               Hydrogreen/timers.o
hydros              0x4               Hydrogreen/Energy_flow.o
uwTick              0x4               Drivers/STM32F3xx_HAL_Driver/Src/stm32f3xx_hal.o
pFlash              0x20              Drivers/STM32F3xx_HAL_Driver/Src/stm32f3xx_hal_flash.o
timers_tick1kHz     0x1               Hydrogreen/timers.o
htim3               0x4c              Core/Src/tim.o
RS485_RX_VERIFIED_DATA
                    0x4               Hydrogreen/rs485.o
timers_mainTimeHours
                    0x1               Hydrogreen/timers.o
FANS                0x8               Hydrogreen/fans.o
timers_maxSysCyclePeriod
                    0x4               Hydrogreen/timers.o
[...]
Memory Configuration

Name             Origin             Length             Attributes
CCMRAM           0x0000000010000000 0x0000000000001000 xrw
RAM              0x0000000020000000 0x0000000000003000 xrw
FLASH            0x0000000008000000 0x0000000000010000 xr
*default*        0x0000000000000000 0xffffffffffffffff

Linker script and memory map

LOAD d:/program files/stm32cubeide_1.4.0/stm32cubeide/plugins/com.st.stm32cube.ide.mcu.externaltools.gnu-tools-for-stm32.7-2018-q2-update.win32_1.5.0.202011040924/tools/bin/../lib/gcc/arm-none-eabi/7.3.1/thumb/v7e-m/fpv4-sp/hard/crti.o
LOAD d:/program files/stm32cubeide_1.4.0/stm32cubeide/plugins/com.st.stm32cube.ide.mcu.externaltools.gnu-tools-for-stm32.7-2018-q2-update.win32_1.5.0.202011040924/tools/bin/../lib/gcc/arm-none-eabi/7.3.1/thumb/v7e-m/fpv4-sp/hard/crtbegin.o
LOAD d:/program files/stm32cubeide_1.4.0/stm32cubeide/plugins/com.st.stm32cube.ide.mcu.externaltools.gnu-tools-for-stm32.7-2018-q2-update.win32_1.5.0.202011040924/tools/bin/../lib/gcc/arm-none-eabi/7.3.1/../../../../arm-none-eabi/lib/thumb/v7e-m/fpv4-sp/hard/crt0.o
LOAD Core/Src/adc.o
LOAD Core/Src/crc.o
LOAD Core/Src/dma.o
LOAD Core/Src/gpio.o
LOAD Core/Src/iwdg.o
LOAD Core/Src/main.o
LOAD Core/Src/stm32f3xx_hal_msp.o
LOAD Core/Src/stm32f3xx_it.o
LOAD Core/Src/syscalls.o
LOAD Core/Src/sysmem.o
LOAD Core/Src/system_stm32f3xx.o
LOAD Core/Src/tim.o
LOAD Core/Src/usart.o
LOAD Core/Startup/startup_stm32f303k8tx.o
LOAD Drivers/STM32F3xx_HAL_Driver/Src/stm32f3xx_hal.o
LOAD Drivers/STM32F3xx_HAL_Driver/Src/stm32f3xx_hal_adc.o
LOAD Drivers/STM32F3xx_HAL_Driver/Src/stm32f3xx_hal_adc_ex.o
LOAD Drivers/STM32F3xx_HAL_Driver/Src/stm32f3xx_hal_cortex.o
LOAD Drivers/STM32F3xx_HAL_Driver/Src/stm32f3xx_hal_crc.o
LOAD Drivers/STM32F3xx_HAL_Driver/Src/stm32f3xx_hal_crc_ex.o
LOAD Drivers/STM32F3xx_HAL_Driver/Src/stm32f3xx_hal_dma.o
LOAD Drivers/STM32F3xx_HAL_Driver/Src/stm32f3xx_hal_exti.o
LOAD Drivers/STM32F3xx_HAL_Driver/Src/stm32f3xx_hal_flash.o
LOAD Drivers/STM32F3xx_HAL_Driver/Src/stm32f3xx_hal_flash_ex.o
LOAD Drivers/STM32F3xx_HAL_Driver/Src/stm32f3xx_hal_gpio.o
LOAD Drivers/STM32F3xx_HAL_Driver/Src/stm32f3xx_hal_i2c.o
LOAD Drivers/STM32F3xx_HAL_Driver/Src/stm32f3xx_hal_i2c_ex.o
LOAD Drivers/STM32F3xx_HAL_Driver/Src/stm32f3xx_hal_iwdg.o
LOAD Drivers/STM32F3xx_HAL_Driver/Src/stm32f3xx_hal_pwr.o
LOAD Drivers/STM32F3xx_HAL_Driver/Src/stm32f3xx_hal_pwr_ex.o
LOAD Drivers/STM32F3xx_HAL_Driver/Src/stm32f3xx_hal_rcc.o
LOAD Drivers/STM32F3xx_HAL_Driver/Src/stm32f3xx_hal_rcc_ex.o
LOAD Drivers/STM32F3xx_HAL_Driver/Src/stm32f3xx_hal_tim.o
LOAD Drivers/STM32F3xx_HAL_Driver/Src/stm32f3xx_hal_tim_ex.o
LOAD Drivers/STM32F3xx_HAL_Driver/Src/stm32f3xx_hal_uart.o
LOAD Drivers/STM32F3xx_HAL_Driver/Src/stm32f3xx_hal_uart_ex.o
LOAD Hydrogreen/Energy_flow.o
LOAD Hydrogreen/fans.o
LOAD Hydrogreen/hydrogreen.o
LOAD Hydrogreen/measurements.o
LOAD Hydrogreen/motor.o
LOAD Hydrogreen/pidController.o
LOAD Hydrogreen/rs485.o
LOAD Hydrogreen/timers.o
LOAD Hydrogreen/watchdog.o
START GROUP
LOAD d:/program files/stm32cubeide_1.4.0/stm32cubeide/plugins/com.st.stm32cube.ide.mcu.externaltools.gnu-tools-for-stm32.7-2018-q2-update.win32_1.5.0.202011040924/tools/bin/../lib/gcc/arm-none-eabi/7.3.1/../../../../arm-none-eabi/lib/thumb/v7e-m/fpv4-sp/hard\libc_nano.a
LOAD d:/program files/stm32cubeide_1.4.0/stm32cubeide/plugins/com.st.stm32cube.ide.mcu.externaltools.gnu-tools-for-stm32.7-2018-q2-update.win32_1.5.0.202011040924/tools/bin/../lib/gcc/arm-none-eabi/7.3.1/../../../../arm-none-eabi/lib/thumb/v7e-m/fpv4-sp/hard\libm.a
END GROUP
START GROUP
LOAD d:/program files/stm32cubeide_1.4.0/stm32cubeide/plugins/com.st.stm32cube.ide.mcu.externaltools.gnu-tools-for-stm32.7-2018-q2-update.win32_1.5.0.202011040924/tools/bin/../lib/gcc/arm-none-eabi/7.3.1/thumb/v7e-m/fpv4-sp/hard\libgcc.a
LOAD d:/program files/stm32cubeide_1.4.0/stm32cubeide/plugins/com.st.stm32cube.ide.mcu.externaltools.gnu-tools-for-stm32.7-2018-q2-update.win32_1.5.0.202011040924/tools/bin/../lib/gcc/arm-none-eabi/7.3.1/../../../../arm-none-eabi/lib/thumb/v7e-m/fpv4-sp/hard\libc_nano.a
END GROUP
START GROUP
LOAD d:/program files/stm32cubeide_1.4.0/stm32cubeide/plugins/com.st.stm32cube.ide.mcu.externaltools.gnu-tools-for-stm32.7-2018-q2-update.win32_1.5.0.202011040924/tools/bin/../lib/gcc/arm-none-eabi/7.3.1/thumb/v7e-m/fpv4-sp/hard\libgcc.a
LOAD d:/program files/stm32cubeide_1.4.0/stm32cubeide/plugins/com.st.stm32cube.ide.mcu.externaltools.gnu-tools-for-stm32.7-2018-q2-update.win32_1.5.0.202011040924/tools/bin/../lib/gcc/arm-none-eabi/7.3.1/../../../../arm-none-eabi/lib/thumb/v7e-m/fpv4-sp/hard\libc_nano.a
LOAD d:/program files/stm32cubeide_1.4.0/stm32cubeide/plugins/com.st.stm32cube.ide.mcu.externaltools.gnu-tools-for-stm32.7-2018-q2-update.win32_1.5.0.202011040924/tools/bin/../lib/gcc/arm-none-eabi/7.3.1/../../../../arm-none-eabi/lib/thumb/v7e-m/fpv4-sp/hard\libnosys.a
END GROUP
START GROUP
LOAD d:/program files/stm32cubeide_1.4.0/stm32cubeide/plugins/com.st.stm32cube.ide.mcu.externaltools.gnu-tools-for-stm32.7-2018-q2-update.win32_1.5.0.202011040924/tools/bin/../lib/gcc/arm-none-eabi/7.3.1/thumb/v7e-m/fpv4-sp/hard\libgcc.a
LOAD d:/program files/stm32cubeide_1.4.0/stm32cubeide/plugins/com.st.stm32cube.ide.mcu.externaltools.gnu-tools-for-stm32.7-2018-q2-update.win32_1.5.0.202011040924/tools/bin/../lib/gcc/arm-none-eabi/7.3.1/../../../../arm-none-eabi/lib/thumb/v7e-m/fpv4-sp/hard\libc_nano.a
LOAD d:/program files/stm32cubeide_1.4.0/stm32cubeide/plugins/com.st.stm32cube.ide.mcu.externaltools.gnu-tools-for-stm32.7-2018-q2-update.win32_1.5.0.202011040924/tools/bin/../lib/gcc/arm-none-eabi/7.3.1/../../../../arm-none-eabi/lib/thumb/v7e-m/fpv4-sp/hard\libnosys.a
END GROUP
LOAD d:/program files/stm32cubeide_1.4.0/stm32cubeide/plugins/com.st.stm32cube.ide.mcu.externaltools.gnu-tools-for-stm32.7-2018-q2-update.win32_1.5.0.202011040924/tools/bin/../lib/gcc/arm-none-eabi/7.3.1/thumb/v7e-m/fpv4-sp/hard/crtend.o
LOAD d:/program files/stm32cubeide_1.4.0/stm32cubeide/plugins/com.st.stm32cube.ide.mcu.externaltools.gnu-tools-for-stm32.7-2018-q2-update.win32_1.5.0.202011040924/tools/bin/../lib/gcc/arm-none-eabi/7.3.1/thumb/v7e-m/fpv4-sp/hard/crtn.o
                0x0000000020003000                _estack = (ORIGIN (RAM) + LENGTH (RAM))
                0x0000000000000200                _Min_Heap_Size = 0x200
                0x0000000000000400                _Min_Stack_Size = 0x400

.isr_vector     0x0000000008000000      0x188
                0x0000000008000000                . = ALIGN (0x4)
 *(.isr_vector)
 .isr_vector    0x0000000008000000      0x188 Core/Startup/startup_stm32f303k8tx.o
                0x0000000008000000                g_pfnVectors
                0x0000000008000188                . = ALIGN (0x4)

.text           0x0000000008000188     0x7d90
                0x0000000008000188                . = ALIGN (0x4)
 *(.text)
 .text          0x0000000008000188       0x40 d:/program files/stm32cubeide_1.4.0/stm32cubeide/plugins/com.st.stm32cube.ide.mcu.externaltools.gnu-tools-for-stm32.7-2018-q2-update.win32_1.5.0.202011040924/tools/bin/../lib/gcc/arm-none-eabi/7.3.1/thumb/v7e-m/fpv4-sp/hard/crtbegin.o
 .text          0x00000000080001c8      0x378 d:/program files/stm32cubeide_1.4.0/stm32cubeide/plugins/com.st.stm32cube.ide.mcu.externaltools.gnu-tools-for-stm32.7-2018-q2-update.win32_1.5.0.202011040924/tools/bin/../lib/gcc/arm-none-eabi/7.3.1/thumb/v7e-m/fpv4-sp/hard\libgcc.a(_arm_addsubdf3.o)
                0x00000000080001c8                __aeabi_drsub
                0x00000000080001d0                __aeabi_dsub
                0x00000000080001d0                __subdf3
                0x00000000080001d4                __aeabi_dadd
                0x00000000080001d4                __adddf3
                0x000000000800044c                __floatunsidf
                0x000000000800044c                __aeabi_ui2d
                0x000000000800046c                __floatsidf
                0x000000000800046c                __aeabi_i2d
                0x0000000008000490                __aeabi_f2d
                0x0000000008000490                __extendsfdf2
                0x00000000080004d4                __floatundidf
                0x00000000080004d4                __aeabi_ul2d
                0x00000000080004e4                __floatdidf
                0x00000000080004e4                __aeabi_l2d
 .text          0x0000000008000540      0x424 d:/program files/stm32cubeide_1.4.0/stm32cubeide/plugins/com.st.stm32cube.ide.mcu.externaltools.gnu-tools-for-stm32.7-2018-q2-update.win32_1.5.0.202011040924/tools/bin/../lib/gcc/arm-none-eabi/7.3.1/thumb/v7e-m/fpv4-sp/hard\libgcc.a(_arm_muldivdf3.o)
                0x0000000008000540                __aeabi_dmul
                0x0000000008000540                __muldf3
                0x0000000008000794                __divdf3
                0x0000000008000794                __aeabi_ddiv
 .text          0x0000000008000964       0xa0 d:/program files/stm32cubeide_1.4.0/stm32cubeide/plugins/com.st.stm32cube.ide.mcu.externaltools.gnu-tools-for-stm32.7-2018-q2-update.win32_1.5.0.202011040924/tools/bin/../lib/gcc/arm-none-eabi/7.3.1/thumb/v7e-m/fpv4-sp/hard\libgcc.a(_arm_truncdfsf2.o)
                0x0000000008000964                __truncdfsf2
                0x0000000008000964                __aeabi_d2f
 *(.text*)
 .text.MX_ADC2_Init
                0x0000000008000a04      0x110 Core/Src/adc.o
                0x0000000008000a04                MX_ADC2_Init
 .text.HAL_ADC_MspInit
                0x0000000008000b14       0xe4 Core/Src/adc.o
                0x0000000008000b14                HAL_ADC_MspInit
 .text.MX_CRC_Init
                0x0000000008000bf8       0x50 Core/Src/crc.o
                0x0000000008000bf8                MX_CRC_Init
 .text.HAL_CRC_MspInit
                0x0000000008000c48       0x40 Core/Src/crc.o
                0x0000000008000c48                HAL_CRC_MspInit
 .text.MX_DMA_Init
                0x0000000008000c88       0x6c Core/Src/dma.o
                0x0000000008000c88                MX_DMA_Init
 .text.MX_GPIO_Init
                0x0000000008000cf4      0x160 Core/Src/gpio.o
                0x0000000008000cf4                MX_GPIO_Init
 .text.MX_IWDG_Init
                0x0000000008000e54       0x3c Core/Src/iwdg.o
                0x0000000008000e54                MX_IWDG_Init
 .text.main     0x0000000008000e90       0x48 Core/Src/main.o
                0x0000000008000e90                main
 .text.SystemClock_Config
                0x0000000008000ed8       0xb6 Core/Src/main.o
                0x0000000008000ed8                SystemClock_Config
 .text.Error_Handler
                0x0000000008000f8e        0xc Core/Src/main.o
                0x0000000008000f8e                Error_Handler
 *fill*         0x0000000008000f9a        0x2 
 .text.HAL_MspInit
                0x0000000008000f9c       0x48 Core/Src/stm32f3xx_hal_msp.o
                0x0000000008000f9c                HAL_MspInit
 .text.NMI_Handler
                0x0000000008000fe4        0x6 Core/Src/stm32f3xx_it.o
                0x0000000008000fe4                NMI_Handler
 .text.HardFault_Handler
                0x0000000008000fea        0x6 Core/Src/stm32f3xx_it.o
                0x0000000008000fea                HardFault_Handler
 .text.MemManage_Handler
                0x0000000008000ff0        0x6 Core/Src/stm32f3xx_it.o
                0x0000000008000ff0                MemManage_Handler
 .text.BusFault_Handler
                0x0000000008000ff6        0x6 Core/Src/stm32f3xx_it.o
                0x0000000008000ff6                BusFault_Handler
 .text.UsageFault_Handler
                0x0000000008000ffc        0x6 Core/Src/stm32f3xx_it.o
                0x0000000008000ffc                UsageFault_Handler
 .text.SVC_Handler
                0x0000000008001002        0xe Core/Src/stm32f3xx_it.o
                0x0000000008001002                SVC_Handler
 .text.DebugMon_Handler
                0x0000000008001010        0xe Core/Src/stm32f3xx_it.o
                0x0000000008001010                DebugMon_Handler
 .text.PendSV_Handler
                0x000000000800101e        0xe Core/Src/stm32f3xx_it.o
                0x000000000800101e                PendSV_Handler
 .text.SysTick_Handler
                0x000000000800102c       0x10 Core/Src/stm32f3xx_it.o
                0x000000000800102c                SysTick_Handler
 .text.EXTI1_IRQHandler
                0x000000000800103c        0xe Core/Src/stm32f3xx_it.o
                0x000000000800103c                EXTI1_IRQHandler
 .text.EXTI4_IRQHandler
                0x000000000800104a        0xe Core/Src/stm32f3xx_it.o
                0x000000000800104a                EXTI4_IRQHandler
 .text.DMA1_Channel2_IRQHandler
                0x0000000008001058       0x14 Core/Src/stm32f3xx_it.o
                0x0000000008001058                DMA1_Channel2_IRQHandler
 .text.DMA1_Channel4_IRQHandler
                0x000000000800106c       0x14 Core/Src/stm32f3xx_it.o
                0x000000000800106c                DMA1_Channel4_IRQHandler
 .text.DMA1_Channel5_IRQHandler
                0x0000000008001080       0x14 Core/Src/stm32f3xx_it.o
                0x0000000008001080                DMA1_Channel5_IRQHandler
 .text.DMA1_Channel6_IRQHandler
                0x0000000008001094       0x14 Core/Src/stm32f3xx_it.o
                0x0000000008001094                DMA1_Channel6_IRQHandler
 .text.EXTI9_5_IRQHandler
                0x00000000080010a8        0xe Core/Src/stm32f3xx_it.o
                0x00000000080010a8                EXTI9_5_IRQHandler
 *fill*         0x00000000080010b6        0x2 
 .text.USART2_IRQHandler
                0x00000000080010b8       0x14 Core/Src/stm32f3xx_it.o
                0x00000000080010b8                USART2_IRQHandler
 .text.TIM6_DAC1_IRQHandler
                0x00000000080010cc       0x14 Core/Src/stm32f3xx_it.o
                0x00000000080010cc                TIM6_DAC1_IRQHandler
 .text.TIM7_DAC2_IRQHandler
                0x00000000080010e0       0x14 Core/Src/stm32f3xx_it.o
                0x00000000080010e0                TIM7_DAC2_IRQHandler
 .text.SystemInit
                0x00000000080010f4       0x24 Core/Src/system_stm32f3xx.o
                0x00000000080010f4                SystemInit
 .text.MX_TIM1_Init
                0x0000000008001118      0x158 Core/Src/tim.o
                0x0000000008001118                MX_TIM1_Init
 .text.MX_TIM2_Init
                0x0000000008001270       0xec Core/Src/tim.o
                0x0000000008001270                MX_TIM2_Init
 .text.MX_TIM3_Init
                0x000000000800135c       0xec Core/Src/tim.o
                0x000000000800135c                MX_TIM3_Init
 .text.MX_TIM6_Init
                0x0000000008001448       0x6c Core/Src/tim.o
                0x0000000008001448                MX_TIM6_Init
 .text.MX_TIM7_Init
                0x00000000080014b4       0x6c Core/Src/tim.o
                0x00000000080014b4                MX_TIM7_Init
 .text.HAL_TIM_Base_MspInit
                0x0000000008001520      0x1a8 Core/Src/tim.o
                0x0000000008001520                HAL_TIM_Base_MspInit
 .text.HAL_TIM_MspPostInit
                0x00000000080016c8      0x100 Core/Src/tim.o
                0x00000000080016c8                HAL_TIM_MspPostInit
 .text.MX_USART2_UART_Init
                0x00000000080017c8       0x74 Core/Src/usart.o
                0x00000000080017c8                MX_USART2_UART_Init
 .text.HAL_UART_MspInit
                0x000000000800183c       0xec Core/Src/usart.o
                0x000000000800183c                HAL_UART_MspInit
 .text.Reset_Handler
                0x0000000008001928       0x50 Core/Startup/startup_stm32f303k8tx.o
                0x0000000008001928                Reset_Handler
 .text.Default_Handler
                0x0000000008001978        0x2 Core/Startup/startup_stm32f303k8tx.o
                0x0000000008001978                RTC_Alarm_IRQHandler
                0x0000000008001978                TIM1_CC_IRQHandler
                0x0000000008001978                PVD_IRQHandler
                0x0000000008001978                TAMP_STAMP_IRQHandler
                0x0000000008001978                EXTI3_IRQHandler
                0x0000000008001978                EXTI0_IRQHandler
                0x0000000008001978                FPU_IRQHandler
                0x0000000008001978                CAN_TX_IRQHandler
                0x0000000008001978                TIM1_UP_TIM16_IRQHandler
                0x0000000008001978                ADC1_2_IRQHandler
                0x0000000008001978                SPI1_IRQHandler
                0x0000000008001978                CAN_SCE_IRQHandler
                0x0000000008001978                USART3_IRQHandler
                0x0000000008001978                DMA1_Channel7_IRQHandler
                0x0000000008001978                CAN_RX1_IRQHandler
                0x0000000008001978                I2C1_EV_IRQHandler
                0x0000000008001978                TIM3_IRQHandler
                0x0000000008001978                RCC_IRQHandler
                0x0000000008001978                DMA1_Channel1_IRQHandler
                0x0000000008001978                Default_Handler
                0x0000000008001978                EXTI15_10_IRQHandler
                0x0000000008001978                COMP2_IRQHandler
                0x0000000008001978                RTC_WKUP_IRQHandler
                0x0000000008001978                TIM1_TRG_COM_TIM17_IRQHandler
                0x0000000008001978                DMA1_Channel3_IRQHandler
                0x0000000008001978                WWDG_IRQHandler
                0x0000000008001978                TIM2_IRQHandler
                0x0000000008001978                COMP4_6_IRQHandler
                0x0000000008001978                FLASH_IRQHandler
                0x0000000008001978                USART1_IRQHandler
                0x0000000008001978                CAN_RX0_IRQHandler
                0x0000000008001978                I2C1_ER_IRQHandler
                0x0000000008001978                EXTI2_TSC_IRQHandler
                0x0000000008001978                TIM1_BRK_TIM15_IRQHandler
 *fill*         0x000000000800197a        0x2 
 .text.HAL_Init
                0x000000000800197c       0x2c Drivers/STM32F3xx_HAL_Driver/Src/stm32f3xx_hal.o
                0x000000000800197c                HAL_Init
 .text.HAL_InitTick
                0x00000000080019a8       0x60 Drivers/STM32F3xx_HAL_Driver/Src/stm32f3xx_hal.o
                0x00000000080019a8                HAL_InitTick
 .text.HAL_IncTick
                0x0000000008001a08       0x28 Drivers/STM32F3xx_HAL_Driver/Src/stm32f3xx_hal.o
                0x0000000008001a08                HAL_IncTick
 .text.HAL_GetTick
                0x0000000008001a30       0x18 Drivers/STM32F3xx_HAL_Driver/Src/stm32f3xx_hal.o
                0x0000000008001a30                HAL_GetTick
 .text.HAL_ADC_ConvCpltCallback
                0x0000000008001a48       0x14 Drivers/STM32F3xx_HAL_Driver/Src/stm32f3xx_hal_adc.o
                0x0000000008001a48                HAL_ADC_ConvCpltCallback
 .text.HAL_ADC_ConvHalfCpltCallback
                0x0000000008001a5c       0x14 Drivers/STM32F3xx_HAL_Driver/Src/stm32f3xx_hal_adc.o
                0x0000000008001a5c                HAL_ADC_ConvHalfCpltCallback
 .text.HAL_ADC_ErrorCallback
                0x0000000008001a70       0x14 Drivers/STM32F3xx_HAL_Driver/Src/stm32f3xx_hal_adc.o
                0x0000000008001a70                HAL_ADC_ErrorCallback
 .text.HAL_ADC_Init
                0x0000000008001a84      0x324 Drivers/STM32F3xx_HAL_Driver/Src/stm32f3xx_hal_adc_ex.o
                0x0000000008001a84                HAL_ADC_Init
 .text.HAL_ADC_Start_DMA
                0x0000000008001da8      0x1b4 Drivers/STM32F3xx_HAL_Driver/Src/stm32f3xx_hal_adc_ex.o
                0x0000000008001da8                HAL_ADC_Start_DMA
 .text.HAL_ADC_ConfigChannel
                0x0000000008001f5c      0x584 Drivers/STM32F3xx_HAL_Driver/Src/stm32f3xx_hal_adc_ex.o
                0x0000000008001f5c                HAL_ADC_ConfigChannel
 .text.ADC_DMAConvCplt
                0x00000000080024e0       0x7a Drivers/STM32F3xx_HAL_Driver/Src/stm32f3xx_hal_adc_ex.o
 .text.ADC_DMAHalfConvCplt
                0x000000000800255a       0x1c Drivers/STM32F3xx_HAL_Driver/Src/stm32f3xx_hal_adc_ex.o
 .text.ADC_DMAError
                0x0000000008002576       0x34 Drivers/STM32F3xx_HAL_Driver/Src/stm32f3xx_hal_adc_ex.o
 *fill*         0x00000000080025aa        0x2 
 .text.ADC_Enable
                0x00000000080025ac       0xbc Drivers/STM32F3xx_HAL_Driver/Src/stm32f3xx_hal_adc_ex.o
 .text.ADC_Disable
                0x0000000008002668       0xbe Drivers/STM32F3xx_HAL_Driver/Src/stm32f3xx_hal_adc_ex.o
 *fill*         0x0000000008002726        0x2 
 .text.__NVIC_SetPriorityGrouping
                0x0000000008002728       0x48 Drivers/STM32F3xx_HAL_Driver/Src/stm32f3xx_hal_cortex.o
 .text.__NVIC_GetPriorityGrouping
                0x0000000008002770       0x1c Drivers/STM32F3xx_HAL_Driver/Src/stm32f3xx_hal_cortex.o
 .text.__NVIC_EnableIRQ
                0x000000000800278c       0x3c Drivers/STM32F3xx_HAL_Driver/Src/stm32f3xx_hal_cortex.o
 .text.__NVIC_SetPriority
                0x00000000080027c8       0x54 Drivers/STM32F3xx_HAL_Driver/Src/stm32f3xx_hal_cortex.o
 .text.NVIC_EncodePriority
                0x000000000800281c       0x66 Drivers/STM32F3xx_HAL_Driver/Src/stm32f3xx_hal_cortex.o
 *fill*         0x0000000008002882        0x2 
 .text.SysTick_Config
                0x0000000008002884       0x44 Drivers/STM32F3xx_HAL_Driver/Src/stm32f3xx_hal_cortex.o
 .text.HAL_NVIC_SetPriorityGrouping
                0x00000000080028c8       0x16 Drivers/STM32F3xx_HAL_Driver/Src/stm32f3xx_hal_cortex.o
                0x00000000080028c8                HAL_NVIC_SetPriorityGrouping
 .text.HAL_NVIC_SetPriority
                0x00000000080028de       0x38 Drivers/STM32F3xx_HAL_Driver/Src/stm32f3xx_hal_cortex.o
                0x00000000080028de                HAL_NVIC_SetPriority
 .text.HAL_NVIC_EnableIRQ
                0x0000000008002916       0x1c Drivers/STM32F3xx_HAL_Driver/Src/stm32f3xx_hal_cortex.o
                0x0000000008002916                HAL_NVIC_EnableIRQ
 .text.HAL_SYSTICK_Config
                0x0000000008002932       0x18 Drivers/STM32F3xx_HAL_Driver/Src/stm32f3xx_hal_cortex.o
                0x0000000008002932                HAL_SYSTICK_Config
 *fill*         0x000000000800294a        0x2 
 .text.HAL_CRC_Init
                0x000000000800294c       0xc8 Drivers/STM32F3xx_HAL_Driver/Src/stm32f3xx_hal_crc.o
                0x000000000800294c                HAL_CRC_Init
 .text.HAL_CRC_Calculate
                0x0000000008002a14       0x92 Drivers/STM32F3xx_HAL_Driver/Src/stm32f3xx_hal_crc.o
                0x0000000008002a14                HAL_CRC_Calculate
 .text.CRC_Handle_8
                0x0000000008002aa6      0x11c Drivers/STM32F3xx_HAL_Driver/Src/stm32f3xx_hal_crc.o
 .text.CRC_Handle_16
                0x0000000008002bc2       0x74 Drivers/STM32F3xx_HAL_Driver/Src/stm32f3xx_hal_crc.o
 *fill*         0x0000000008002c36        0x2 
 .text.HAL_CRCEx_Polynomial_Set
                0x0000000008002c38      0x10c Drivers/STM32F3xx_HAL_Driver/Src/stm32f3xx_hal_crc_ex.o
                0x0000000008002c38                HAL_CRCEx_Polynomial_Set
 .text.HAL_DMA_Init
                0x0000000008002d44       0x8e Drivers/STM32F3xx_HAL_Driver/Src/stm32f3xx_hal_dma.o
                0x0000000008002d44                HAL_DMA_Init
 .text.HAL_DMA_Start_IT
                0x0000000008002dd2       0xbe Drivers/STM32F3xx_HAL_Driver/Src/stm32f3xx_hal_dma.o
                0x0000000008002dd2                HAL_DMA_Start_IT
 .text.HAL_DMA_Abort
                0x0000000008002e90       0x72 Drivers/STM32F3xx_HAL_Driver/Src/stm32f3xx_hal_dma.o
                0x0000000008002e90                HAL_DMA_Abort
 .text.HAL_DMA_Abort_IT
                0x0000000008002f02       0x7c Drivers/STM32F3xx_HAL_Driver/Src/stm32f3xx_hal_dma.o
                0x0000000008002f02                HAL_DMA_Abort_IT
 .text.HAL_DMA_IRQHandler
                0x0000000008002f7e      0x146 Drivers/STM32F3xx_HAL_Driver/Src/stm32f3xx_hal_dma.o
                0x0000000008002f7e                HAL_DMA_IRQHandler
 .text.DMA_SetConfig
                0x00000000080030c4       0x5c Drivers/STM32F3xx_HAL_Driver/Src/stm32f3xx_hal_dma.o
 .text.DMA_CalcBaseAndBitshift
                0x0000000008003120       0x40 Drivers/STM32F3xx_HAL_Driver/Src/stm32f3xx_hal_dma.o
 .text.HAL_GPIO_Init
                0x0000000008003160      0x2e4 Drivers/STM32F3xx_HAL_Driver/Src/stm32f3xx_hal_gpio.o
                0x0000000008003160                HAL_GPIO_Init
 .text.HAL_GPIO_WritePin
                0x0000000008003444       0x30 Drivers/STM32F3xx_HAL_Driver/Src/stm32f3xx_hal_gpio.o
                0x0000000008003444                HAL_GPIO_WritePin
 .text.HAL_GPIO_EXTI_IRQHandler
                0x0000000008003474       0x30 Drivers/STM32F3xx_HAL_Driver/Src/stm32f3xx_hal_gpio.o
                0x0000000008003474                HAL_GPIO_EXTI_IRQHandler
 .text.HAL_IWDG_Init
                0x00000000080034a4       0x8c Drivers/STM32F3xx_HAL_Driver/Src/stm32f3xx_hal_iwdg.o
                0x00000000080034a4                HAL_IWDG_Init
 .text.HAL_IWDG_Refresh
                0x0000000008003530       0x20 Drivers/STM32F3xx_HAL_Driver/Src/stm32f3xx_hal_iwdg.o
                0x0000000008003530                HAL_IWDG_Refresh
 .text.HAL_RCC_OscConfig
                0x0000000008003550      0xe10 Drivers/STM32F3xx_HAL_Driver/Src/stm32f3xx_hal_rcc.o
                0x0000000008003550                HAL_RCC_OscConfig
 .text.HAL_RCC_ClockConfig
                0x0000000008004360      0x2f8 Drivers/STM32F3xx_HAL_Driver/Src/stm32f3xx_hal_rcc.o
                0x0000000008004360                HAL_RCC_ClockConfig
 .text.HAL_RCC_GetSysClockFreq
                0x0000000008004658       0xd4 Drivers/STM32F3xx_HAL_Driver/Src/stm32f3xx_hal_rcc.o
                0x0000000008004658                HAL_RCC_GetSysClockFreq
 .text.HAL_RCC_GetHCLKFreq
                0x000000000800472c       0x18 Drivers/STM32F3xx_HAL_Driver/Src/stm32f3xx_hal_rcc.o
                0x000000000800472c                HAL_RCC_GetHCLKFreq
 .text.HAL_RCC_GetPCLK1Freq
                0x0000000008004744       0x44 Drivers/STM32F3xx_HAL_Driver/Src/stm32f3xx_hal_rcc.o
                0x0000000008004744                HAL_RCC_GetPCLK1Freq
 .text.HAL_RCC_GetPCLK2Freq
                0x0000000008004788       0x44 Drivers/STM32F3xx_HAL_Driver/Src/stm32f3xx_hal_rcc.o
                0x0000000008004788                HAL_RCC_GetPCLK2Freq
 .text.HAL_RCCEx_PeriphCLKConfig
                0x00000000080047cc      0x24c Drivers/STM32F3xx_HAL_Driver/Src/stm32f3xx_hal_rcc_ex.o
                0x00000000080047cc                HAL_RCCEx_PeriphCLKConfig
 .text.HAL_TIM_Base_Init
                0x0000000008004a18       0xae Drivers/STM32F3xx_HAL_Driver/Src/stm32f3xx_hal_tim.o
                0x0000000008004a18                HAL_TIM_Base_Init
 *fill*         0x0000000008004ac6        0x2 
 .text.HAL_TIM_Base_Start_IT
                0x0000000008004ac8       0xb8 Drivers/STM32F3xx_HAL_Driver/Src/stm32f3xx_hal_tim.o
                0x0000000008004ac8                HAL_TIM_Base_Start_IT
 .text.HAL_TIM_PWM_Init
                0x0000000008004b80       0xae Drivers/STM32F3xx_HAL_Driver/Src/stm32f3xx_hal_tim.o
                0x0000000008004b80                HAL_TIM_PWM_Init
 .text.HAL_TIM_PWM_MspInit
                0x0000000008004c2e       0x14 Drivers/STM32F3xx_HAL_Driver/Src/stm32f3xx_hal_tim.o
                0x0000000008004c2e                HAL_TIM_PWM_MspInit
 *fill*         0x0000000008004c42        0x2 
 .text.HAL_TIM_PWM_Start
                0x0000000008004c44      0x1d8 Drivers/STM32F3xx_HAL_Driver/Src/stm32f3xx_hal_tim.o
                0x0000000008004c44                HAL_TIM_PWM_Start
 .text.HAL_TIM_PWM_Start_DMA
                0x0000000008004e1c      0x3fc Drivers/STM32F3xx_HAL_Driver/Src/stm32f3xx_hal_tim.o
                0x0000000008004e1c                HAL_TIM_PWM_Start_DMA
 .text.HAL_TIM_IRQHandler
                0x0000000008005218      0x23e Drivers/STM32F3xx_HAL_Driver/Src/stm32f3xx_hal_tim.o
                0x0000000008005218                HAL_TIM_IRQHandler
 *fill*         0x0000000008005456        0x2 
 .text.HAL_TIM_PWM_ConfigChannel
                0x0000000008005458      0x220 Drivers/STM32F3xx_HAL_Driver/Src/stm32f3xx_hal_tim.o
                0x0000000008005458                HAL_TIM_PWM_ConfigChannel
 .text.HAL_TIM_ConfigClockSource
                0x0000000008005678      0x172 Drivers/STM32F3xx_HAL_Driver/Src/stm32f3xx_hal_tim.o
                0x0000000008005678                HAL_TIM_ConfigClockSource
 .text.HAL_TIM_OC_DelayElapsedCallback
                0x00000000080057ea       0x14 Drivers/STM32F3xx_HAL_Driver/Src/stm32f3xx_hal_tim.o
                0x00000000080057ea                HAL_TIM_OC_DelayElapsedCallback
 .text.HAL_TIM_IC_CaptureCallback
                0x00000000080057fe       0x14 Drivers/STM32F3xx_HAL_Driver/Src/stm32f3xx_hal_tim.o
                0x00000000080057fe                HAL_TIM_IC_CaptureCallback
 .text.HAL_TIM_PWM_PulseFinishedCallback
                0x0000000008005812       0x14 Drivers/STM32F3xx_HAL_Driver/Src/stm32f3xx_hal_tim.o
                0x0000000008005812                HAL_TIM_PWM_PulseFinishedCallback
 .text.HAL_TIM_PWM_PulseFinishedHalfCpltCallback
                0x0000000008005826       0x14 Drivers/STM32F3xx_HAL_Driver/Src/stm32f3xx_hal_tim.o
                0x0000000008005826                HAL_TIM_PWM_PulseFinishedHalfCpltCallback
 .text.HAL_TIM_TriggerCallback
                0x000000000800583a       0x14 Drivers/STM32F3xx_HAL_Driver/Src/stm32f3xx_hal_tim.o
                0x000000000800583a                HAL_TIM_TriggerCallback
 .text.HAL_TIM_ErrorCallback
                0x000000000800584e       0x14 Drivers/STM32F3xx_HAL_Driver/Src/stm32f3xx_hal_tim.o
                0x000000000800584e                HAL_TIM_ErrorCallback
 .text.TIM_DMAError
                0x0000000008005862       0x92 Drivers/STM32F3xx_HAL_Driver/Src/stm32f3xx_hal_tim.o
                0x0000000008005862                TIM_DMAError
 .text.TIM_DMADelayPulseCplt
                0x00000000080058f4       0xa8 Drivers/STM32F3xx_HAL_Driver/Src/stm32f3xx_hal_tim.o
 .text.TIM_DMADelayPulseHalfCplt
                0x000000000800599c       0x68 Drivers/STM32F3xx_HAL_Driver/Src/stm32f3xx_hal_tim.o
                0x000000000800599c                TIM_DMADelayPulseHalfCplt
 .text.TIM_Base_SetConfig
                0x0000000008005a04       0xf0 Drivers/STM32F3xx_HAL_Driver/Src/stm32f3xx_hal_tim.o
                0x0000000008005a04                TIM_Base_SetConfig
 .text.TIM_OC1_SetConfig
                0x0000000008005af4      0x10c Drivers/STM32F3xx_HAL_Driver/Src/stm32f3xx_hal_tim.o
 .text.TIM_OC2_SetConfig
                0x0000000008005c00      0x100 Drivers/STM32F3xx_HAL_Driver/Src/stm32f3xx_hal_tim.o
                0x0000000008005c00                TIM_OC2_SetConfig
 .text.TIM_OC3_SetConfig
                0x0000000008005d00       0xfc Drivers/STM32F3xx_HAL_Driver/Src/stm32f3xx_hal_tim.o
 .text.TIM_OC4_SetConfig
                0x0000000008005dfc       0xc8 Drivers/STM32F3xx_HAL_Driver/Src/stm32f3xx_hal_tim.o
 .text.TIM_OC5_SetConfig
                0x0000000008005ec4       0xbc Drivers/STM32F3xx_HAL_Driver/Src/stm32f3xx_hal_tim.o
 .text.TIM_OC6_SetConfig
                0x0000000008005f80       0xc0 Drivers/STM32F3xx_HAL_Driver/Src/stm32f3xx_hal_tim.o
 .text.TIM_TI1_ConfigInputStage
                0x0000000008006040       0x5e Drivers/STM32F3xx_HAL_Driver/Src/stm32f3xx_hal_tim.o
 .text.TIM_TI2_ConfigInputStage
                0x000000000800609e       0x60 Drivers/STM32F3xx_HAL_Driver/Src/stm32f3xx_hal_tim.o
 .text.TIM_ITRx_SetConfig
                0x00000000080060fe       0x36 Drivers/STM32F3xx_HAL_Driver/Src/stm32f3xx_hal_tim.o
 .text.TIM_ETR_SetConfig
                0x0000000008006134       0x40 Drivers/STM32F3xx_HAL_Driver/Src/stm32f3xx_hal_tim.o
                0x0000000008006134                TIM_ETR_SetConfig
 .text.TIM_CCxChannelCmd
                0x0000000008006174       0x4a Drivers/STM32F3xx_HAL_Driver/Src/stm32f3xx_hal_tim.o
                0x0000000008006174                TIM_CCxChannelCmd
 *fill*         0x00000000080061be        0x2 
 .text.HAL_TIMEx_MasterConfigSynchronization
                0x00000000080061c0       0xdc Drivers/STM32F3xx_HAL_Driver/Src/stm32f3xx_hal_tim_ex.o
                0x00000000080061c0                HAL_TIMEx_MasterConfigSynchronization
 .text.HAL_TIMEx_ConfigBreakDeadTime
                0x000000000800629c       0xf0 Drivers/STM32F3xx_HAL_Driver/Src/stm32f3xx_hal_tim_ex.o
                0x000000000800629c                HAL_TIMEx_ConfigBreakDeadTime
 .text.HAL_TIMEx_CommutCallback
                0x000000000800638c       0x14 Drivers/STM32F3xx_HAL_Driver/Src/stm32f3xx_hal_tim_ex.o
                0x000000000800638c                HAL_TIMEx_CommutCallback
 .text.HAL_TIMEx_BreakCallback
                0x00000000080063a0       0x14 Drivers/STM32F3xx_HAL_Driver/Src/stm32f3xx_hal_tim_ex.o
                0x00000000080063a0                HAL_TIMEx_BreakCallback
 .text.HAL_TIMEx_Break2Callback
                0x00000000080063b4       0x14 Drivers/STM32F3xx_HAL_Driver/Src/stm32f3xx_hal_tim_ex.o
                0x00000000080063b4                HAL_TIMEx_Break2Callback
 .text.HAL_UART_Init
                0x00000000080063c8       0x9c Drivers/STM32F3xx_HAL_Driver/Src/stm32f3xx_hal_uart.o
                0x00000000080063c8                HAL_UART_Init
 .text.HAL_UART_Transmit
                0x0000000008006464      0x128 Drivers/STM32F3xx_HAL_Driver/Src/stm32f3xx_hal_uart.o
                0x0000000008006464                HAL_UART_Transmit
 .text.HAL_UART_Receive_DMA
                0x000000000800658c       0x7a Drivers/STM32F3xx_HAL_Driver/Src/stm32f3xx_hal_uart.o
                0x000000000800658c                HAL_UART_Receive_DMA
 *fill*         0x0000000008006606        0x2 
 .text.HAL_UART_IRQHandler
                0x0000000008006608      0x400 Drivers/STM32F3xx_HAL_Driver/Src/stm32f3xx_hal_uart.o
                0x0000000008006608                HAL_UART_IRQHandler
 .text.HAL_UART_TxCpltCallback
                0x0000000008006a08       0x14 Drivers/STM32F3xx_HAL_Driver/Src/stm32f3xx_hal_uart.o
                0x0000000008006a08                HAL_UART_TxCpltCallback
 .text.HAL_UART_RxHalfCpltCallback
                0x0000000008006a1c       0x14 Drivers/STM32F3xx_HAL_Driver/Src/stm32f3xx_hal_uart.o
                0x0000000008006a1c                HAL_UART_RxHalfCpltCallback
 .text.HAL_UART_ErrorCallback
                0x0000000008006a30       0x14 Drivers/STM32F3xx_HAL_Driver/Src/stm32f3xx_hal_uart.o
                0x0000000008006a30                HAL_UART_ErrorCallback
 .text.HAL_UARTEx_RxEventCallback
                0x0000000008006a44       0x18 Drivers/STM32F3xx_HAL_Driver/Src/stm32f3xx_hal_uart.o
                0x0000000008006a44                HAL_UARTEx_RxEventCallback
 .text.UART_SetConfig
                0x0000000008006a5c      0x270 Drivers/STM32F3xx_HAL_Driver/Src/stm32f3xx_hal_uart.o
                0x0000000008006a5c                UART_SetConfig
 .text.UART_AdvFeatureConfig
                0x0000000008006ccc      0x144 Drivers/STM32F3xx_HAL_Driver/Src/stm32f3xx_hal_uart.o
                0x0000000008006ccc                UART_AdvFeatureConfig
 .text.UART_CheckIdleState
                0x0000000008006e10       0x92 Drivers/STM32F3xx_HAL_Driver/Src/stm32f3xx_hal_uart.o
                0x0000000008006e10                UART_CheckIdleState
 .text.UART_WaitOnFlagUntilTimeout
                0x0000000008006ea2       0xf8 Drivers/STM32F3xx_HAL_Driver/Src/stm32f3xx_hal_uart.o
                0x0000000008006ea2                UART_WaitOnFlagUntilTimeout
 *fill*         0x0000000008006f9a        0x2 
 .text.UART_Start_Receive_DMA
                0x0000000008006f9c       0xd8 Drivers/STM32F3xx_HAL_Driver/Src/stm32f3xx_hal_uart.o
                0x0000000008006f9c                UART_Start_Receive_DMA
 .text.UART_EndTxTransfer
                0x0000000008007074       0x2a Drivers/STM32F3xx_HAL_Driver/Src/stm32f3xx_hal_uart.o
 .text.UART_EndRxTransfer
                0x000000000800709e       0x5e Drivers/STM32F3xx_HAL_Driver/Src/stm32f3xx_hal_uart.o
 .text.UART_DMAReceiveCplt
                0x00000000080070fc       0x92 Drivers/STM32F3xx_HAL_Driver/Src/stm32f3xx_hal_uart.o
 .text.UART_DMARxHalfCplt
                0x000000000800718e       0x38 Drivers/STM32F3xx_HAL_Driver/Src/stm32f3xx_hal_uart.o
 .text.UART_DMAError
                0x00000000080071c6       0x7c Drivers/STM32F3xx_HAL_Driver/Src/stm32f3xx_hal_uart.o
 .text.UART_DMAAbortOnError
                0x0000000008007242       0x2c Drivers/STM32F3xx_HAL_Driver/Src/stm32f3xx_hal_uart.o
 .text.UART_EndTransmit_IT
                0x000000000800726e       0x32 Drivers/STM32F3xx_HAL_Driver/Src/stm32f3xx_hal_uart.o
 .text.HAL_UARTEx_WakeupCallback
                0x00000000080072a0       0x14 Drivers/STM32F3xx_HAL_Driver/Src/stm32f3xx_hal_uart_ex.o
                0x00000000080072a0                HAL_UARTEx_WakeupCallback
 .text.energyflow_init
                0x00000000080072b4       0x3c Hydrogreen/Energy_flow.o
                0x00000000080072b4                energyflow_init
 .text.fans_init
                0x00000000080072f0       0x1c Hydrogreen/fans.o
                0x00000000080072f0                fans_init
 .text.fansStep
                0x000000000800730c        0xc Hydrogreen/fans.o
                0x000000000800730c                fansStep
 .text.doCalculations
                0x0000000008007318       0x80 Hydrogreen/fans.o
 .text.HAL_GPIO_EXTI_Callback
                0x0000000008007398       0x48 Hydrogreen/fans.o
                0x0000000008007398                HAL_GPIO_EXTI_Callback
 .text.hydrogreen_init
                0x00000000080073e0       0x24 Hydrogreen/hydrogreen.o
 .text.hydrogreen_step1kHz
                0x0000000008007404       0x18 Hydrogreen/hydrogreen.o
 .text.hydrogreen_step10kHz
                0x000000000800741c        0xc Hydrogreen/hydrogreen.o
 .text.hydrogreen_main
                0x0000000008007428       0x44 Hydrogreen/hydrogreen.o
                0x0000000008007428                hydrogreen_main
 .text.hydrogreen_hardFault
                0x000000000800746c        0xe Hydrogreen/hydrogreen.o
                0x000000000800746c                hydrogreen_hardFault
 *fill*         0x000000000800747a        0x2 
 .text.adc_init
                0x000000000800747c       0x1c Hydrogreen/measurements.o
                0x000000000800747c                adc_init
 .text.calculateValues
                0x0000000008007498       0xf4 Hydrogreen/measurements.o
 .text.adc_step
                0x000000000800758c        0xc Hydrogreen/measurements.o
                0x000000000800758c                adc_step
 .text.motor_init
                0x0000000008007598       0x20 Hydrogreen/motor.o
                0x0000000008007598                motor_init
 .text.PIDstep  0x00000000080075b8      0x160 Hydrogreen/pidController.o
                0x00000000080075b8                PIDstep
 .text.rs485_init
                0x0000000008007718       0x20 Hydrogreen/rs485.o
                0x0000000008007718                rs485_init
 .text.rs485_step
                0x0000000008007738       0x10 Hydrogreen/rs485.o
                0x0000000008007738                rs485_step
 .text.sendData
                0x0000000008007748       0x78 Hydrogreen/rs485.o
 .text.receiveData
                0x00000000080077c0       0xd4 Hydrogreen/rs485.o
 .text.HAL_UART_RxCpltCallback
                0x0000000008007894       0x68 Hydrogreen/rs485.o
                0x0000000008007894                HAL_UART_RxCpltCallback
 .text.prepareNewDataToSend
                0x00000000080078fc      0x16c Hydrogreen/rs485.o
 .text.processReceivedData
                0x0000000008007a68       0x60 Hydrogreen/rs485.o
 .text.resetActData
                0x0000000008007ac8       0x2c Hydrogreen/rs485.o
 .text.timers_init
                0x0000000008007af4       0x1c Hydrogreen/timers.o
                0x0000000008007af4                timers_init
 .text.timers_step
                0x0000000008007b10       0x18 Hydrogreen/timers.o
 .text.setSystemOperatingTime
                0x0000000008007b28       0x88 Hydrogreen/timers.o
 .text.timers_beforeStep1kHz
                0x0000000008007bb0       0x18 Hydrogreen/timers.o
                0x0000000008007bb0                timers_beforeStep1kHz
 .text.timers_afterStep1kHz
                0x0000000008007bc8       0xd0 Hydrogreen/timers.o
                0x0000000008007bc8                timers_afterStep1kHz
 .text.HAL_SYSTICK_Callback
                0x0000000008007c98        0xc Hydrogreen/timers.o
                0x0000000008007c98                HAL_SYSTICK_Callback
 .text.HAL_TIM_PeriodElapsedCallback
                0x0000000008007ca4       0x48 Hydrogreen/timers.o
                0x0000000008007ca4                HAL_TIM_PeriodElapsedCallback
 .text.watchdog_init
                0x0000000008007cec      0x1a8 Hydrogreen/watchdog.o
                0x0000000008007cec                watchdog_init
 .text.watchdog_step
                0x0000000008007e94       0x14 Hydrogreen/watchdog.o
                0x0000000008007e94                watchdog_step
 .text.__libc_init_array
                0x0000000008007ea8       0x48 d:/program files/stm32cubeide_1.4.0/stm32cubeide/plugins/com.st.stm32cube.ide.mcu.externaltools.gnu-tools-for-stm32.7-2018-q2-update.win32_1.5.0.202011040924/tools/bin/../lib/gcc/arm-none-eabi/7.3.1/../../../../arm-none-eabi/lib/thumb/v7e-m/fpv4-sp/hard\libc_nano.a(lib_a-init.o)
                0x0000000008007ea8                __libc_init_array
 .text.memset   0x0000000008007ef0       0x10 d:/program files/stm32cubeide_1.4.0/stm32cubeide/plugins/com.st.stm32cube.ide.mcu.externaltools.gnu-tools-for-stm32.7-2018-q2-update.win32_1.5.0.202011040924/tools/bin/../lib/gcc/arm-none-eabi/7.3.1/../../../../arm-none-eabi/lib/thumb/v7e-m/fpv4-sp/hard\libc_nano.a(lib_a-memset.o)
                0x0000000008007ef0                memset
 *(.glue_7)
 .glue_7        0x0000000008007f00        0x0 linker stubs
 *(.glue_7t)
 .glue_7t       0x0000000008007f00        0x0 linker stubs
 *(.eh_frame)
 .eh_frame      0x0000000008007f00        0x0 d:/program files/stm32cubeide_1.4.0/stm32cubeide/plugins/com.st.stm32cube.ide.mcu.externaltools.gnu-tools-for-stm32.7-2018-q2-update.win32_1.5.0.202011040924/tools/bin/../lib/gcc/arm-none-eabi/7.3.1/thumb/v7e-m/fpv4-sp/hard/crtbegin.o
 *(.init)
 .init          0x0000000008007f00        0x4 d:/program files/stm32cubeide_1.4.0/stm32cubeide/plugins/com.st.stm32cube.ide.mcu.externaltools.gnu-tools-for-stm32.7-2018-q2-update.win32_1.5.0.202011040924/tools/bin/../lib/gcc/arm-none-eabi/7.3.1/thumb/v7e-m/fpv4-sp/hard/crti.o
                0x0000000008007f00                _init
 .init          0x0000000008007f04        0x8 d:/program files/stm32cubeide_1.4.0/stm32cubeide/plugins/com.st.stm32cube.ide.mcu.externaltools.gnu-tools-for-stm32.7-2018-q2-update.win32_1.5.0.202011040924/tools/bin/../lib/gcc/arm-none-eabi/7.3.1/thumb/v7e-m/fpv4-sp/hard/crtn.o
 *(.fini)
 .fini          0x0000000008007f0c        0x4 d:/program files/stm32cubeide_1.4.0/stm32cubeide/plugins/com.st.stm32cube.ide.mcu.externaltools.gnu-tools-for-stm32.7-2018-q2-update.win32_1.5.0.202011040924/tools/bin/../lib/gcc/arm-none-eabi/7.3.1/thumb/v7e-m/fpv4-sp/hard/crti.o
                0x0000000008007f0c                _fini
 .fini          0x0000000008007f10        0x8 d:/program files/stm32cubeide_1.4.0/stm32cubeide/plugins/com.st.stm32cube.ide.mcu.externaltools.gnu-tools-for-stm32.7-2018-q2-update.win32_1.5.0.202011040924/tools/bin/../lib/gcc/arm-none-eabi/7.3.1/thumb/v7e-m/fpv4-sp/hard/crtn.o
                0x0000000008007f18                . = ALIGN (0x4)
                0x0000000008007f18                _etext = .

.vfp11_veneer   0x0000000008007f18        0x0
 .vfp11_veneer  0x0000000008007f18        0x0 linker stubs

.v4_bx          0x0000000008007f18        0x0
 .v4_bx         0x0000000008007f18        0x0 linker stubs

.iplt           0x0000000008007f18        0x0
 .iplt          0x0000000008007f18        0x0 d:/program files/stm32cubeide_1.4.0/stm32cubeide/plugins/com.st.stm32cube.ide.mcu.externaltools.gnu-tools-for-stm32.7-2018-q2-update.win32_1.5.0.202011040924/tools/bin/../lib/gcc/arm-none-eabi/7.3.1/thumb/v7e-m/fpv4-sp/hard/crtbegin.o

.rodata         0x0000000008007f18       0x38
                0x0000000008007f18                . = ALIGN (0x4)
 *(.rodata)
 *(.rodata*)
 .rodata.AHBPrescTable
                0x0000000008007f18       0x10 Core/Src/system_stm32f3xx.o
                0x0000000008007f18                AHBPrescTable
 .rodata.APBPrescTable
                0x0000000008007f28        0x8 Core/Src/system_stm32f3xx.o
                0x0000000008007f28                APBPrescTable
 .rodata.aPLLMULFactorTable
                0x0000000008007f30       0x10 Drivers/STM32F3xx_HAL_Driver/Src/stm32f3xx_hal_rcc.o
                0x0000000008007f30                aPLLMULFactorTable
 .rodata.aPredivFactorTable
                0x0000000008007f40       0x10 Drivers/STM32F3xx_HAL_Driver/Src/stm32f3xx_hal_rcc.o
                0x0000000008007f40                aPredivFactorTable
                0x0000000008007f50                . = ALIGN (0x4)

.rel.dyn        0x0000000008007f50        0x0
 .rel.iplt      0x0000000008007f50        0x0 d:/program files/stm32cubeide_1.4.0/stm32cubeide/plugins/com.st.stm32cube.ide.mcu.externaltools.gnu-tools-for-stm32.7-2018-q2-update.win32_1.5.0.202011040924/tools/bin/../lib/gcc/arm-none-eabi/7.3.1/thumb/v7e-m/fpv4-sp/hard/crtbegin.o

.ARM.extab      0x0000000008007f50        0x0
                0x0000000008007f50                . = ALIGN (0x4)
 *(.ARM.extab* .gnu.linkonce.armextab.*)
                0x0000000008007f50                . = ALIGN (0x4)

.ARM            0x0000000008007f50        0x0
                0x0000000008007f50                . = ALIGN (0x4)
                0x0000000008007f50                __exidx_start = .
 *(.ARM.exidx*)
                0x0000000008007f50                __exidx_end = .
                0x0000000008007f50                . = ALIGN (0x4)

.preinit_array  0x0000000008007f50        0x0
                0x0000000008007f50                . = ALIGN (0x4)
                0x0000000008007f50                PROVIDE (__preinit_array_start = .)
 *(.preinit_array*)
                0x0000000008007f50                PROVIDE (__preinit_array_end = .)
                0x0000000008007f50                . = ALIGN (0x4)

.init_array     0x0000000008007f50        0x4
                0x0000000008007f50                . = ALIGN (0x4)
                0x0000000008007f50                PROVIDE (__init_array_start = .)
 *(SORT_BY_NAME(.init_array.*))
 *(.init_array*)
 .init_array    0x0000000008007f50        0x4 d:/program files/stm32cubeide_1.4.0/stm32cubeide/plugins/com.st.stm32cube.ide.mcu.externaltools.gnu-tools-for-stm32.7-2018-q2-update.win32_1.5.0.202011040924/tools/bin/../lib/gcc/arm-none-eabi/7.3.1/thumb/v7e-m/fpv4-sp/hard/crtbegin.o
                0x0000000008007f54                PROVIDE (__init_array_end = .)
                0x0000000008007f54                . = ALIGN (0x4)

.fini_array     0x0000000008007f54        0x4
                0x0000000008007f54                . = ALIGN (0x4)
                [!provide]                        PROVIDE (__fini_array_start = .)
 *(SORT_BY_NAME(.fini_array.*))
 *(.fini_array*)
 .fini_array    0x0000000008007f54        0x4 d:/program files/stm32cubeide_1.4.0/stm32cubeide/plugins/com.st.stm32cube.ide.mcu.externaltools.gnu-tools-for-stm32.7-2018-q2-update.win32_1.5.0.202011040924/tools/bin/../lib/gcc/arm-none-eabi/7.3.1/thumb/v7e-m/fpv4-sp/hard/crtbegin.o
                [!provide]                        PROVIDE (__fini_array_end = .)
                0x0000000008007f58                . = ALIGN (0x4)
                0x0000000008007f58                _sidata = LOADADDR (.data)

.data           0x0000000020000000       0x14 load address 0x0000000008007f58
                0x0000000020000000                . = ALIGN (0x4)
                0x0000000020000000                _sdata = .
 *(.data)
 *(.data*)
 .data.SystemCoreClock
                0x0000000020000000        0x4 Core/Src/system_stm32f3xx.o
                0x0000000020000000                SystemCoreClock
 .data.uwTickPrio
                0x0000000020000004        0x4 Drivers/STM32F3xx_HAL_Driver/Src/stm32f3xx_hal.o
                0x0000000020000004                uwTickPrio
 .data.uwTickFreq
                0x0000000020000008        0x1 Drivers/STM32F3xx_HAL_Driver/Src/stm32f3xx_hal.o
                0x0000000020000008                uwTickFreq
 *fill*         0x0000000020000009        0x3 
 .data.setTemp  0x000000002000000c        0x4 Hydrogreen/pidController.o
                0x000000002000000c                setTemp
 .data.Kp       0x0000000020000010        0x1 Hydrogreen/pidController.o
                0x0000000020000010                Kp
 .data.Ki       0x0000000020000011        0x1 Hydrogreen/pidController.o
                0x0000000020000011                Ki
 .data.Kd       0x0000000020000012        0x1 Hydrogreen/pidController.o
                0x0000000020000012                Kd
 .data.rs485_flt
                0x0000000020000013        0x1 Hydrogreen/rs485.o
                0x0000000020000013                rs485_flt
 *(.RamFunc)
 *(.RamFunc*)
                0x0000000020000014                . = ALIGN (0x4)
                0x0000000020000014                _edata = .

.igot.plt       0x0000000020000014        0x0 load address 0x0000000008007f6c
 .igot.plt      0x0000000020000014        0x0 d:/program files/stm32cubeide_1.4.0/stm32cubeide/plugins/com.st.stm32cube.ide.mcu.externaltools.gnu-tools-for-stm32.7-2018-q2-update.win32_1.5.0.202011040924/tools/bin/../lib/gcc/arm-none-eabi/7.3.1/thumb/v7e-m/fpv4-sp/hard/crtbegin.o
                0x0000000020000014                . = ALIGN (0x4)

.bss            0x0000000020000014      0x460 load address 0x0000000008007f6c
                0x0000000020000014                _sbss = .
                0x0000000020000014                __bss_start__ = _sbss
 *(.bss)
 .bss           0x0000000020000014       0x1c d:/program files/stm32cubeide_1.4.0/stm32cubeide/plugins/com.st.stm32cube.ide.mcu.externaltools.gnu-tools-for-stm32.7-2018-q2-update.win32_1.5.0.202011040924/tools/bin/../lib/gcc/arm-none-eabi/7.3.1/thumb/v7e-m/fpv4-sp/hard/crtbegin.o
 *(.bss*)
 .bss.a         0x0000000020000030        0x1 Core/Src/main.o
                0x0000000020000030                a
 .bss.sampleTime
                0x0000000020000031        0x1 Hydrogreen/fans.o
 .bss.pulses_1  0x0000000020000032        0x1 Hydrogreen/fans.o
 .bss.pulses_2  0x0000000020000033        0x1 Hydrogreen/fans.o
 .bss.fcTemp    0x0000000020000034        0x4 Hydrogreen/pidController.o
                0x0000000020000034                fcTemp
 .bss.error     0x0000000020000038        0x4 Hydrogreen/pidController.o
                0x0000000020000038                error
 .bss.iError    0x000000002000003c        0x4 Hydrogreen/pidController.o
                0x000000002000003c                iError
 .bss.dError    0x0000000020000040        0x4 Hydrogreen/pidController.o
                0x0000000020000040                dError
 .bss.lastError
                0x0000000020000044        0x4 Hydrogreen/pidController.o
                0x0000000020000044                lastError
 .bss.value     0x0000000020000048        0x4 Hydrogreen/pidController.o
 .bss.dataFromRx
                0x000000002000004c        0x6 Hydrogreen/rs485.o
 .bss.posInRxTab
                0x0000000020000052        0x2 Hydrogreen/rs485.o
 .bss.intRxCplt
                0x0000000020000054        0x1 Hydrogreen/rs485.o
 *fill*         0x0000000020000055        0x3 
 .bss.dataToTx  0x0000000020000058       0x15 Hydrogreen/rs485.o
 *fill*         0x000000002000006d        0x1 
 .bss.posInTxTab
                0x000000002000006e        0x2 Hydrogreen/rs485.o
 .bss.emergency
                0x0000000020000070        0x1 Hydrogreen/rs485.o
                0x0000000020000070                emergency
 *fill*         0x0000000020000071        0x3 
 .bss.RS485_BUFF
                0x0000000020000074        0x2 Hydrogreen/rs485.o
 .bss.cntEndOfTxTick.8408
                0x0000000020000076        0x2 Hydrogreen/rs485.o
 .bss.cntEndOfRxTick.8413
                0x0000000020000078        0x4 Hydrogreen/rs485.o
 .bss.rejectedFramesInRow.8412
                0x000000002000007c        0x4 Hydrogreen/rs485.o
 .bss.timers_sysCycle100kHzCnt
                0x0000000020000080        0x4 Hydrogreen/timers.o
 .bss.initFlag.8397
                0x0000000020000084        0x1 Hydrogreen/timers.o
 *fill*         0x0000000020000085        0x3 
 .bss.actSysCyclePeriod.8398
                0x0000000020000088        0x4 Hydrogreen/timers.o
 .bss.avgCnt.8400
                0x000000002000008c        0x2 Hydrogreen/timers.o
 *fill*         0x000000002000008e        0x2 
 .bss.avgSysCyclePeriodSum.8399
                0x0000000020000090        0x4 Hydrogreen/timers.o
 *(COMMON)
 COMMON         0x0000000020000094       0x94 Core/Src/adc.o
                0x0000000020000094                hadc2
                0x00000000200000e4                hdma_adc2
 COMMON         0x0000000020000128       0x24 Core/Src/crc.o
                0x0000000020000128                hcrc
 COMMON         0x000000002000014c       0x10 Core/Src/iwdg.o
                0x000000002000014c                hiwdg
 COMMON         0x000000002000015c      0x204 Core/Src/tim.o
                0x000000002000015c                hdma_tim1_ch1
                0x00000000200001a0                hdma_tim2_ch1
                0x00000000200001e4                htim3
                0x0000000020000230                htim6
                0x000000002000027c                htim1
                0x00000000200002c8                htim2
                0x0000000020000314                htim7
 COMMON         0x0000000020000360       0xc8 Core/Src/usart.o
                0x0000000020000360                hdma_usart2_rx
                0x00000000200003a4                huart2
 COMMON         0x0000000020000428        0x4 Drivers/STM32F3xx_HAL_Driver/Src/stm32f3xx_hal.o
                0x0000000020000428                uwTick
 COMMON         0x000000002000042c        0x4 Hydrogreen/Energy_flow.o
                0x000000002000042c                hydros
 COMMON         0x0000000020000430        0x8 Hydrogreen/fans.o
                0x0000000020000430                FANS
 COMMON         0x0000000020000438       0x18 Hydrogreen/measurements.o
                0x0000000020000438                VALUES
                0x0000000020000448                adcDataToCalculate
 COMMON         0x0000000020000450        0x4 Hydrogreen/rs485.o
                0x0000000020000450                RS485_RX_VERIFIED_DATA
 COMMON         0x0000000020000454       0x1c Hydrogreen/timers.o
                0x0000000020000454                timers_tick10kHz
                0x0000000020000456                timers_mainTimeMiliseconds
                0x0000000020000458                timers_tick1kHz
                0x0000000020000459                timers_mainTimeHours
                0x000000002000045c                timers_maxSysCyclePeriod
                0x0000000020000460                timers_mainTimeMinutes
                0x0000000020000464                timers_minSysCyclePeriod
                0x0000000020000468                timers_mainTimeSeconds
                0x000000002000046c                timers_avgSysCyclePeriod
 COMMON         0x0000000020000470        0x1 Hydrogreen/watchdog.o
                0x0000000020000470                watchdog_flt
                0x0000000020000474                . = ALIGN (0x4)
 *fill*         0x0000000020000471        0x3 
                0x0000000020000474                _ebss = .
                0x0000000020000474                __bss_end__ = _ebss

._user_heap_stack
                0x0000000020000474      0x604 load address 0x0000000008007f6c
                0x0000000020000478                . = ALIGN (0x8)
 *fill*         0x0000000020000474        0x4 
                [!provide]                        PROVIDE (end = .)
                0x0000000020000478                PROVIDE (_end = .)
                0x0000000020000678                . = (. + _Min_Heap_Size)
 *fill*         0x0000000020000478      0x200 
                0x0000000020000a78                . = (. + _Min_Stack_Size)
 *fill*         0x0000000020000678      0x400 
                0x0000000020000a78                . = ALIGN (0x8)

/DISCARD/
 libc.a(*)
 libm.a(*)
 libgcc.a(*)

.ARM.attributes
                0x0000000000000000       0x30
 *(.ARM.attributes)
 .ARM.attributes
                0x0000000000000000       0x22 d:/program files/stm32cubeide_1.4.0/stm32cubeide/plugins/com.st.stm32cube.ide.mcu.externaltools.gnu-tools-for-stm32.7-2018-q2-update.win32_1.5.0.202011040924/tools/bin/../lib/gcc/arm-none-eabi/7.3.1/thumb/v7e-m/fpv4-sp/hard/crti.o
 .ARM.attributes
                0x0000000000000022       0x34 d:/program files/stm32cubeide_1.4.0/stm32cubeide/plugins/com.st.stm32cube.ide.mcu.externaltools.gnu-tools-for-stm32.7-2018-q2-update.win32_1.5.0.202011040924/tools/bin/../lib/gcc/arm-none-eabi/7.3.1/thumb/v7e-m/fpv4-sp/hard/crtbegin.o
 .ARM.attributes
                0x0000000000000056       0x39 Core/Src/adc.o
 .ARM.attributes
                0x000000000000008f       0x39 Core/Src/crc.o
 .ARM.attributes
                0x00000000000000c8       0x39 Core/Src/dma.o
 .ARM.attributes
                0x0000000000000101       0x39 Core/Src/gpio.o
 .ARM.attributes
                0x000000000000013a       0x39 Core/Src/iwdg.o
 .ARM.attributes
                0x0000000000000173       0x39 Core/Src/main.o
 .ARM.attributes
                0x00000000000001ac       0x39 Core/Src/stm32f3xx_hal_msp.o
 .ARM.attributes
                0x00000000000001e5       0x39 Core/Src/stm32f3xx_it.o
 .ARM.attributes
                0x000000000000021e       0x39 Core/Src/system_stm32f3xx.o
 .ARM.attributes
                0x0000000000000257       0x39 Core/Src/tim.o
 .ARM.attributes
                0x0000000000000290       0x39 Core/Src/usart.o
 .ARM.attributes
                0x00000000000002c9       0x21 Core/Startup/startup_stm32f303k8tx.o
 .ARM.attributes
                0x00000000000002ea       0x39 Drivers/STM32F3xx_HAL_Driver/Src/stm32f3xx_hal.o
 .ARM.attributes
                0x0000000000000323       0x39 Drivers/STM32F3xx_HAL_Driver/Src/stm32f3xx_hal_adc.o
 .ARM.attributes
                0x000000000000035c       0x39 Drivers/STM32F3xx_HAL_Driver/Src/stm32f3xx_hal_adc_ex.o
 .ARM.attributes
                0x0000000000000395       0x39 Drivers/STM32F3xx_HAL_Driver/Src/stm32f3xx_hal_cortex.o
 .ARM.attributes
                0x00000000000003ce       0x39 Drivers/STM32F3xx_HAL_Driver/Src/stm32f3xx_hal_crc.o
 .ARM.attributes
                0x0000000000000407       0x39 Drivers/STM32F3xx_HAL_Driver/Src/stm32f3xx_hal_crc_ex.o
 .ARM.attributes
                0x0000000000000440       0x39 Drivers/STM32F3xx_HAL_Driver/Src/stm32f3xx_hal_dma.o
 .ARM.attributes
                0x0000000000000479       0x39 Drivers/STM32F3xx_HAL_Driver/Src/stm32f3xx_hal_gpio.o
 .ARM.attributes
                0x00000000000004b2       0x39 Drivers/STM32F3xx_HAL_Driver/Src/stm32f3xx_hal_iwdg.o
 .ARM.attributes
                0x00000000000004eb       0x39 Drivers/STM32F3xx_HAL_Driver/Src/stm32f3xx_hal_rcc.o
 .ARM.attributes
                0x0000000000000524       0x39 Drivers/STM32F3xx_HAL_Driver/Src/stm32f3xx_hal_rcc_ex.o
 .ARM.attributes
                0x000000000000055d       0x39 Drivers/STM32F3xx_HAL_Driver/Src/stm32f3xx_hal_tim.o
 .ARM.attributes
                0x0000000000000596       0x39 Drivers/STM32F3xx_HAL_Driver/Src/stm32f3xx_hal_tim_ex.o
 .ARM.attributes
                0x00000000000005cf       0x39 Drivers/STM32F3xx_HAL_Driver/Src/stm32f3xx_hal_uart.o
 .ARM.attributes
                0x0000000000000608       0x39 Drivers/STM32F3xx_HAL_Driver/Src/stm32f3xx_hal_uart_ex.o
 .ARM.attributes
                0x0000000000000641       0x39 Hydrogreen/Energy_flow.o
 .ARM.attributes
                0x000000000000067a       0x39 Hydrogreen/fans.o
 .ARM.attributes
                0x00000000000006b3       0x39 Hydrogreen/hydrogreen.o
 .ARM.attributes
                0x00000000000006ec       0x39 Hydrogreen/measurements.o
 .ARM.attributes
                0x0000000000000725       0x39 Hydrogreen/motor.o
 .ARM.attributes
                0x000000000000075e       0x39 Hydrogreen/pidController.o
 .ARM.attributes
                0x0000000000000797       0x39 Hydrogreen/rs485.o
 .ARM.attributes
                0x00000000000007d0       0x39 Hydrogreen/timers.o
 .ARM.attributes
                0x0000000000000809       0x39 Hydrogreen/watchdog.o
 .ARM.attributes
                0x0000000000000842       0x34 d:/program files/stm32cubeide_1.4.0/stm32cubeide/plugins/com.st.stm32cube.ide.mcu.externaltools.gnu-tools-for-stm32.7-2018-q2-update.win32_1.5.0.202011040924/tools/bin/../lib/gcc/arm-none-eabi/7.3.1/../../../../arm-none-eabi/lib/thumb/v7e-m/fpv4-sp/hard\libc_nano.a(lib_a-init.o)
 .ARM.attributes
                0x0000000000000876       0x34 d:/program files/stm32cubeide_1.4.0/stm32cubeide/plugins/com.st.stm32cube.ide.mcu.externaltools.gnu-tools-for-stm32.7-2018-q2-update.win32_1.5.0.202011040924/tools/bin/../lib/gcc/arm-none-eabi/7.3.1/../../../../arm-none-eabi/lib/thumb/v7e-m/fpv4-sp/hard\libc_nano.a(lib_a-memset.o)
 .ARM.attributes
                0x00000000000008aa       0x22 d:/program files/stm32cubeide_1.4.0/stm32cubeide/plugins/com.st.stm32cube.ide.mcu.externaltools.gnu-tools-for-stm32.7-2018-q2-update.win32_1.5.0.202011040924/tools/bin/../lib/gcc/arm-none-eabi/7.3.1/thumb/v7e-m/fpv4-sp/hard\libgcc.a(_arm_addsubdf3.o)
 .ARM.attributes
                0x00000000000008cc       0x22 d:/program files/stm32cubeide_1.4.0/stm32cubeide/plugins/com.st.stm32cube.ide.mcu.externaltools.gnu-tools-for-stm32.7-2018-q2-update.win32_1.5.0.202011040924/tools/bin/../lib/gcc/arm-none-eabi/7.3.1/thumb/v7e-m/fpv4-sp/hard\libgcc.a(_arm_muldivdf3.o)
 .ARM.attributes
                0x00000000000008ee       0x22 d:/program files/stm32cubeide_1.4.0/stm32cubeide/plugins/com.st.stm32cube.ide.mcu.externaltools.gnu-tools-for-stm32.7-2018-q2-update.win32_1.5.0.202011040924/tools/bin/../lib/gcc/arm-none-eabi/7.3.1/thumb/v7e-m/fpv4-sp/hard\libgcc.a(_arm_truncdfsf2.o)
 .ARM.attributes
                0x0000000000000910       0x22 d:/program files/stm32cubeide_1.4.0/stm32cubeide/plugins/com.st.stm32cube.ide.mcu.externaltools.gnu-tools-for-stm32.7-2018-q2-update.win32_1.5.0.202011040924/tools/bin/../lib/gcc/arm-none-eabi/7.3.1/thumb/v7e-m/fpv4-sp/hard/crtn.o
OUTPUT(Test_EnergyFlow1.elf elf32-littlearm)

.debug_info     0x0000000000000000    0x169f8
 .debug_info    0x0000000000000000      0xb21 Core/Src/adc.o
 .debug_info    0x0000000000000b21      0x49d Core/Src/crc.o
 .debug_info    0x0000000000000fbe      0x3a2 Core/Src/dma.o
 .debug_info    0x0000000000001360      0x515 Core/Src/gpio.o
 .debug_info    0x0000000000001875      0x281 Core/Src/iwdg.o
 .debug_info    0x0000000000001af6     0x1201 Core/Src/main.o
 .debug_info    0x0000000000002cf7      0x278 Core/Src/stm32f3xx_hal_msp.o
 .debug_info    0x0000000000002f6f      0xb89 Core/Src/stm32f3xx_it.o
 .debug_info    0x0000000000003af8      0x45c Core/Src/system_stm32f3xx.o
 .debug_info    0x0000000000003f54      0xeb0 Core/Src/tim.o
 .debug_info    0x0000000000004e04      0xa8a Core/Src/usart.o
 .debug_info    0x000000000000588e       0x22 Core/Startup/startup_stm32f303k8tx.o
 .debug_info    0x00000000000058b0      0x758 Drivers/STM32F3xx_HAL_Driver/Src/stm32f3xx_hal.o
 .debug_info    0x0000000000006008      0xbce Drivers/STM32F3xx_HAL_Driver/Src/stm32f3xx_hal_adc.o
 .debug_info    0x0000000000006bd6     0x1571 Drivers/STM32F3xx_HAL_Driver/Src/stm32f3xx_hal_adc_ex.o
 .debug_info    0x0000000000008147      0xb54 Drivers/STM32F3xx_HAL_Driver/Src/stm32f3xx_hal_cortex.o
 .debug_info    0x0000000000008c9b      0x5df Drivers/STM32F3xx_HAL_Driver/Src/stm32f3xx_hal_crc.o
 .debug_info    0x000000000000927a      0x429 Drivers/STM32F3xx_HAL_Driver/Src/stm32f3xx_hal_crc_ex.o
 .debug_info    0x00000000000096a3      0x7cb Drivers/STM32F3xx_HAL_Driver/Src/stm32f3xx_hal_dma.o
 .debug_info    0x0000000000009e6e      0x7c1 Drivers/STM32F3xx_HAL_Driver/Src/stm32f3xx_hal_gpio.o
 .debug_info    0x000000000000a62f      0x2c3 Drivers/STM32F3xx_HAL_Driver/Src/stm32f3xx_hal_iwdg.o
 .debug_info    0x000000000000a8f2     0x180f Drivers/STM32F3xx_HAL_Driver/Src/stm32f3xx_hal_rcc.o
 .debug_info    0x000000000000c101      0x608 Drivers/STM32F3xx_HAL_Driver/Src/stm32f3xx_hal_rcc_ex.o
 .debug_info    0x000000000000c709     0x2901 Drivers/STM32F3xx_HAL_Driver/Src/stm32f3xx_hal_tim.o
 .debug_info    0x000000000000f00a     0x144c Drivers/STM32F3xx_HAL_Driver/Src/stm32f3xx_hal_tim_ex.o
 .debug_info    0x0000000000010456     0x16a2 Drivers/STM32F3xx_HAL_Driver/Src/stm32f3xx_hal_uart.o
 .debug_info    0x0000000000011af8      0xa11 Drivers/STM32F3xx_HAL_Driver/Src/stm32f3xx_hal_uart_ex.o
 .debug_info    0x0000000000012509      0xa7f Hydrogreen/Energy_flow.o
 .debug_info    0x0000000000012f88      0x7d4 Hydrogreen/fans.o
 .debug_info    0x000000000001375c      0x471 Hydrogreen/hydrogreen.o
 .debug_info    0x0000000000013bcd      0x84a Hydrogreen/measurements.o
 .debug_info    0x0000000000014417      0x786 Hydrogreen/motor.o
 .debug_info    0x0000000000014b9d      0x338 Hydrogreen/pidController.o
 .debug_info    0x0000000000014ed5      0xc0b Hydrogreen/rs485.o
 .debug_info    0x0000000000015ae0      0x8d1 Hydrogreen/timers.o
 .debug_info    0x00000000000163b1      0x647 Hydrogreen/watchdog.o

.debug_abbrev   0x0000000000000000     0x3a6a
 .debug_abbrev  0x0000000000000000      0x1aa Core/Src/adc.o
 .debug_abbrev  0x00000000000001aa      0x159 Core/Src/crc.o
 .debug_abbrev  0x0000000000000303      0x107 Core/Src/dma.o
 .debug_abbrev  0x000000000000040a      0x13d Core/Src/gpio.o
 .debug_abbrev  0x0000000000000547      0x118 Core/Src/iwdg.o
 .debug_abbrev  0x000000000000065f      0x1a5 Core/Src/main.o
 .debug_abbrev  0x0000000000000804      0x109 Core/Src/stm32f3xx_hal_msp.o
 .debug_abbrev  0x000000000000090d      0x172 Core/Src/stm32f3xx_it.o
 .debug_abbrev  0x0000000000000a7f      0x12b Core/Src/system_stm32f3xx.o
 .debug_abbrev  0x0000000000000baa      0x1fc Core/Src/tim.o
 .debug_abbrev  0x0000000000000da6      0x1b3 Core/Src/usart.o
 .debug_abbrev  0x0000000000000f59       0x12 Core/Startup/startup_stm32f303k8tx.o
 .debug_abbrev  0x0000000000000f6b      0x1c7 Drivers/STM32F3xx_HAL_Driver/Src/stm32f3xx_hal.o
 .debug_abbrev  0x0000000000001132      0x187 Drivers/STM32F3xx_HAL_Driver/Src/stm32f3xx_hal_adc.o
 .debug_abbrev  0x00000000000012b9      0x225 Drivers/STM32F3xx_HAL_Driver/Src/stm32f3xx_hal_adc_ex.o
 .debug_abbrev  0x00000000000014de      0x2d5 Drivers/STM32F3xx_HAL_Driver/Src/stm32f3xx_hal_cortex.o
 .debug_abbrev  0x00000000000017b3      0x1d1 Drivers/STM32F3xx_HAL_Driver/Src/stm32f3xx_hal_crc.o
 .debug_abbrev  0x0000000000001984      0x165 Drivers/STM32F3xx_HAL_Driver/Src/stm32f3xx_hal_crc_ex.o
 .debug_abbrev  0x0000000000001ae9      0x1fe Drivers/STM32F3xx_HAL_Driver/Src/stm32f3xx_hal_dma.o
 .debug_abbrev  0x0000000000001ce7      0x1c0 Drivers/STM32F3xx_HAL_Driver/Src/stm32f3xx_hal_gpio.o
 .debug_abbrev  0x0000000000001ea7      0x147 Drivers/STM32F3xx_HAL_Driver/Src/stm32f3xx_hal_iwdg.o
 .debug_abbrev  0x0000000000001fee      0x28c Drivers/STM32F3xx_HAL_Driver/Src/stm32f3xx_hal_rcc.o
 .debug_abbrev  0x000000000000227a      0x208 Drivers/STM32F3xx_HAL_Driver/Src/stm32f3xx_hal_rcc_ex.o
 .debug_abbrev  0x0000000000002482      0x230 Drivers/STM32F3xx_HAL_Driver/Src/stm32f3xx_hal_tim.o
 .debug_abbrev  0x00000000000026b2      0x236 Drivers/STM32F3xx_HAL_Driver/Src/stm32f3xx_hal_tim_ex.o
 .debug_abbrev  0x00000000000028e8      0x215 Drivers/STM32F3xx_HAL_Driver/Src/stm32f3xx_hal_uart.o
 .debug_abbrev  0x0000000000002afd      0x1e2 Drivers/STM32F3xx_HAL_Driver/Src/stm32f3xx_hal_uart_ex.o
 .debug_abbrev  0x0000000000002cdf      0x199 Hydrogreen/Energy_flow.o
 .debug_abbrev  0x0000000000002e78      0x19d Hydrogreen/fans.o
 .debug_abbrev  0x0000000000003015      0x123 Hydrogreen/hydrogreen.o
 .debug_abbrev  0x0000000000003138      0x188 Hydrogreen/measurements.o
 .debug_abbrev  0x00000000000032c0      0x142 Hydrogreen/motor.o
 .debug_abbrev  0x0000000000003402       0xd6 Hydrogreen/pidController.o
 .debug_abbrev  0x00000000000034d8      0x226 Hydrogreen/rs485.o
 .debug_abbrev  0x00000000000036fe      0x1cb Hydrogreen/timers.o
 .debug_abbrev  0x00000000000038c9      0x1a1 Hydrogreen/watchdog.o

.debug_aranges  0x0000000000000000     0x12f0
 .debug_aranges
                0x0000000000000000       0x30 Core/Src/adc.o
 .debug_aranges
                0x0000000000000030       0x30 Core/Src/crc.o
 .debug_aranges
                0x0000000000000060       0x20 Core/Src/dma.o
 .debug_aranges
                0x0000000000000080       0x20 Core/Src/gpio.o
 .debug_aranges
                0x00000000000000a0       0x20 Core/Src/iwdg.o
 .debug_aranges
                0x00000000000000c0       0x30 Core/Src/main.o
 .debug_aranges
                0x00000000000000f0       0x20 Core/Src/stm32f3xx_hal_msp.o
 .debug_aranges
                0x0000000000000110       0xb0 Core/Src/stm32f3xx_it.o
 .debug_aranges
                0x00000000000001c0       0x28 Core/Src/system_stm32f3xx.o
 .debug_aranges
                0x00000000000001e8       0x58 Core/Src/tim.o
 .debug_aranges
                0x0000000000000240       0x30 Core/Src/usart.o
 .debug_aranges
                0x0000000000000270       0x28 Core/Startup/startup_stm32f303k8tx.o
 .debug_aranges
                0x0000000000000298       0xe0 Drivers/STM32F3xx_HAL_Driver/Src/stm32f3xx_hal.o
 .debug_aranges
                0x0000000000000378       0xc8 Drivers/STM32F3xx_HAL_Driver/Src/stm32f3xx_hal_adc.o
 .debug_aranges
                0x0000000000000440      0x168 Drivers/STM32F3xx_HAL_Driver/Src/stm32f3xx_hal_adc_ex.o
 .debug_aranges
                0x00000000000005a8      0x100 Drivers/STM32F3xx_HAL_Driver/Src/stm32f3xx_hal_cortex.o
 .debug_aranges
                0x00000000000006a8       0x60 Drivers/STM32F3xx_HAL_Driver/Src/stm32f3xx_hal_crc.o
 .debug_aranges
                0x0000000000000708       0x30 Drivers/STM32F3xx_HAL_Driver/Src/stm32f3xx_hal_crc_ex.o
 .debug_aranges
                0x0000000000000738       0x88 Drivers/STM32F3xx_HAL_Driver/Src/stm32f3xx_hal_dma.o
 .debug_aranges
                0x00000000000007c0       0x58 Drivers/STM32F3xx_HAL_Driver/Src/stm32f3xx_hal_gpio.o
 .debug_aranges
                0x0000000000000818       0x28 Drivers/STM32F3xx_HAL_Driver/Src/stm32f3xx_hal_iwdg.o
 .debug_aranges
                0x0000000000000840       0x88 Drivers/STM32F3xx_HAL_Driver/Src/stm32f3xx_hal_rcc.o
 .debug_aranges
                0x00000000000008c8       0x38 Drivers/STM32F3xx_HAL_Driver/Src/stm32f3xx_hal_rcc_ex.o
 .debug_aranges
                0x0000000000000900      0x3e0 Drivers/STM32F3xx_HAL_Driver/Src/stm32f3xx_hal_tim.o
 .debug_aranges
                0x0000000000000ce0      0x178 Drivers/STM32F3xx_HAL_Driver/Src/stm32f3xx_hal_tim_ex.o
 .debug_aranges
                0x0000000000000e58      0x228 Drivers/STM32F3xx_HAL_Driver/Src/stm32f3xx_hal_uart.o
 .debug_aranges
                0x0000000000001080       0x68 Drivers/STM32F3xx_HAL_Driver/Src/stm32f3xx_hal_uart_ex.o
 .debug_aranges
                0x00000000000010e8       0x50 Hydrogreen/Energy_flow.o
 .debug_aranges
                0x0000000000001138       0x38 Hydrogreen/fans.o
 .debug_aranges
                0x0000000000001170       0x40 Hydrogreen/hydrogreen.o
 .debug_aranges
                0x00000000000011b0       0x30 Hydrogreen/measurements.o
 .debug_aranges
                0x00000000000011e0       0x20 Hydrogreen/motor.o
 .debug_aranges
                0x0000000000001200       0x20 Hydrogreen/pidController.o
 .debug_aranges
                0x0000000000001220       0x58 Hydrogreen/rs485.o
 .debug_aranges
                0x0000000000001278       0x50 Hydrogreen/timers.o
 .debug_aranges
                0x00000000000012c8       0x28 Hydrogreen/watchdog.o

.debug_ranges   0x0000000000000000     0x10e8
 .debug_ranges  0x0000000000000000       0x20 Core/Src/adc.o
 .debug_ranges  0x0000000000000020       0x20 Core/Src/crc.o
 .debug_ranges  0x0000000000000040       0x10 Core/Src/dma.o
 .debug_ranges  0x0000000000000050       0x10 Core/Src/gpio.o
 .debug_ranges  0x0000000000000060       0x10 Core/Src/iwdg.o
 .debug_ranges  0x0000000000000070       0x20 Core/Src/main.o
 .debug_ranges  0x0000000000000090       0x10 Core/Src/stm32f3xx_hal_msp.o
 .debug_ranges  0x00000000000000a0       0xa0 Core/Src/stm32f3xx_it.o
 .debug_ranges  0x0000000000000140       0x18 Core/Src/system_stm32f3xx.o
 .debug_ranges  0x0000000000000158       0x48 Core/Src/tim.o
 .debug_ranges  0x00000000000001a0       0x20 Core/Src/usart.o
 .debug_ranges  0x00000000000001c0       0x20 Core/Startup/startup_stm32f303k8tx.o
 .debug_ranges  0x00000000000001e0       0xd0 Drivers/STM32F3xx_HAL_Driver/Src/stm32f3xx_hal.o
 .debug_ranges  0x00000000000002b0       0xb8 Drivers/STM32F3xx_HAL_Driver/Src/stm32f3xx_hal_adc.o
 .debug_ranges  0x0000000000000368      0x158 Drivers/STM32F3xx_HAL_Driver/Src/stm32f3xx_hal_adc_ex.o
 .debug_ranges  0x00000000000004c0       0xf0 Drivers/STM32F3xx_HAL_Driver/Src/stm32f3xx_hal_cortex.o
 .debug_ranges  0x00000000000005b0       0x50 Drivers/STM32F3xx_HAL_Driver/Src/stm32f3xx_hal_crc.o
 .debug_ranges  0x0000000000000600       0x20 Drivers/STM32F3xx_HAL_Driver/Src/stm32f3xx_hal_crc_ex.o
 .debug_ranges  0x0000000000000620       0x78 Drivers/STM32F3xx_HAL_Driver/Src/stm32f3xx_hal_dma.o
 .debug_ranges  0x0000000000000698       0x48 Drivers/STM32F3xx_HAL_Driver/Src/stm32f3xx_hal_gpio.o
 .debug_ranges  0x00000000000006e0       0x18 Drivers/STM32F3xx_HAL_Driver/Src/stm32f3xx_hal_iwdg.o
 .debug_ranges  0x00000000000006f8       0x78 Drivers/STM32F3xx_HAL_Driver/Src/stm32f3xx_hal_rcc.o
 .debug_ranges  0x0000000000000770       0x28 Drivers/STM32F3xx_HAL_Driver/Src/stm32f3xx_hal_rcc_ex.o
 .debug_ranges  0x0000000000000798      0x3d0 Drivers/STM32F3xx_HAL_Driver/Src/stm32f3xx_hal_tim.o
 .debug_ranges  0x0000000000000b68      0x168 Drivers/STM32F3xx_HAL_Driver/Src/stm32f3xx_hal_tim_ex.o
 .debug_ranges  0x0000000000000cd0      0x248 Drivers/STM32F3xx_HAL_Driver/Src/stm32f3xx_hal_uart.o
 .debug_ranges  0x0000000000000f18       0x58 Drivers/STM32F3xx_HAL_Driver/Src/stm32f3xx_hal_uart_ex.o
 .debug_ranges  0x0000000000000f70       0x40 Hydrogreen/Energy_flow.o
 .debug_ranges  0x0000000000000fb0       0x28 Hydrogreen/fans.o
 .debug_ranges  0x0000000000000fd8       0x30 Hydrogreen/hydrogreen.o
 .debug_ranges  0x0000000000001008       0x20 Hydrogreen/measurements.o
 .debug_ranges  0x0000000000001028       0x10 Hydrogreen/motor.o
 .debug_ranges  0x0000000000001038       0x10 Hydrogreen/pidController.o
 .debug_ranges  0x0000000000001048       0x48 Hydrogreen/rs485.o
 .debug_ranges  0x0000000000001090       0x40 Hydrogreen/timers.o
 .debug_ranges  0x00000000000010d0       0x18 Hydrogreen/watchdog.o

.debug_macro    0x0000000000000000    0x1e953
 .debug_macro   0x0000000000000000      0x216 Core/Src/adc.o
 .debug_macro   0x0000000000000216      0xa5a Core/Src/adc.o
 .debug_macro   0x0000000000000c70      0x169 Core/Src/adc.o
 .debug_macro   0x0000000000000dd9       0x2e Core/Src/adc.o
 .debug_macro   0x0000000000000e07       0x28 Core/Src/adc.o
 .debug_macro   0x0000000000000e2f       0x22 Core/Src/adc.o
 .debug_macro   0x0000000000000e51       0x8e Core/Src/adc.o
 .debug_macro   0x0000000000000edf       0x51 Core/Src/adc.o
 .debug_macro   0x0000000000000f30       0xef Core/Src/adc.o
 .debug_macro   0x000000000000101f       0x6a Core/Src/adc.o
 .debug_macro   0x0000000000001089      0x1df Core/Src/adc.o
 .debug_macro   0x0000000000001268       0x1c Core/Src/adc.o
 .debug_macro   0x0000000000001284       0x22 Core/Src/adc.o
 .debug_macro   0x00000000000012a6       0xdf Core/Src/adc.o
 .debug_macro   0x0000000000001385      0xf07 Core/Src/adc.o
 .debug_macro   0x000000000000228c    0x10bd9 Core/Src/adc.o
 .debug_macro   0x0000000000012e65       0x43 Core/Src/adc.o
 .debug_macro   0x0000000000012ea8     0x35e9 Core/Src/adc.o
 .debug_macro   0x0000000000016491      0x174 Core/Src/adc.o
 .debug_macro   0x0000000000016605       0x55 Core/Src/adc.o
 .debug_macro   0x000000000001665a      0x8f9 Core/Src/adc.o
 .debug_macro   0x0000000000016f53      0x304 Core/Src/adc.o
 .debug_macro   0x0000000000017257      0x12f Core/Src/adc.o
 .debug_macro   0x0000000000017386      0x11b Core/Src/adc.o
 .debug_macro   0x00000000000174a1      0x1d5 Core/Src/adc.o
 .debug_macro   0x0000000000017676      0x1bc Core/Src/adc.o
 .debug_macro   0x0000000000017832       0x34 Core/Src/adc.o
 .debug_macro   0x0000000000017866       0x3c Core/Src/adc.o
 .debug_macro   0x00000000000178a2       0x57 Core/Src/adc.o
 .debug_macro   0x00000000000178f9      0x87d Core/Src/adc.o
 .debug_macro   0x0000000000018176       0x77 Core/Src/adc.o
 .debug_macro   0x00000000000181ed       0xd5 Core/Src/adc.o
 .debug_macro   0x00000000000182c2       0x4c Core/Src/adc.o
 .debug_macro   0x000000000001830e       0xc5 Core/Src/adc.o
 .debug_macro   0x00000000000183d3      0x19f Core/Src/adc.o
 .debug_macro   0x0000000000018572      0x22c Core/Src/adc.o
 .debug_macro   0x000000000001879e       0x5b Core/Src/adc.o
 .debug_macro   0x00000000000187f9       0xa5 Core/Src/adc.o
 .debug_macro   0x000000000001889e       0x85 Core/Src/adc.o
 .debug_macro   0x0000000000018923       0x81 Core/Src/adc.o
 .debug_macro   0x00000000000189a4       0xd3 Core/Src/adc.o
 .debug_macro   0x0000000000018a77      0xa3d Core/Src/adc.o
 .debug_macro   0x00000000000194b4       0x59 Core/Src/adc.o
 .debug_macro   0x000000000001950d      0x5a5 Core/Src/adc.o
 .debug_macro   0x0000000000019ab2       0x44 Core/Src/adc.o
 .debug_macro   0x0000000000019af6      0x285 Core/Src/adc.o
 .debug_macro   0x0000000000019d7b       0xd0 Core/Src/adc.o
 .debug_macro   0x0000000000019e4b      0x216 Core/Src/crc.o
 .debug_macro   0x000000000001a061      0x216 Core/Src/dma.o
 .debug_macro   0x000000000001a277      0x216 Core/Src/gpio.o
 .debug_macro   0x000000000001a48d      0x216 Core/Src/iwdg.o
 .debug_macro   0x000000000001a6a3      0x268 Core/Src/main.o
 .debug_macro   0x000000000001a90b      0x34e Core/Src/main.o
 .debug_macro   0x000000000001ac59       0x10 Core/Src/main.o
 .debug_macro   0x000000000001ac69      0x20c Core/Src/stm32f3xx_hal_msp.o
 .debug_macro   0x000000000001ae75      0x216 Core/Src/stm32f3xx_it.o
 .debug_macro   0x000000000001b08b      0x1fd Core/Src/system_stm32f3xx.o
 .debug_macro   0x000000000001b288      0x216 Core/Src/tim.o
 .debug_macro   0x000000000001b49e      0x216 Core/Src/usart.o
 .debug_macro   0x000000000001b6b4      0x221 Drivers/STM32F3xx_HAL_Driver/Src/stm32f3xx_hal.o
 .debug_macro   0x000000000001b8d5      0x1fe Drivers/STM32F3xx_HAL_Driver/Src/stm32f3xx_hal_adc.o
 .debug_macro   0x000000000001bad3      0x227 Drivers/STM32F3xx_HAL_Driver/Src/stm32f3xx_hal_adc_ex.o
 .debug_macro   0x000000000001bcfa      0x1fd Drivers/STM32F3xx_HAL_Driver/Src/stm32f3xx_hal_cortex.o
 .debug_macro   0x000000000001bef7      0x1fd Drivers/STM32F3xx_HAL_Driver/Src/stm32f3xx_hal_crc.o
 .debug_macro   0x000000000001c0f4      0x1fd Drivers/STM32F3xx_HAL_Driver/Src/stm32f3xx_hal_crc_ex.o
 .debug_macro   0x000000000001c2f1      0x1fd Drivers/STM32F3xx_HAL_Driver/Src/stm32f3xx_hal_dma.o
 .debug_macro   0x000000000001c4ee      0x235 Drivers/STM32F3xx_HAL_Driver/Src/stm32f3xx_hal_gpio.o
 .debug_macro   0x000000000001c723      0x204 Drivers/STM32F3xx_HAL_Driver/Src/stm32f3xx_hal_iwdg.o
 .debug_macro   0x000000000001c927      0x221 Drivers/STM32F3xx_HAL_Driver/Src/stm32f3xx_hal_rcc.o
 .debug_macro   0x000000000001cb48      0x1fd Drivers/STM32F3xx_HAL_Driver/Src/stm32f3xx_hal_rcc_ex.o
 .debug_macro   0x000000000001cd45      0x1fe Drivers/STM32F3xx_HAL_Driver/Src/stm32f3xx_hal_tim.o
 .debug_macro   0x000000000001cf43      0x1fd Drivers/STM32F3xx_HAL_Driver/Src/stm32f3xx_hal_tim_ex.o
 .debug_macro   0x000000000001d140      0x21a Drivers/STM32F3xx_HAL_Driver/Src/stm32f3xx_hal_uart.o
 .debug_macro   0x000000000001d35a      0x1fd Drivers/STM32F3xx_HAL_Driver/Src/stm32f3xx_hal_uart_ex.o
 .debug_macro   0x000000000001d557      0x242 Hydrogreen/Energy_flow.o
 .debug_macro   0x000000000001d799      0x1d1 Hydrogreen/Energy_flow.o
 .debug_macro   0x000000000001d96a       0x10 Hydrogreen/Energy_flow.o
 .debug_macro   0x000000000001d97a      0x245 Hydrogreen/fans.o
 .debug_macro   0x000000000001dbbf      0x252 Hydrogreen/hydrogreen.o
 .debug_macro   0x000000000001de11       0x1c Hydrogreen/hydrogreen.o
 .debug_macro   0x000000000001de2d      0x229 Hydrogreen/measurements.o
 .debug_macro   0x000000000001e056      0x228 Hydrogreen/motor.o
 .debug_macro   0x000000000001e27e       0x2f Hydrogreen/pidController.o
 .debug_macro   0x000000000001e2ad      0x252 Hydrogreen/rs485.o
 .debug_macro   0x000000000001e4ff      0x22c Hydrogreen/timers.o
 .debug_macro   0x000000000001e72b      0x228 Hydrogreen/watchdog.o

.debug_line     0x0000000000000000    0x167de
 .debug_line    0x0000000000000000      0x7da Core/Src/adc.o
 .debug_line    0x00000000000007da      0x7aa Core/Src/crc.o
 .debug_line    0x0000000000000f84      0x784 Core/Src/dma.o
 .debug_line    0x0000000000001708      0x7a3 Core/Src/gpio.o
 .debug_line    0x0000000000001eab      0x783 Core/Src/iwdg.o
 .debug_line    0x000000000000262e      0x885 Core/Src/main.o
 .debug_line    0x0000000000002eb3      0x783 Core/Src/stm32f3xx_hal_msp.o
 .debug_line    0x0000000000003636      0x8e0 Core/Src/stm32f3xx_it.o
 .debug_line    0x0000000000003f16      0x7a0 Core/Src/system_stm32f3xx.o
 .debug_line    0x00000000000046b6      0x8ed Core/Src/tim.o
 .debug_line    0x0000000000004fa3      0x7ca Core/Src/usart.o
 .debug_line    0x000000000000576d       0x88 Core/Startup/startup_stm32f303k8tx.o
 .debug_line    0x00000000000057f5      0x95e Drivers/STM32F3xx_HAL_Driver/Src/stm32f3xx_hal.o
 .debug_line    0x0000000000006153      0x90d Drivers/STM32F3xx_HAL_Driver/Src/stm32f3xx_hal_adc.o
 .debug_line    0x0000000000006a60     0x153a Drivers/STM32F3xx_HAL_Driver/Src/stm32f3xx_hal_adc_ex.o
 .debug_line    0x0000000000007f9a      0xa35 Drivers/STM32F3xx_HAL_Driver/Src/stm32f3xx_hal_cortex.o
 .debug_line    0x00000000000089cf      0x8d9 Drivers/STM32F3xx_HAL_Driver/Src/stm32f3xx_hal_crc.o
 .debug_line    0x00000000000092a8      0x7e7 Drivers/STM32F3xx_HAL_Driver/Src/stm32f3xx_hal_crc_ex.o
 .debug_line    0x0000000000009a8f      0x997 Drivers/STM32F3xx_HAL_Driver/Src/stm32f3xx_hal_dma.o
 .debug_line    0x000000000000a426      0x8fd Drivers/STM32F3xx_HAL_Driver/Src/stm32f3xx_hal_gpio.o
 .debug_line    0x000000000000ad23      0x7b6 Drivers/STM32F3xx_HAL_Driver/Src/stm32f3xx_hal_iwdg.o
 .debug_line    0x000000000000b4d9      0xed6 Drivers/STM32F3xx_HAL_Driver/Src/stm32f3xx_hal_rcc.o
 .debug_line    0x000000000000c3af      0x92b Drivers/STM32F3xx_HAL_Driver/Src/stm32f3xx_hal_rcc_ex.o
 .debug_line    0x000000000000ccda     0x26db Drivers/STM32F3xx_HAL_Driver/Src/stm32f3xx_hal_tim.o
 .debug_line    0x000000000000f3b5     0x1509 Drivers/STM32F3xx_HAL_Driver/Src/stm32f3xx_hal_tim_ex.o
 .debug_line    0x00000000000108be     0x12a3 Drivers/STM32F3xx_HAL_Driver/Src/stm32f3xx_hal_uart.o
 .debug_line    0x0000000000011b61      0x9b0 Drivers/STM32F3xx_HAL_Driver/Src/stm32f3xx_hal_uart_ex.o
 .debug_line    0x0000000000012511      0x87d Hydrogreen/Energy_flow.o
 .debug_line    0x0000000000012d8e      0x7e5 Hydrogreen/fans.o
 .debug_line    0x0000000000013573      0x86f Hydrogreen/hydrogreen.o
 .debug_line    0x0000000000013de2      0x7d3 Hydrogreen/measurements.o
 .debug_line    0x00000000000145b5      0x79b Hydrogreen/motor.o
 .debug_line    0x0000000000014d50      0x173 Hydrogreen/pidController.o
 .debug_line    0x0000000000014ec3      0x8c1 Hydrogreen/rs485.o
 .debug_line    0x0000000000015784      0x833 Hydrogreen/timers.o
 .debug_line    0x0000000000015fb7      0x827 Hydrogreen/watchdog.o

.debug_str      0x0000000000000000    0xaa8de
 .debug_str     0x0000000000000000    0xa52ae Core/Src/adc.o
                                      0xa560d (size before relaxing)
 .debug_str     0x00000000000a52ae      0x198 Core/Src/crc.o
                                      0xa5260 (size before relaxing)
 .debug_str     0x00000000000a5446      0x24e Core/Src/dma.o
                                      0xa533c (size before relaxing)
 .debug_str     0x00000000000a5694       0x48 Core/Src/gpio.o
                                      0xa53dc (size before relaxing)
 .debug_str     0x00000000000a56dc       0x6f Core/Src/iwdg.o
                                      0xa5089 (size before relaxing)
 .debug_str     0x00000000000a574b      0xfc3 Core/Src/main.o
                                      0xa6767 (size before relaxing)
 .debug_str     0x00000000000a670e       0x2c Core/Src/stm32f3xx_hal_msp.o
                                      0xa505b (size before relaxing)
 .debug_str     0x00000000000a673a      0x193 Core/Src/stm32f3xx_it.o
                                      0xa58ce (size before relaxing)
 .debug_str     0x00000000000a68cd       0xb3 Core/Src/system_stm32f3xx.o
                                      0xa4d37 (size before relaxing)
 .debug_str     0x00000000000a6980      0x270 Core/Src/tim.o
                                      0xa5b84 (size before relaxing)
 .debug_str     0x00000000000a6bf0       0x57 Core/Src/usart.o
                                      0xa581b (size before relaxing)
 .debug_str     0x00000000000a6c47       0x36 Core/Startup/startup_stm32f303k8tx.o
                                         0x92 (size before relaxing)
 .debug_str     0x00000000000a6c7d      0x317 Drivers/STM32F3xx_HAL_Driver/Src/stm32f3xx_hal.o
                                      0xa5385 (size before relaxing)
 .debug_str     0x00000000000a6f94      0x22f Drivers/STM32F3xx_HAL_Driver/Src/stm32f3xx_hal_adc.o
                                      0xa5362 (size before relaxing)
 .debug_str     0x00000000000a71c3      0x6f8 Drivers/STM32F3xx_HAL_Driver/Src/stm32f3xx_hal_adc_ex.o
                                      0xa598f (size before relaxing)
 .debug_str     0x00000000000a78bb      0x284 Drivers/STM32F3xx_HAL_Driver/Src/stm32f3xx_hal_cortex.o
                                      0xa5366 (size before relaxing)
 .debug_str     0x00000000000a7b3f       0xba Drivers/STM32F3xx_HAL_Driver/Src/stm32f3xx_hal_crc.o
                                      0xa4f06 (size before relaxing)
 .debug_str     0x00000000000a7bf9       0x82 Drivers/STM32F3xx_HAL_Driver/Src/stm32f3xx_hal_crc_ex.o
                                      0xa4ed9 (size before relaxing)
 .debug_str     0x00000000000a7c7b      0x248 Drivers/STM32F3xx_HAL_Driver/Src/stm32f3xx_hal_dma.o
                                      0xa50b1 (size before relaxing)
 .debug_str     0x00000000000a7ec3      0x208 Drivers/STM32F3xx_HAL_Driver/Src/stm32f3xx_hal_gpio.o
                                      0xa500f (size before relaxing)
 .debug_str     0x00000000000a80cb       0x96 Drivers/STM32F3xx_HAL_Driver/Src/stm32f3xx_hal_iwdg.o
                                      0xa4d61 (size before relaxing)
 .debug_str     0x00000000000a8161      0x2f7 Drivers/STM32F3xx_HAL_Driver/Src/stm32f3xx_hal_rcc.o
                                      0xa51a5 (size before relaxing)
 .debug_str     0x00000000000a8458       0xd8 Drivers/STM32F3xx_HAL_Driver/Src/stm32f3xx_hal_rcc_ex.o
                                      0xa4eb9 (size before relaxing)
 .debug_str     0x00000000000a8530      0xda1 Drivers/STM32F3xx_HAL_Driver/Src/stm32f3xx_hal_tim.o
                                      0xa60f3 (size before relaxing)
 .debug_str     0x00000000000a92d1      0x4bd Drivers/STM32F3xx_HAL_Driver/Src/stm32f3xx_hal_tim_ex.o
                                      0xa5920 (size before relaxing)
 .debug_str     0x00000000000a978e      0x868 Drivers/STM32F3xx_HAL_Driver/Src/stm32f3xx_hal_uart.o
                                      0xa5992 (size before relaxing)
 .debug_str     0x00000000000a9ff6      0x19e Drivers/STM32F3xx_HAL_Driver/Src/stm32f3xx_hal_uart_ex.o
                                      0xa527b (size before relaxing)
 .debug_str     0x00000000000aa194      0x1dc Hydrogreen/Energy_flow.o
                                      0xa60cd (size before relaxing)
 .debug_str     0x00000000000aa370       0xa0 Hydrogreen/fans.o
                                      0xa5f7f (size before relaxing)
 .debug_str     0x00000000000aa410      0x1c5 Hydrogreen/hydrogreen.o
                                      0xa5cc5 (size before relaxing)
 .debug_str     0x00000000000aa5d5       0x50 Hydrogreen/measurements.o
                                      0xa5eb8 (size before relaxing)
 .debug_str     0x00000000000aa625       0x21 Hydrogreen/motor.o
                                      0xa5f95 (size before relaxing)
 .debug_str     0x00000000000aa646       0x26 Hydrogreen/pidController.o
                                       0x3920 (size before relaxing)
 .debug_str     0x00000000000aa66c      0x17c Hydrogreen/rs485.o
                                      0xa6173 (size before relaxing)
 .debug_str     0x00000000000aa7e8       0xc1 Hydrogreen/timers.o
                                      0xa608c (size before relaxing)
 .debug_str     0x00000000000aa8a9       0x35 Hydrogreen/watchdog.o
                                      0xa5ae6 (size before relaxing)

.comment        0x0000000000000000       0x7b
 .comment       0x0000000000000000       0x7b Core/Src/adc.o
                                         0x7c (size before relaxing)
 .comment       0x000000000000007b       0x7c Core/Src/crc.o
 .comment       0x000000000000007b       0x7c Core/Src/dma.o
 .comment       0x000000000000007b       0x7c Core/Src/gpio.o
 .comment       0x000000000000007b       0x7c Core/Src/iwdg.o
 .comment       0x000000000000007b       0x7c Core/Src/main.o
 .comment       0x000000000000007b       0x7c Core/Src/stm32f3xx_hal_msp.o
 .comment       0x000000000000007b       0x7c Core/Src/stm32f3xx_it.o
 .comment       0x000000000000007b       0x7c Core/Src/system_stm32f3xx.o
 .comment       0x000000000000007b       0x7c Core/Src/tim.o
 .comment       0x000000000000007b       0x7c Core/Src/usart.o
 .comment       0x000000000000007b       0x7c Drivers/STM32F3xx_HAL_Driver/Src/stm32f3xx_hal.o
 .comment       0x000000000000007b       0x7c Drivers/STM32F3xx_HAL_Driver/Src/stm32f3xx_hal_adc.o
 .comment       0x000000000000007b       0x7c Drivers/STM32F3xx_HAL_Driver/Src/stm32f3xx_hal_adc_ex.o
 .comment       0x000000000000007b       0x7c Drivers/STM32F3xx_HAL_Driver/Src/stm32f3xx_hal_cortex.o
 .comment       0x000000000000007b       0x7c Drivers/STM32F3xx_HAL_Driver/Src/stm32f3xx_hal_crc.o
 .comment       0x000000000000007b       0x7c Drivers/STM32F3xx_HAL_Driver/Src/stm32f3xx_hal_crc_ex.o
 .comment       0x000000000000007b       0x7c Drivers/STM32F3xx_HAL_Driver/Src/stm32f3xx_hal_dma.o
 .comment       0x000000000000007b       0x7c Drivers/STM32F3xx_HAL_Driver/Src/stm32f3xx_hal_gpio.o
 .comment       0x000000000000007b       0x7c Drivers/STM32F3xx_HAL_Driver/Src/stm32f3xx_hal_iwdg.o
 .comment       0x000000000000007b       0x7c Drivers/STM32F3xx_HAL_Driver/Src/stm32f3xx_hal_rcc.o
 .comment       0x000000000000007b       0x7c Drivers/STM32F3xx_HAL_Driver/Src/stm32f3xx_hal_rcc_ex.o
 .comment       0x000000000000007b       0x7c Drivers/STM32F3xx_HAL_Driver/Src/stm32f3xx_hal_tim.o
 .comment       0x000000000000007b       0x7c Drivers/STM32F3xx_HAL_Driver/Src/stm32f3xx_hal_tim_ex.o
 .comment       0x000000000000007b       0x7c Drivers/STM32F3xx_HAL_Driver/Src/stm32f3xx_hal_uart.o
 .comment       0x000000000000007b       0x7c Drivers/STM32F3xx_HAL_Driver/Src/stm32f3xx_hal_uart_ex.o
 .comment       0x000000000000007b       0x7c Hydrogreen/Energy_flow.o
 .comment       0x000000000000007b       0x7c Hydrogreen/fans.o
 .comment       0x000000000000007b       0x7c Hydrogreen/hydrogreen.o
 .comment       0x000000000000007b       0x7c Hydrogreen/measurements.o
 .comment       0x000000000000007b       0x7c Hydrogreen/motor.o
 .comment       0x000000000000007b       0x7c Hydrogreen/pidController.o
 .comment       0x000000000000007b       0x7c Hydrogreen/rs485.o
 .comment       0x000000000000007b       0x7c Hydrogreen/timers.o
 .comment       0x000000000000007b       0x7c Hydrogreen/watchdog.o

.debug_frame    0x0000000000000000     0x4a80
 .debug_frame   0x0000000000000000       0x7c Core/Src/adc.o
 .debug_frame   0x000000000000007c       0x7c Core/Src/crc.o
 .debug_frame   0x00000000000000f8       0x34 Core/Src/dma.o
 .debug_frame   0x000000000000012c       0x34 Core/Src/gpio.o
 .debug_frame   0x0000000000000160       0x2c Core/Src/iwdg.o
 .debug_frame   0x000000000000018c       0x6c Core/Src/main.o
 .debug_frame   0x00000000000001f8       0x38 Core/Src/stm32f3xx_hal_msp.o
 .debug_frame   0x0000000000000230      0x21c Core/Src/stm32f3xx_it.o
 .debug_frame   0x000000000000044c       0x58 Core/Src/system_stm32f3xx.o
 .debug_frame   0x00000000000004a4      0x130 Core/Src/tim.o
 .debug_frame   0x00000000000005d4       0x74 Core/Src/usart.o
 .debug_frame   0x0000000000000648      0x334 Drivers/STM32F3xx_HAL_Driver/Src/stm32f3xx_hal.o
 .debug_frame   0x000000000000097c      0x380 Drivers/STM32F3xx_HAL_Driver/Src/stm32f3xx_hal_adc.o
 .debug_frame   0x0000000000000cfc      0x638 Drivers/STM32F3xx_HAL_Driver/Src/stm32f3xx_hal_adc_ex.o
 .debug_frame   0x0000000000001334      0x428 Drivers/STM32F3xx_HAL_Driver/Src/stm32f3xx_hal_cortex.o
 .debug_frame   0x000000000000175c      0x168 Drivers/STM32F3xx_HAL_Driver/Src/stm32f3xx_hal_crc.o
 .debug_frame   0x00000000000018c4       0x88 Drivers/STM32F3xx_HAL_Driver/Src/stm32f3xx_hal_crc_ex.o
 .debug_frame   0x000000000000194c      0x224 Drivers/STM32F3xx_HAL_Driver/Src/stm32f3xx_hal_dma.o
 .debug_frame   0x0000000000001b70      0x14c Drivers/STM32F3xx_HAL_Driver/Src/stm32f3xx_hal_gpio.o
 .debug_frame   0x0000000000001cbc       0x5c Drivers/STM32F3xx_HAL_Driver/Src/stm32f3xx_hal_iwdg.o
 .debug_frame   0x0000000000001d18      0x214 Drivers/STM32F3xx_HAL_Driver/Src/stm32f3xx_hal_rcc.o