Archive member included to satisfy reference by file (symbol)

d:/program files/stm32cubeide_1.4.0/stm32cubeide/plugins/com.st.stm32cube.ide.mcu.externaltools.gnu-tools-for-stm32.7-2018-q2-update.win32_1.5.0.202011040924/tools/bin/../lib/gcc/arm-none-eabi/7.3.1/../../../../arm-none-eabi/lib/thumb/v7e-m/fpv4-sp/hard\libc_nano.a(lib_a-errno.o)
                              Core/Src/syscalls.o (__errno)
d:/program files/stm32cubeide_1.4.0/stm32cubeide/plugins/com.st.stm32cube.ide.mcu.externaltools.gnu-tools-for-stm32.7-2018-q2-update.win32_1.5.0.202011040924/tools/bin/../lib/gcc/arm-none-eabi/7.3.1/../../../../arm-none-eabi/lib/thumb/v7e-m/fpv4-sp/hard\libc_nano.a(lib_a-exit.o)
                              d:/program files/stm32cubeide_1.4.0/stm32cubeide/plugins/com.st.stm32cube.ide.mcu.externaltools.gnu-tools-for-stm32.7-2018-q2-update.win32_1.5.0.202011040924/tools/bin/../lib/gcc/arm-none-eabi/7.3.1/../../../../arm-none-eabi/lib/thumb/v7e-m/fpv4-sp/hard/crt0.o (exit)
d:/program files/stm32cubeide_1.4.0/stm32cubeide/plugins/com.st.stm32cube.ide.mcu.externaltools.gnu-tools-for-stm32.7-2018-q2-update.win32_1.5.0.202011040924/tools/bin/../lib/gcc/arm-none-eabi/7.3.1/../../../../arm-none-eabi/lib/thumb/v7e-m/fpv4-sp/hard\libc_nano.a(lib_a-impure.o)
                              d:/program files/stm32cubeide_1.4.0/stm32cubeide/plugins/com.st.stm32cube.ide.mcu.externaltools.gnu-tools-for-stm32.7-2018-q2-update.win32_1.5.0.202011040924/tools/bin/../lib/gcc/arm-none-eabi/7.3.1/../../../../arm-none-eabi/lib/thumb/v7e-m/fpv4-sp/hard\libc_nano.a(lib_a-exit.o) (_global_impure_ptr)
d:/program files/stm32cubeide_1.4.0/stm32cubeide/plugins/com.st.stm32cube.ide.mcu.externaltools.gnu-tools-for-stm32.7-2018-q2-update.win32_1.5.0.202011040924/tools/bin/../lib/gcc/arm-none-eabi/7.3.1/../../../../arm-none-eabi/lib/thumb/v7e-m/fpv4-sp/hard\libc_nano.a(lib_a-init.o)
                              d:/program files/stm32cubeide_1.4.0/stm32cubeide/plugins/com.st.stm32cube.ide.mcu.externaltools.gnu-tools-for-stm32.7-2018-q2-update.win32_1.5.0.202011040924/tools/bin/../lib/gcc/arm-none-eabi/7.3.1/../../../../arm-none-eabi/lib/thumb/v7e-m/fpv4-sp/hard/crt0.o (__libc_init_array)
d:/program files/stm32cubeide_1.4.0/stm32cubeide/plugins/com.st.stm32cube.ide.mcu.externaltools.gnu-tools-for-stm32.7-2018-q2-update.win32_1.5.0.202011040924/tools/bin/../lib/gcc/arm-none-eabi/7.3.1/../../../../arm-none-eabi/lib/thumb/v7e-m/fpv4-sp/hard\libc_nano.a(lib_a-memset.o)
                              d:/program files/stm32cubeide_1.4.0/stm32cubeide/plugins/com.st.stm32cube.ide.mcu.externaltools.gnu-tools-for-stm32.7-2018-q2-update.win32_1.5.0.202011040924/tools/bin/../lib/gcc/arm-none-eabi/7.3.1/../../../../arm-none-eabi/lib/thumb/v7e-m/fpv4-sp/hard/crt0.o (memset)

Allocating common symbols
Common symbol       size              file

SC_C_regulator      0x50              Hydrogreen/Energy_flow.o
VALUES              0x40              Hydrogreen/measurements.o
hdma_tim1_ch1       0x44              Core/Src/tim.o
hdma_usart2_rx      0x44              Core/Src/usart.o
hdma_tim2_ch1       0x44              Core/Src/tim.o
hadc2               0x50              Core/Src/adc.o
timers_tick10kHz    0x1               Hydrogreen/timers.o
hiwdg               0x10              Core/Src/iwdg.o
hcrc                0x24              Core/Src/crc.o
timers_mainTimeMiliseconds
                    0x2               Hydrogreen/timers.o
hydros              0x18              Hydrogreen/Energy_flow.o
uwTick              0x4               Drivers/STM32F3xx_HAL_Driver/Src/stm32f3xx_hal.o
pFlash              0x20              Drivers/STM32F3xx_HAL_Driver/Src/stm32f3xx_hal_flash.o
timers_tick1kHz     0x1               Hydrogreen/timers.o
htim3               0x4c              Core/Src/tim.o
RS485_RX_VERIFIED_DATA
                    0x4               Hydrogreen/rs485.o
FC_T_PID            0x50              Hydrogreen/pidController.o
sc_voltage_diff     0x4               Hydrogreen/measurements.o
timers_mainTimeHours
                    0x1               Hydrogreen/timers.o
FANS                0x8               Hydrogreen/fans.o
timers_maxSysCyclePeriod
                    0x4               Hydrogreen/timers.o
timers_mainTimeMinutes
                    0x1               Hydrogreen/timers.o
timers_minSysCyclePeriod
                    0x4               Hydrogreen/timers.o
timers_mainTimeSeconds
                    0x1               Hydrogreen/timers.o
htim6               0x4c              Core/Src/tim.o
htim1               0x4c              Core/Src/tim.o
timers_avgSysCyclePeriod
                    0x4               Hydrogreen/timers.o
htim2               0x4c              Core/Src/tim.o
watchdog_flt        0x1               Hydrogreen/watchdog.o
huart2              0x84              Core/Src/usart.o
hdma_adc2           0x44              Core/Src/adc.o
adcDataToCalculate  0x8               Hydrogreen/measurements.o
htim7               0x4c              Core/Src/tim.o
[...]
Memory Configuration

Name             Origin             Length             Attributes
CCMRAM           0x0000000010000000 0x0000000000001000 xrw
RAM              0x0000000020000000 0x0000000000003000 xrw
FLASH            0x0000000008000000 0x0000000000010000 xr
*default*        0x0000000000000000 0xffffffffffffffff

Linker script and memory map

LOAD d:/program files/stm32cubeide_1.4.0/stm32cubeide/plugins/com.st.stm32cube.ide.mcu.externaltools.gnu-tools-for-stm32.7-2018-q2-update.win32_1.5.0.202011040924/tools/bin/../lib/gcc/arm-none-eabi/7.3.1/thumb/v7e-m/fpv4-sp/hard/crti.o
LOAD d:/program files/stm32cubeide_1.4.0/stm32cubeide/plugins/com.st.stm32cube.ide.mcu.externaltools.gnu-tools-for-stm32.7-2018-q2-update.win32_1.5.0.202011040924/tools/bin/../lib/gcc/arm-none-eabi/7.3.1/thumb/v7e-m/fpv4-sp/hard/crtbegin.o
LOAD d:/program files/stm32cubeide_1.4.0/stm32cubeide/plugins/com.st.stm32cube.ide.mcu.externaltools.gnu-tools-for-stm32.7-2018-q2-update.win32_1.5.0.202011040924/tools/bin/../lib/gcc/arm-none-eabi/7.3.1/../../../../arm-none-eabi/lib/thumb/v7e-m/fpv4-sp/hard/crt0.o
LOAD Core/Src/adc.o
LOAD Core/Src/crc.o
LOAD Core/Src/dma.o
LOAD Core/Src/gpio.o
LOAD Core/Src/iwdg.o
LOAD Core/Src/main.o
LOAD Core/Src/stm32f3xx_hal_msp.o
LOAD Core/Src/stm32f3xx_it.o
LOAD Core/Src/syscalls.o
LOAD Core/Src/sysmem.o
LOAD Core/Src/system_stm32f3xx.o
LOAD Core/Src/tim.o
LOAD Core/Src/usart.o
LOAD Core/Startup/startup_stm32f303k8tx.o
LOAD Drivers/STM32F3xx_HAL_Driver/Src/stm32f3xx_hal.o
LOAD Drivers/STM32F3xx_HAL_Driver/Src/stm32f3xx_hal_adc.o
LOAD Drivers/STM32F3xx_HAL_Driver/Src/stm32f3xx_hal_adc_ex.o
LOAD Drivers/STM32F3xx_HAL_Driver/Src/stm32f3xx_hal_cortex.o
LOAD Drivers/STM32F3xx_HAL_Driver/Src/stm32f3xx_hal_crc.o
LOAD Drivers/STM32F3xx_HAL_Driver/Src/stm32f3xx_hal_crc_ex.o
LOAD Drivers/STM32F3xx_HAL_Driver/Src/stm32f3xx_hal_dma.o
LOAD Drivers/STM32F3xx_HAL_Driver/Src/stm32f3xx_hal_exti.o
LOAD Drivers/STM32F3xx_HAL_Driver/Src/stm32f3xx_hal_flash.o
LOAD Drivers/STM32F3xx_HAL_Driver/Src/stm32f3xx_hal_flash_ex.o
LOAD Drivers/STM32F3xx_HAL_Driver/Src/stm32f3xx_hal_gpio.o
LOAD Drivers/STM32F3xx_HAL_Driver/Src/stm32f3xx_hal_i2c.o
LOAD Drivers/STM32F3xx_HAL_Driver/Src/stm32f3xx_hal_i2c_ex.o
LOAD Drivers/STM32F3xx_HAL_Driver/Src/stm32f3xx_hal_iwdg.o
LOAD Drivers/STM32F3xx_HAL_Driver/Src/stm32f3xx_hal_pwr.o
LOAD Drivers/STM32F3xx_HAL_Driver/Src/stm32f3xx_hal_pwr_ex.o
LOAD Drivers/STM32F3xx_HAL_Driver/Src/stm32f3xx_hal_rcc.o
LOAD Drivers/STM32F3xx_HAL_Driver/Src/stm32f3xx_hal_rcc_ex.o
LOAD Drivers/STM32F3xx_HAL_Driver/Src/stm32f3xx_hal_tim.o
LOAD Drivers/STM32F3xx_HAL_Driver/Src/stm32f3xx_hal_tim_ex.o
LOAD Drivers/STM32F3xx_HAL_Driver/Src/stm32f3xx_hal_uart.o
LOAD Drivers/STM32F3xx_HAL_Driver/Src/stm32f3xx_hal_uart_ex.o
LOAD Hydrogreen/Energy_flow.o
LOAD Hydrogreen/fans.o
LOAD Hydrogreen/hydrogreen.o
LOAD Hydrogreen/measurements.o
LOAD Hydrogreen/motor.o
LOAD Hydrogreen/pidController.o
LOAD Hydrogreen/rs485.o
LOAD Hydrogreen/timers.o
LOAD Hydrogreen/watchdog.o
START GROUP
LOAD d:/program files/stm32cubeide_1.4.0/stm32cubeide/plugins/com.st.stm32cube.ide.mcu.externaltools.gnu-tools-for-stm32.7-2018-q2-update.win32_1.5.0.202011040924/tools/bin/../lib/gcc/arm-none-eabi/7.3.1/../../../../arm-none-eabi/lib/thumb/v7e-m/fpv4-sp/hard\libc_nano.a
LOAD d:/program files/stm32cubeide_1.4.0/stm32cubeide/plugins/com.st.stm32cube.ide.mcu.externaltools.gnu-tools-for-stm32.7-2018-q2-update.win32_1.5.0.202011040924/tools/bin/../lib/gcc/arm-none-eabi/7.3.1/../../../../arm-none-eabi/lib/thumb/v7e-m/fpv4-sp/hard\libm.a
END GROUP
START GROUP
LOAD d:/program files/stm32cubeide_1.4.0/stm32cubeide/plugins/com.st.stm32cube.ide.mcu.externaltools.gnu-tools-for-stm32.7-2018-q2-update.win32_1.5.0.202011040924/tools/bin/../lib/gcc/arm-none-eabi/7.3.1/thumb/v7e-m/fpv4-sp/hard\libgcc.a
LOAD d:/program files/stm32cubeide_1.4.0/stm32cubeide/plugins/com.st.stm32cube.ide.mcu.externaltools.gnu-tools-for-stm32.7-2018-q2-update.win32_1.5.0.202011040924/tools/bin/../lib/gcc/arm-none-eabi/7.3.1/../../../../arm-none-eabi/lib/thumb/v7e-m/fpv4-sp/hard\libc_nano.a
END GROUP
START GROUP
LOAD d:/program files/stm32cubeide_1.4.0/stm32cubeide/plugins/com.st.stm32cube.ide.mcu.externaltools.gnu-tools-for-stm32.7-2018-q2-update.win32_1.5.0.202011040924/tools/bin/../lib/gcc/arm-none-eabi/7.3.1/thumb/v7e-m/fpv4-sp/hard\libgcc.a
LOAD d:/program files/stm32cubeide_1.4.0/stm32cubeide/plugins/com.st.stm32cube.ide.mcu.externaltools.gnu-tools-for-stm32.7-2018-q2-update.win32_1.5.0.202011040924/tools/bin/../lib/gcc/arm-none-eabi/7.3.1/../../../../arm-none-eabi/lib/thumb/v7e-m/fpv4-sp/hard\libc_nano.a
LOAD d:/program files/stm32cubeide_1.4.0/stm32cubeide/plugins/com.st.stm32cube.ide.mcu.externaltools.gnu-tools-for-stm32.7-2018-q2-update.win32_1.5.0.202011040924/tools/bin/../lib/gcc/arm-none-eabi/7.3.1/../../../../arm-none-eabi/lib/thumb/v7e-m/fpv4-sp/hard\libnosys.a
END GROUP
START GROUP
LOAD d:/program files/stm32cubeide_1.4.0/stm32cubeide/plugins/com.st.stm32cube.ide.mcu.externaltools.gnu-tools-for-stm32.7-2018-q2-update.win32_1.5.0.202011040924/tools/bin/../lib/gcc/arm-none-eabi/7.3.1/thumb/v7e-m/fpv4-sp/hard\libgcc.a
LOAD d:/program files/stm32cubeide_1.4.0/stm32cubeide/plugins/com.st.stm32cube.ide.mcu.externaltools.gnu-tools-for-stm32.7-2018-q2-update.win32_1.5.0.202011040924/tools/bin/../lib/gcc/arm-none-eabi/7.3.1/../../../../arm-none-eabi/lib/thumb/v7e-m/fpv4-sp/hard\libc_nano.a
LOAD d:/program files/stm32cubeide_1.4.0/stm32cubeide/plugins/com.st.stm32cube.ide.mcu.externaltools.gnu-tools-for-stm32.7-2018-q2-update.win32_1.5.0.202011040924/tools/bin/../lib/gcc/arm-none-eabi/7.3.1/../../../../arm-none-eabi/lib/thumb/v7e-m/fpv4-sp/hard\libnosys.a
END GROUP
LOAD d:/program files/stm32cubeide_1.4.0/stm32cubeide/plugins/com.st.stm32cube.ide.mcu.externaltools.gnu-tools-for-stm32.7-2018-q2-update.win32_1.5.0.202011040924/tools/bin/../lib/gcc/arm-none-eabi/7.3.1/thumb/v7e-m/fpv4-sp/hard/crtend.o
LOAD d:/program files/stm32cubeide_1.4.0/stm32cubeide/plugins/com.st.stm32cube.ide.mcu.externaltools.gnu-tools-for-stm32.7-2018-q2-update.win32_1.5.0.202011040924/tools/bin/../lib/gcc/arm-none-eabi/7.3.1/thumb/v7e-m/fpv4-sp/hard/crtn.o
                0x0000000020003000                _estack = (ORIGIN (RAM) + LENGTH (RAM))
                0x0000000000000200                _Min_Heap_Size = 0x200
                0x0000000000000400                _Min_Stack_Size = 0x400

.isr_vector     0x0000000008000000      0x188
                0x0000000008000000                . = ALIGN (0x4)
 *(.isr_vector)
 .isr_vector    0x0000000008000000      0x188 Core/Startup/startup_stm32f303k8tx.o
                0x0000000008000000                g_pfnVectors
                0x0000000008000188                . = ALIGN (0x4)

.text           0x0000000008000188     0x7e14
                0x0000000008000188                . = ALIGN (0x4)
 *(.text)
 .text          0x0000000008000188       0x40 d:/program files/stm32cubeide_1.4.0/stm32cubeide/plugins/com.st.stm32cube.ide.mcu.externaltools.gnu-tools-for-stm32.7-2018-q2-update.win32_1.5.0.202011040924/tools/bin/../lib/gcc/arm-none-eabi/7.3.1/thumb/v7e-m/fpv4-sp/hard/crtbegin.o
 *(.text*)
 .text.MX_ADC2_Init
                0x00000000080001c8      0x110 Core/Src/adc.o
                0x00000000080001c8                MX_ADC2_Init
 .text.HAL_ADC_MspInit
                0x00000000080002d8       0xe4 Core/Src/adc.o
                0x00000000080002d8                HAL_ADC_MspInit
 .text.MX_CRC_Init
                0x00000000080003bc       0x50 Core/Src/crc.o
                0x00000000080003bc                MX_CRC_Init
 .text.HAL_CRC_MspInit
                0x000000000800040c       0x40 Core/Src/crc.o
                0x000000000800040c                HAL_CRC_MspInit
 .text.MX_DMA_Init
                0x000000000800044c       0x6c Core/Src/dma.o
                0x000000000800044c                MX_DMA_Init
 .text.MX_GPIO_Init
                0x00000000080004b8      0x180 Core/Src/gpio.o
                0x00000000080004b8                MX_GPIO_Init
 .text.MX_IWDG_Init
                0x0000000008000638       0x3c Core/Src/iwdg.o
                0x0000000008000638                MX_IWDG_Init
 .text.main     0x0000000008000674       0x3e Core/Src/main.o
                0x0000000008000674                main
 .text.SystemClock_Config
                0x00000000080006b2       0xbc Core/Src/main.o
                0x00000000080006b2                SystemClock_Config
 .text.Error_Handler
                0x000000000800076e        0xc Core/Src/main.o
                0x000000000800076e                Error_Handler
 *fill*         0x000000000800077a        0x2 
 .text.HAL_MspInit
                0x000000000800077c       0x48 Core/Src/stm32f3xx_hal_msp.o
                0x000000000800077c                HAL_MspInit
 .text.NMI_Handler
                0x00000000080007c4        0x6 Core/Src/stm32f3xx_it.o
                0x00000000080007c4                NMI_Handler
 .text.HardFault_Handler
                0x00000000080007ca        0x6 Core/Src/stm32f3xx_it.o
                0x00000000080007ca                HardFault_Handler
 .text.MemManage_Handler
                0x00000000080007d0        0x6 Core/Src/stm32f3xx_it.o
                0x00000000080007d0                MemManage_Handler
 .text.BusFault_Handler
                0x00000000080007d6        0x6 Core/Src/stm32f3xx_it.o
                0x00000000080007d6                BusFault_Handler
 .text.UsageFault_Handler
                0x00000000080007dc        0x6 Core/Src/stm32f3xx_it.o
                0x00000000080007dc                UsageFault_Handler
 .text.SVC_Handler
                0x00000000080007e2        0xe Core/Src/stm32f3xx_it.o
                0x00000000080007e2                SVC_Handler
 .text.DebugMon_Handler
                0x00000000080007f0        0xe Core/Src/stm32f3xx_it.o
                0x00000000080007f0                DebugMon_Handler
 .text.PendSV_Handler
                0x00000000080007fe        0xe Core/Src/stm32f3xx_it.o
                0x00000000080007fe                PendSV_Handler
 .text.SysTick_Handler
                0x000000000800080c       0x10 Core/Src/stm32f3xx_it.o
                0x000000000800080c                SysTick_Handler
 .text.EXTI1_IRQHandler
                0x000000000800081c        0xe Core/Src/stm32f3xx_it.o
                0x000000000800081c                EXTI1_IRQHandler
 .text.EXTI4_IRQHandler
                0x000000000800082a        0xe Core/Src/stm32f3xx_it.o
                0x000000000800082a                EXTI4_IRQHandler
 .text.DMA1_Channel2_IRQHandler
                0x0000000008000838       0x14 Core/Src/stm32f3xx_it.o
                0x0000000008000838                DMA1_Channel2_IRQHandler
 .text.DMA1_Channel4_IRQHandler
                0x000000000800084c       0x14 Core/Src/stm32f3xx_it.o
                0x000000000800084c                DMA1_Channel4_IRQHandler
 .text.DMA1_Channel5_IRQHandler
                0x0000000008000860       0x14 Core/Src/stm32f3xx_it.o
                0x0000000008000860                DMA1_Channel5_IRQHandler
 .text.DMA1_Channel6_IRQHandler
                0x0000000008000874       0x14 Core/Src/stm32f3xx_it.o
                0x0000000008000874                DMA1_Channel6_IRQHandler
 .text.EXTI9_5_IRQHandler
                0x0000000008000888        0xe Core/Src/stm32f3xx_it.o
                0x0000000008000888                EXTI9_5_IRQHandler
 *fill*         0x0000000008000896        0x2 
 .text.USART2_IRQHandler
                0x0000000008000898       0x14 Core/Src/stm32f3xx_it.o
                0x0000000008000898                USART2_IRQHandler
 .text.TIM6_DAC1_IRQHandler
                0x00000000080008ac       0x14 Core/Src/stm32f3xx_it.o
                0x00000000080008ac                TIM6_DAC1_IRQHandler
 .text.TIM7_DAC2_IRQHandler
                0x00000000080008c0       0x14 Core/Src/stm32f3xx_it.o
                0x00000000080008c0                TIM7_DAC2_IRQHandler
 .text.SystemInit
                0x00000000080008d4       0x24 Core/Src/system_stm32f3xx.o
                0x00000000080008d4                SystemInit
 .text.MX_TIM1_Init
                0x00000000080008f8      0x158 Core/Src/tim.o
                0x00000000080008f8                MX_TIM1_Init
 .text.MX_TIM2_Init
                0x0000000008000a50       0xec Core/Src/tim.o
                0x0000000008000a50                MX_TIM2_Init
 .text.MX_TIM3_Init
                0x0000000008000b3c       0xf0 Core/Src/tim.o
                0x0000000008000b3c                MX_TIM3_Init
 .text.MX_TIM6_Init
                0x0000000008000c2c       0x6c Core/Src/tim.o
                0x0000000008000c2c                MX_TIM6_Init
 .text.MX_TIM7_Init
                0x0000000008000c98       0x6c Core/Src/tim.o
                0x0000000008000c98                MX_TIM7_Init
 .text.HAL_TIM_Base_MspInit
                0x0000000008000d04      0x1a8 Core/Src/tim.o
                0x0000000008000d04                HAL_TIM_Base_MspInit
 .text.HAL_TIM_MspPostInit
                0x0000000008000eac      0x100 Core/Src/tim.o
                0x0000000008000eac                HAL_TIM_MspPostInit
 .text.MX_USART2_UART_Init
                0x0000000008000fac       0x74 Core/Src/usart.o
                0x0000000008000fac                MX_USART2_UART_Init
 .text.HAL_UART_MspInit
                0x0000000008001020       0xec Core/Src/usart.o
                0x0000000008001020                HAL_UART_MspInit
 .text.Reset_Handler
                0x000000000800110c       0x50 Core/Startup/startup_stm32f303k8tx.o
                0x000000000800110c                Reset_Handler
 .text.Default_Handler
                0x000000000800115c        0x2 Core/Startup/startup_stm32f303k8tx.o
                0x000000000800115c                RTC_Alarm_IRQHandler
                0x000000000800115c                TIM1_CC_IRQHandler
                0x000000000800115c                PVD_IRQHandler
                0x000000000800115c                TAMP_STAMP_IRQHandler
                0x000000000800115c                EXTI3_IRQHandler
                0x000000000800115c                EXTI0_IRQHandler
                0x000000000800115c                FPU_IRQHandler
                0x000000000800115c                CAN_TX_IRQHandler
                0x000000000800115c                TIM1_UP_TIM16_IRQHandler
                0x000000000800115c                ADC1_2_IRQHandler
                0x000000000800115c                SPI1_IRQHandler
                0x000000000800115c                CAN_SCE_IRQHandler
                0x000000000800115c                USART3_IRQHandler
                0x000000000800115c                DMA1_Channel7_IRQHandler
                0x000000000800115c                CAN_RX1_IRQHandler
                0x000000000800115c                I2C1_EV_IRQHandler
                0x000000000800115c                TIM3_IRQHandler
                0x000000000800115c                RCC_IRQHandler
                0x000000000800115c                DMA1_Channel1_IRQHandler
                0x000000000800115c                Default_Handler
                0x000000000800115c                EXTI15_10_IRQHandler
                0x000000000800115c                COMP2_IRQHandler
                0x000000000800115c                RTC_WKUP_IRQHandler
                0x000000000800115c                TIM1_TRG_COM_TIM17_IRQHandler
                0x000000000800115c                DMA1_Channel3_IRQHandler
                0x000000000800115c                WWDG_IRQHandler
                0x000000000800115c                TIM2_IRQHandler
                0x000000000800115c                COMP4_6_IRQHandler
                0x000000000800115c                FLASH_IRQHandler
                0x000000000800115c                USART1_IRQHandler
                0x000000000800115c                CAN_RX0_IRQHandler
                0x000000000800115c                I2C1_ER_IRQHandler
                0x000000000800115c                EXTI2_TSC_IRQHandler
                0x000000000800115c                TIM1_BRK_TIM15_IRQHandler
 *fill*         0x000000000800115e        0x2 
 .text.HAL_Init
                0x0000000008001160       0x2c Drivers/STM32F3xx_HAL_Driver/Src/stm32f3xx_hal.o
                0x0000000008001160                HAL_Init
 .text.HAL_InitTick
                0x000000000800118c       0x60 Drivers/STM32F3xx_HAL_Driver/Src/stm32f3xx_hal.o
                0x000000000800118c                HAL_InitTick
 .text.HAL_IncTick
                0x00000000080011ec       0x28 Drivers/STM32F3xx_HAL_Driver/Src/stm32f3xx_hal.o
                0x00000000080011ec                HAL_IncTick
 .text.HAL_GetTick
                0x0000000008001214       0x18 Drivers/STM32F3xx_HAL_Driver/Src/stm32f3xx_hal.o
                0x0000000008001214                HAL_GetTick
 .text.HAL_ADC_ConvCpltCallback
                0x000000000800122c       0x14 Drivers/STM32F3xx_HAL_Driver/Src/stm32f3xx_hal_adc.o
                0x000000000800122c                HAL_ADC_ConvCpltCallback
 .text.HAL_ADC_ConvHalfCpltCallback
                0x0000000008001240       0x14 Drivers/STM32F3xx_HAL_Driver/Src/stm32f3xx_hal_adc.o
                0x0000000008001240                HAL_ADC_ConvHalfCpltCallback
 .text.HAL_ADC_ErrorCallback
                0x0000000008001254       0x14 Drivers/STM32F3xx_HAL_Driver/Src/stm32f3xx_hal_adc.o
                0x0000000008001254                HAL_ADC_ErrorCallback
 .text.HAL_ADC_Init
                0x0000000008001268      0x324 Drivers/STM32F3xx_HAL_Driver/Src/stm32f3xx_hal_adc_ex.o
                0x0000000008001268                HAL_ADC_Init
 .text.HAL_ADC_Start_DMA
                0x000000000800158c      0x1b4 Drivers/STM32F3xx_HAL_Driver/Src/stm32f3xx_hal_adc_ex.o
                0x000000000800158c                HAL_ADC_Start_DMA
 .text.HAL_ADC_ConfigChannel
                0x0000000008001740      0x584 Drivers/STM32F3xx_HAL_Driver/Src/stm32f3xx_hal_adc_ex.o
                0x0000000008001740                HAL_ADC_ConfigChannel
 .text.ADC_DMAConvCplt
                0x0000000008001cc4       0x7a Drivers/STM32F3xx_HAL_Driver/Src/stm32f3xx_hal_adc_ex.o
 .text.ADC_DMAHalfConvCplt
                0x0000000008001d3e       0x1c Drivers/STM32F3xx_HAL_Driver/Src/stm32f3xx_hal_adc_ex.o
 .text.ADC_DMAError
                0x0000000008001d5a       0x34 Drivers/STM32F3xx_HAL_Driver/Src/stm32f3xx_hal_adc_ex.o
 *fill*         0x0000000008001d8e        0x2 
 .text.ADC_Enable
                0x0000000008001d90       0xbc Drivers/STM32F3xx_HAL_Driver/Src/stm32f3xx_hal_adc_ex.o
 .text.ADC_Disable
                0x0000000008001e4c       0xbe Drivers/STM32F3xx_HAL_Driver/Src/stm32f3xx_hal_adc_ex.o
 *fill*         0x0000000008001f0a        0x2 
 .text.__NVIC_SetPriorityGrouping
                0x0000000008001f0c       0x48 Drivers/STM32F3xx_HAL_Driver/Src/stm32f3xx_hal_cortex.o
 .text.__NVIC_GetPriorityGrouping
                0x0000000008001f54       0x1c Drivers/STM32F3xx_HAL_Driver/Src/stm32f3xx_hal_cortex.o
 .text.__NVIC_EnableIRQ
                0x0000000008001f70       0x3c Drivers/STM32F3xx_HAL_Driver/Src/stm32f3xx_hal_cortex.o
 .text.__NVIC_SetPriority
                0x0000000008001fac       0x54 Drivers/STM32F3xx_HAL_Driver/Src/stm32f3xx_hal_cortex.o
 .text.NVIC_EncodePriority
                0x0000000008002000       0x66 Drivers/STM32F3xx_HAL_Driver/Src/stm32f3xx_hal_cortex.o
 *fill*         0x0000000008002066        0x2 
 .text.SysTick_Config
                0x0000000008002068       0x44 Drivers/STM32F3xx_HAL_Driver/Src/stm32f3xx_hal_cortex.o
 .text.HAL_NVIC_SetPriorityGrouping
                0x00000000080020ac       0x16 Drivers/STM32F3xx_HAL_Driver/Src/stm32f3xx_hal_cortex.o
                0x00000000080020ac                HAL_NVIC_SetPriorityGrouping
 .text.HAL_NVIC_SetPriority
                0x00000000080020c2       0x38 Drivers/STM32F3xx_HAL_Driver/Src/stm32f3xx_hal_cortex.o
                0x00000000080020c2                HAL_NVIC_SetPriority
 .text.HAL_NVIC_EnableIRQ
                0x00000000080020fa       0x1c Drivers/STM32F3xx_HAL_Driver/Src/stm32f3xx_hal_cortex.o
                0x00000000080020fa                HAL_NVIC_EnableIRQ
 .text.HAL_SYSTICK_Config
                0x0000000008002116       0x18 Drivers/STM32F3xx_HAL_Driver/Src/stm32f3xx_hal_cortex.o
                0x0000000008002116                HAL_SYSTICK_Config
 *fill*         0x000000000800212e        0x2 
 .text.HAL_CRC_Init
                0x0000000008002130       0xc8 Drivers/STM32F3xx_HAL_Driver/Src/stm32f3xx_hal_crc.o
                0x0000000008002130                HAL_CRC_Init
 .text.HAL_CRCEx_Polynomial_Set
                0x00000000080021f8      0x10c Drivers/STM32F3xx_HAL_Driver/Src/stm32f3xx_hal_crc_ex.o
                0x00000000080021f8                HAL_CRCEx_Polynomial_Set
 .text.HAL_DMA_Init
                0x0000000008002304       0x8e Drivers/STM32F3xx_HAL_Driver/Src/stm32f3xx_hal_dma.o
                0x0000000008002304                HAL_DMA_Init
 .text.HAL_DMA_Start_IT
                0x0000000008002392       0xbe Drivers/STM32F3xx_HAL_Driver/Src/stm32f3xx_hal_dma.o
                0x0000000008002392                HAL_DMA_Start_IT
 .text.HAL_DMA_Abort
                0x0000000008002450       0x72 Drivers/STM32F3xx_HAL_Driver/Src/stm32f3xx_hal_dma.o
                0x0000000008002450                HAL_DMA_Abort
 .text.HAL_DMA_Abort_IT
                0x00000000080024c2       0x7c Drivers/STM32F3xx_HAL_Driver/Src/stm32f3xx_hal_dma.o
                0x00000000080024c2                HAL_DMA_Abort_IT
 .text.HAL_DMA_IRQHandler
                0x000000000800253e      0x146 Drivers/STM32F3xx_HAL_Driver/Src/stm32f3xx_hal_dma.o
                0x000000000800253e                HAL_DMA_IRQHandler
 .text.DMA_SetConfig
                0x0000000008002684       0x5c Drivers/STM32F3xx_HAL_Driver/Src/stm32f3xx_hal_dma.o
 .text.DMA_CalcBaseAndBitshift
                0x00000000080026e0       0x40 Drivers/STM32F3xx_HAL_Driver/Src/stm32f3xx_hal_dma.o
 .text.HAL_GPIO_Init
                0x0000000008002720      0x2e4 Drivers/STM32F3xx_HAL_Driver/Src/stm32f3xx_hal_gpio.o
                0x0000000008002720                HAL_GPIO_Init
 .text.HAL_GPIO_WritePin
                0x0000000008002a04       0x30 Drivers/STM32F3xx_HAL_Driver/Src/stm32f3xx_hal_gpio.o
                0x0000000008002a04                HAL_GPIO_WritePin
 .text.HAL_GPIO_EXTI_IRQHandler
                0x0000000008002a34       0x30 Drivers/STM32F3xx_HAL_Driver/Src/stm32f3xx_hal_gpio.o
                0x0000000008002a34                HAL_GPIO_EXTI_IRQHandler
 .text.HAL_IWDG_Init
                0x0000000008002a64       0x8c Drivers/STM32F3xx_HAL_Driver/Src/stm32f3xx_hal_iwdg.o
                0x0000000008002a64                HAL_IWDG_Init
 .text.HAL_IWDG_Refresh
                0x0000000008002af0       0x20 Drivers/STM32F3xx_HAL_Driver/Src/stm32f3xx_hal_iwdg.o
                0x0000000008002af0                HAL_IWDG_Refresh
 .text.HAL_RCC_OscConfig
                0x0000000008002b10      0xe10 Drivers/STM32F3xx_HAL_Driver/Src/stm32f3xx_hal_rcc.o
                0x0000000008002b10                HAL_RCC_OscConfig
 .text.HAL_RCC_ClockConfig
                0x0000000008003920      0x2f8 Drivers/STM32F3xx_HAL_Driver/Src/stm32f3xx_hal_rcc.o
                0x0000000008003920                HAL_RCC_ClockConfig
 .text.HAL_RCC_GetSysClockFreq
                0x0000000008003c18       0xd4 Drivers/STM32F3xx_HAL_Driver/Src/stm32f3xx_hal_rcc.o
                0x0000000008003c18                HAL_RCC_GetSysClockFreq
 .text.HAL_RCC_GetHCLKFreq
                0x0000000008003cec       0x18 Drivers/STM32F3xx_HAL_Driver/Src/stm32f3xx_hal_rcc.o
                0x0000000008003cec                HAL_RCC_GetHCLKFreq
 .text.HAL_RCC_GetPCLK1Freq
                0x0000000008003d04       0x44 Drivers/STM32F3xx_HAL_Driver/Src/stm32f3xx_hal_rcc.o
                0x0000000008003d04                HAL_RCC_GetPCLK1Freq
 .text.HAL_RCC_GetPCLK2Freq
                0x0000000008003d48       0x44 Drivers/STM32F3xx_HAL_Driver/Src/stm32f3xx_hal_rcc.o
                0x0000000008003d48                HAL_RCC_GetPCLK2Freq
 .text.HAL_RCCEx_PeriphCLKConfig
                0x0000000008003d8c      0x24c Drivers/STM32F3xx_HAL_Driver/Src/stm32f3xx_hal_rcc_ex.o
                0x0000000008003d8c                HAL_RCCEx_PeriphCLKConfig
 .text.HAL_TIM_Base_Init
                0x0000000008003fd8       0xae Drivers/STM32F3xx_HAL_Driver/Src/stm32f3xx_hal_tim.o
                0x0000000008003fd8                HAL_TIM_Base_Init
 *fill*         0x0000000008004086        0x2 
 .text.HAL_TIM_Base_Start_IT
                0x0000000008004088       0xb8 Drivers/STM32F3xx_HAL_Driver/Src/stm32f3xx_hal_tim.o
                0x0000000008004088                HAL_TIM_Base_Start_IT
 .text.HAL_TIM_PWM_Init
                0x0000000008004140       0xae Drivers/STM32F3xx_HAL_Driver/Src/stm32f3xx_hal_tim.o
                0x0000000008004140                HAL_TIM_PWM_Init
 .text.HAL_TIM_PWM_MspInit
                0x00000000080041ee       0x14 Drivers/STM32F3xx_HAL_Driver/Src/stm32f3xx_hal_tim.o
                0x00000000080041ee                HAL_TIM_PWM_MspInit
 *fill*         0x0000000008004202        0x2 
 .text.HAL_TIM_PWM_Start
                0x0000000008004204      0x1d8 Drivers/STM32F3xx_HAL_Driver/Src/stm32f3xx_hal_tim.o
                0x0000000008004204                HAL_TIM_PWM_Start
 .text.HAL_TIM_PWM_Start_DMA
                0x00000000080043dc      0x3fc Drivers/STM32F3xx_HAL_Driver/Src/stm32f3xx_hal_tim.o
                0x00000000080043dc                HAL_TIM_PWM_Start_DMA
 .text.HAL_TIM_IRQHandler
                0x00000000080047d8      0x23e Drivers/STM32F3xx_HAL_Driver/Src/stm32f3xx_hal_tim.o
                0x00000000080047d8                HAL_TIM_IRQHandler
 *fill*         0x0000000008004a16        0x2 
 .text.HAL_TIM_PWM_ConfigChannel
                0x0000000008004a18      0x220 Drivers/STM32F3xx_HAL_Driver/Src/stm32f3xx_hal_tim.o
                0x0000000008004a18                HAL_TIM_PWM_ConfigChannel
 .text.HAL_TIM_ConfigClockSource
                0x0000000008004c38      0x172 Drivers/STM32F3xx_HAL_Driver/Src/stm32f3xx_hal_tim.o
                0x0000000008004c38                HAL_TIM_ConfigClockSource
 .text.HAL_TIM_OC_DelayElapsedCallback
                0x0000000008004daa       0x14 Drivers/STM32F3xx_HAL_Driver/Src/stm32f3xx_hal_tim.o
                0x0000000008004daa                HAL_TIM_OC_DelayElapsedCallback
 .text.HAL_TIM_IC_CaptureCallback
                0x0000000008004dbe       0x14 Drivers/STM32F3xx_HAL_Driver/Src/stm32f3xx_hal_tim.o
                0x0000000008004dbe                HAL_TIM_IC_CaptureCallback
 .text.HAL_TIM_PWM_PulseFinishedCallback
                0x0000000008004dd2       0x14 Drivers/STM32F3xx_HAL_Driver/Src/stm32f3xx_hal_tim.o
                0x0000000008004dd2                HAL_TIM_PWM_PulseFinishedCallback
 .text.HAL_TIM_PWM_PulseFinishedHalfCpltCallback
                0x0000000008004de6       0x14 Drivers/STM32F3xx_HAL_Driver/Src/stm32f3xx_hal_tim.o
                0x0000000008004de6                HAL_TIM_PWM_PulseFinishedHalfCpltCallback
 .text.HAL_TIM_TriggerCallback
                0x0000000008004dfa       0x14 Drivers/STM32F3xx_HAL_Driver/Src/stm32f3xx_hal_tim.o
                0x0000000008004dfa                HAL_TIM_TriggerCallback
 .text.HAL_TIM_ErrorCallback
                0x0000000008004e0e       0x14 Drivers/STM32F3xx_HAL_Driver/Src/stm32f3xx_hal_tim.o
                0x0000000008004e0e                HAL_TIM_ErrorCallback
 .text.TIM_DMAError
                0x0000000008004e22       0x92 Drivers/STM32F3xx_HAL_Driver/Src/stm32f3xx_hal_tim.o
                0x0000000008004e22                TIM_DMAError
 .text.TIM_DMADelayPulseCplt
                0x0000000008004eb4       0xa8 Drivers/STM32F3xx_HAL_Driver/Src/stm32f3xx_hal_tim.o
 .text.TIM_DMADelayPulseHalfCplt
                0x0000000008004f5c       0x68 Drivers/STM32F3xx_HAL_Driver/Src/stm32f3xx_hal_tim.o
                0x0000000008004f5c                TIM_DMADelayPulseHalfCplt
 .text.TIM_Base_SetConfig
                0x0000000008004fc4       0xf0 Drivers/STM32F3xx_HAL_Driver/Src/stm32f3xx_hal_tim.o
                0x0000000008004fc4                TIM_Base_SetConfig
 .text.TIM_OC1_SetConfig
                0x00000000080050b4      0x10c Drivers/STM32F3xx_HAL_Driver/Src/stm32f3xx_hal_tim.o
 .text.TIM_OC2_SetConfig
                0x00000000080051c0      0x100 Drivers/STM32F3xx_HAL_Driver/Src/stm32f3xx_hal_tim.o
                0x00000000080051c0                TIM_OC2_SetConfig
 .text.TIM_OC3_SetConfig
                0x00000000080052c0       0xfc Drivers/STM32F3xx_HAL_Driver/Src/stm32f3xx_hal_tim.o
 .text.TIM_OC4_SetConfig
                0x00000000080053bc       0xc8 Drivers/STM32F3xx_HAL_Driver/Src/stm32f3xx_hal_tim.o
 .text.TIM_OC5_SetConfig
                0x0000000008005484       0xbc Drivers/STM32F3xx_HAL_Driver/Src/stm32f3xx_hal_tim.o
 .text.TIM_OC6_SetConfig
                0x0000000008005540       0xc0 Drivers/STM32F3xx_HAL_Driver/Src/stm32f3xx_hal_tim.o
 .text.TIM_TI1_ConfigInputStage
                0x0000000008005600       0x5e Drivers/STM32F3xx_HAL_Driver/Src/stm32f3xx_hal_tim.o
 .text.TIM_TI2_ConfigInputStage
                0x000000000800565e       0x60 Drivers/STM32F3xx_HAL_Driver/Src/stm32f3xx_hal_tim.o
 .text.TIM_ITRx_SetConfig
                0x00000000080056be       0x36 Drivers/STM32F3xx_HAL_Driver/Src/stm32f3xx_hal_tim.o
 .text.TIM_ETR_SetConfig
                0x00000000080056f4       0x40 Drivers/STM32F3xx_HAL_Driver/Src/stm32f3xx_hal_tim.o
                0x00000000080056f4                TIM_ETR_SetConfig
 .text.TIM_CCxChannelCmd
                0x0000000008005734       0x4a Drivers/STM32F3xx_HAL_Driver/Src/stm32f3xx_hal_tim.o
                0x0000000008005734                TIM_CCxChannelCmd
 *fill*         0x000000000800577e        0x2 
 .text.HAL_TIMEx_MasterConfigSynchronization
                0x0000000008005780       0xdc Drivers/STM32F3xx_HAL_Driver/Src/stm32f3xx_hal_tim_ex.o
                0x0000000008005780                HAL_TIMEx_MasterConfigSynchronization
 .text.HAL_TIMEx_ConfigBreakDeadTime
                0x000000000800585c       0xf0 Drivers/STM32F3xx_HAL_Driver/Src/stm32f3xx_hal_tim_ex.o
                0x000000000800585c                HAL_TIMEx_ConfigBreakDeadTime
 .text.HAL_TIMEx_CommutCallback
                0x000000000800594c       0x14 Drivers/STM32F3xx_HAL_Driver/Src/stm32f3xx_hal_tim_ex.o
                0x000000000800594c                HAL_TIMEx_CommutCallback
 .text.HAL_TIMEx_BreakCallback
                0x0000000008005960       0x14 Drivers/STM32F3xx_HAL_Driver/Src/stm32f3xx_hal_tim_ex.o
                0x0000000008005960                HAL_TIMEx_BreakCallback
 .text.HAL_TIMEx_Break2Callback
                0x0000000008005974       0x14 Drivers/STM32F3xx_HAL_Driver/Src/stm32f3xx_hal_tim_ex.o
                0x0000000008005974                HAL_TIMEx_Break2Callback
 .text.HAL_UART_Init
                0x0000000008005988       0x9c Drivers/STM32F3xx_HAL_Driver/Src/stm32f3xx_hal_uart.o
                0x0000000008005988                HAL_UART_Init
 .text.HAL_UART_Transmit
                0x0000000008005a24      0x128 Drivers/STM32F3xx_HAL_Driver/Src/stm32f3xx_hal_uart.o
                0x0000000008005a24                HAL_UART_Transmit
 .text.HAL_UART_Receive_DMA
                0x0000000008005b4c       0x7a Drivers/STM32F3xx_HAL_Driver/Src/stm32f3xx_hal_uart.o
                0x0000000008005b4c                HAL_UART_Receive_DMA
 *fill*         0x0000000008005bc6        0x2 
 .text.HAL_UART_IRQHandler
                0x0000000008005bc8      0x400 Drivers/STM32F3xx_HAL_Driver/Src/stm32f3xx_hal_uart.o
                0x0000000008005bc8                HAL_UART_IRQHandler
 .text.HAL_UART_TxCpltCallback
                0x0000000008005fc8       0x14 Drivers/STM32F3xx_HAL_Driver/Src/stm32f3xx_hal_uart.o
                0x0000000008005fc8                HAL_UART_TxCpltCallback
 .text.HAL_UART_RxHalfCpltCallback
                0x0000000008005fdc       0x14 Drivers/STM32F3xx_HAL_Driver/Src/stm32f3xx_hal_uart.o
                0x0000000008005fdc                HAL_UART_RxHalfCpltCallback
 .text.HAL_UART_ErrorCallback
                0x0000000008005ff0       0x14 Drivers/STM32F3xx_HAL_Driver/Src/stm32f3xx_hal_uart.o
                0x0000000008005ff0                HAL_UART_ErrorCallback
 .text.HAL_UARTEx_RxEventCallback
                0x0000000008006004       0x18 Drivers/STM32F3xx_HAL_Driver/Src/stm32f3xx_hal_uart.o
                0x0000000008006004                HAL_UARTEx_RxEventCallback
 .text.UART_SetConfig
                0x000000000800601c      0x270 Drivers/STM32F3xx_HAL_Driver/Src/stm32f3xx_hal_uart.o
                0x000000000800601c                UART_SetConfig
 .text.UART_AdvFeatureConfig
                0x000000000800628c      0x144 Drivers/STM32F3xx_HAL_Driver/Src/stm32f3xx_hal_uart.o
                0x000000000800628c                UART_AdvFeatureConfig
 .text.UART_CheckIdleState
                0x00000000080063d0       0x92 Drivers/STM32F3xx_HAL_Driver/Src/stm32f3xx_hal_uart.o
                0x00000000080063d0                UART_CheckIdleState
 .text.UART_WaitOnFlagUntilTimeout
                0x0000000008006462       0xf8 Drivers/STM32F3xx_HAL_Driver/Src/stm32f3xx_hal_uart.o
                0x0000000008006462                UART_WaitOnFlagUntilTimeout
 *fill*         0x000000000800655a        0x2 
 .text.UART_Start_Receive_DMA
                0x000000000800655c       0xd8 Drivers/STM32F3xx_HAL_Driver/Src/stm32f3xx_hal_uart.o
                0x000000000800655c                UART_Start_Receive_DMA
 .text.UART_EndTxTransfer
                0x0000000008006634       0x2a Drivers/STM32F3xx_HAL_Driver/Src/stm32f3xx_hal_uart.o
 .text.UART_EndRxTransfer
                0x000000000800665e       0x5e Drivers/STM32F3xx_HAL_Driver/Src/stm32f3xx_hal_uart.o
 .text.UART_DMAReceiveCplt
                0x00000000080066bc       0x92 Drivers/STM32F3xx_HAL_Driver/Src/stm32f3xx_hal_uart.o
 .text.UART_DMARxHalfCplt
                0x000000000800674e       0x38 Drivers/STM32F3xx_HAL_Driver/Src/stm32f3xx_hal_uart.o
 .text.UART_DMAError
                0x0000000008006786       0x7c Drivers/STM32F3xx_HAL_Driver/Src/stm32f3xx_hal_uart.o
 .text.UART_DMAAbortOnError
                0x0000000008006802       0x2c Drivers/STM32F3xx_HAL_Driver/Src/stm32f3xx_hal_uart.o
 .text.UART_EndTransmit_IT
                0x000000000800682e       0x32 Drivers/STM32F3xx_HAL_Driver/Src/stm32f3xx_hal_uart.o
 .text.HAL_UARTEx_WakeupCallback
                0x0000000008006860       0x14 Drivers/STM32F3xx_HAL_Driver/Src/stm32f3xx_hal_uart_ex.o
                0x0000000008006860                HAL_UARTEx_WakeupCallback
 .text.energyflow_init
                0x0000000008006874      0x17c Hydrogreen/Energy_flow.o
                0x0000000008006874                energyflow_init
 .text.energyflow_step
                0x00000000080069f0       0x54 Hydrogreen/Energy_flow.o
                0x00000000080069f0                energyflow_step
 .text.energyFlow
                0x0000000008006a44       0x54 Hydrogreen/Energy_flow.o
 .text.energyflow_mode0
                0x0000000008006a98       0x6c Hydrogreen/Energy_flow.o
 .text.energyflow_preapre_to_race
                0x0000000008006b04       0x34 Hydrogreen/Energy_flow.o
 .text.energyflow_race
                0x0000000008006b38       0x50 Hydrogreen/Energy_flow.o
 .text.energyflow_end_race
                0x0000000008006b88       0x28 Hydrogreen/Energy_flow.o
 .text.SC_State
                0x0000000008006bb0       0x64 Hydrogreen/Energy_flow.o
 .text.SC_Set_charging
                0x0000000008006c14       0x30 Hydrogreen/Energy_flow.o
 .text.FC_Decharching
                0x0000000008006c44       0x44 Hydrogreen/Energy_flow.o
 .text.energyflow_emergency
                0x0000000008006c88       0x48 Hydrogreen/Energy_flow.o
 .text.FC_to_SC_Current_regulator
                0x0000000008006cd0      0x258 Hydrogreen/Energy_flow.o
 .text.fans_init
                0x0000000008006f28       0x2c Hydrogreen/fans.o
                0x0000000008006f28                fans_init
 .text.fansStep
                0x0000000008006f54       0x18 Hydrogreen/fans.o
                0x0000000008006f54                fansStep
 .text.doCalculations
                0x0000000008006f6c       0x80 Hydrogreen/fans.o
 .text.HAL_GPIO_EXTI_Callback
                0x0000000008006fec       0x48 Hydrogreen/fans.o
                0x0000000008006fec                HAL_GPIO_EXTI_Callback
 .text.hydrogreen_init
                0x0000000008007034       0x28 Hydrogreen/hydrogreen.o
 .text.hydrogreen_step1kHz
                0x000000000800705c       0x20 Hydrogreen/hydrogreen.o
 .text.hydrogreen_step10kHz
                0x000000000800707c        0xc Hydrogreen/hydrogreen.o
 .text.hydrogreen_main
                0x0000000008007088       0x44 Hydrogreen/hydrogreen.o
                0x0000000008007088                hydrogreen_main
 .text.hydrogreen_hardFault
                0x00000000080070cc        0xe Hydrogreen/hydrogreen.o
                0x00000000080070cc                hydrogreen_hardFault
 *fill*         0x00000000080070da        0x2 
 .text.adc_init
                0x00000000080070dc       0x3c Hydrogreen/measurements.o
                0x00000000080070dc                adc_init
 .text.calculateValues
                0x0000000008007118       0xd0 Hydrogreen/measurements.o
 .text.averaging_Values
                0x00000000080071e8      0x11c Hydrogreen/measurements.o
 .text.adc_step
                0x0000000008007304       0x34 Hydrogreen/measurements.o
                0x0000000008007304                adc_step
 .text.motor_init
                0x0000000008007338       0x1c Hydrogreen/motor.o
                0x0000000008007338                motor_init
 .text.motor_set_PWM
                0x0000000008007354       0x40 Hydrogreen/motor.o
                0x0000000008007354                motor_set_PWM
 .text.PID_init
                0x0000000008007394       0xc0 Hydrogreen/pidController.o
                0x0000000008007394                PID_init
 .text.PIDstep  0x0000000008007454      0x1f0 Hydrogreen/pidController.o
                0x0000000008007454                PIDstep
 .text.crc_calc
                0x0000000008007644       0x8c Hydrogreen/rs485.o
                0x0000000008007644                crc_calc
 .text.crc_calc_TX
                0x00000000080076d0       0x8c Hydrogreen/rs485.o
                0x00000000080076d0                crc_calc_TX
 .text.rs485_init
                0x000000000800775c       0x20 Hydrogreen/rs485.o
                0x000000000800775c                rs485_init
 .text.rs485_step
                0x000000000800777c       0x10 Hydrogreen/rs485.o
                0x000000000800777c                rs485_step
 .text.sendData
                0x000000000800778c       0x78 Hydrogreen/rs485.o
 .text.receiveData
                0x0000000008007804       0xd8 Hydrogreen/rs485.o
 .text.HAL_UART_RxCpltCallback
                0x00000000080078dc       0x68 Hydrogreen/rs485.o
                0x00000000080078dc                HAL_UART_RxCpltCallback
 .text.prepareNewDataToSend
                0x0000000008007944      0x188 Hydrogreen/rs485.o
 .text.processReceivedData
                0x0000000008007acc       0x80 Hydrogreen/rs485.o
 .text.resetActData
                0x0000000008007b4c       0x2c Hydrogreen/rs485.o
 .text.timers_init
                0x0000000008007b78       0x1c Hydrogreen/timers.o
                0x0000000008007b78                timers_init
 .text.timers_step
                0x0000000008007b94       0x18 Hydrogreen/timers.o
 .text.setSystemOperatingTime
                0x0000000008007bac       0x88 Hydrogreen/timers.o
 .text.timers_beforeStep1kHz
                0x0000000008007c34       0x18 Hydrogreen/timers.o
                0x0000000008007c34                timers_beforeStep1kHz
 .text.timers_afterStep1kHz
                0x0000000008007c4c       0xd0 Hydrogreen/timers.o
                0x0000000008007c4c                timers_afterStep1kHz
 .text.HAL_SYSTICK_Callback
                0x0000000008007d1c        0xc Hydrogreen/timers.o
                0x0000000008007d1c                HAL_SYSTICK_Callback
 .text.HAL_TIM_PeriodElapsedCallback
                0x0000000008007d28       0x48 Hydrogreen/timers.o
                0x0000000008007d28                HAL_TIM_PeriodElapsedCallback
 .text.watchdog_init
                0x0000000008007d70      0x1a8 Hydrogreen/watchdog.o
                0x0000000008007d70                watchdog_init
 .text.watchdog_step
                0x0000000008007f18       0x14 Hydrogreen/watchdog.o
                0x0000000008007f18                watchdog_step
 .text.__libc_init_array
                0x0000000008007f2c       0x48 d:/program files/stm32cubeide_1.4.0/stm32cubeide/plugins/com.st.stm32cube.ide.mcu.externaltools.gnu-tools-for-stm32.7-2018-q2-update.win32_1.5.0.202011040924/tools/bin/../lib/gcc/arm-none-eabi/7.3.1/../../../../arm-none-eabi/lib/thumb/v7e-m/fpv4-sp/hard\libc_nano.a(lib_a-init.o)
                0x0000000008007f2c                __libc_init_array
 .text.memset   0x0000000008007f74       0x10 d:/program files/stm32cubeide_1.4.0/stm32cubeide/plugins/com.st.stm32cube.ide.mcu.externaltools.gnu-tools-for-stm32.7-2018-q2-update.win32_1.5.0.202011040924/tools/bin/../lib/gcc/arm-none-eabi/7.3.1/../../../../arm-none-eabi/lib/thumb/v7e-m/fpv4-sp/hard\libc_nano.a(lib_a-memset.o)
                0x0000000008007f74                memset
 *(.glue_7)
 .glue_7        0x0000000008007f84        0x0 linker stubs
 *(.glue_7t)
 .glue_7t       0x0000000008007f84        0x0 linker stubs
 *(.eh_frame)
 .eh_frame      0x0000000008007f84        0x0 d:/program files/stm32cubeide_1.4.0/stm32cubeide/plugins/com.st.stm32cube.ide.mcu.externaltools.gnu-tools-for-stm32.7-2018-q2-update.win32_1.5.0.202011040924/tools/bin/../lib/gcc/arm-none-eabi/7.3.1/thumb/v7e-m/fpv4-sp/hard/crtbegin.o
 *(.init)
 .init          0x0000000008007f84        0x4 d:/program files/stm32cubeide_1.4.0/stm32cubeide/plugins/com.st.stm32cube.ide.mcu.externaltools.gnu-tools-for-stm32.7-2018-q2-update.win32_1.5.0.202011040924/tools/bin/../lib/gcc/arm-none-eabi/7.3.1/thumb/v7e-m/fpv4-sp/hard/crti.o
                0x0000000008007f84                _init
 .init          0x0000000008007f88        0x8 d:/program files/stm32cubeide_1.4.0/stm32cubeide/plugins/com.st.stm32cube.ide.mcu.externaltools.gnu-tools-for-stm32.7-2018-q2-update.win32_1.5.0.202011040924/tools/bin/../lib/gcc/arm-none-eabi/7.3.1/thumb/v7e-m/fpv4-sp/hard/crtn.o
 *(.fini)
 .fini          0x0000000008007f90        0x4 d:/program files/stm32cubeide_1.4.0/stm32cubeide/plugins/com.st.stm32cube.ide.mcu.externaltools.gnu-tools-for-stm32.7-2018-q2-update.win32_1.5.0.202011040924/tools/bin/../lib/gcc/arm-none-eabi/7.3.1/thumb/v7e-m/fpv4-sp/hard/crti.o
                0x0000000008007f90                _fini
 .fini          0x0000000008007f94        0x8 d:/program files/stm32cubeide_1.4.0/stm32cubeide/plugins/com.st.stm32cube.ide.mcu.externaltools.gnu-tools-for-stm32.7-2018-q2-update.win32_1.5.0.202011040924/tools/bin/../lib/gcc/arm-none-eabi/7.3.1/thumb/v7e-m/fpv4-sp/hard/crtn.o
                0x0000000008007f9c                . = ALIGN (0x4)
                0x0000000008007f9c                _etext = .

.vfp11_veneer   0x0000000008007f9c        0x0
 .vfp11_veneer  0x0000000008007f9c        0x0 linker stubs

.v4_bx          0x0000000008007f9c        0x0
 .v4_bx         0x0000000008007f9c        0x0 linker stubs

.iplt           0x0000000008007f9c        0x0
 .iplt          0x0000000008007f9c        0x0 d:/program files/stm32cubeide_1.4.0/stm32cubeide/plugins/com.st.stm32cube.ide.mcu.externaltools.gnu-tools-for-stm32.7-2018-q2-update.win32_1.5.0.202011040924/tools/bin/../lib/gcc/arm-none-eabi/7.3.1/thumb/v7e-m/fpv4-sp/hard/crtbegin.o

.rodata         0x0000000008007f9c       0x38
                0x0000000008007f9c                . = ALIGN (0x4)
 *(.rodata)
 *(.rodata*)
 .rodata.AHBPrescTable
                0x0000000008007f9c       0x10 Core/Src/system_stm32f3xx.o
                0x0000000008007f9c                AHBPrescTable
 .rodata.APBPrescTable
                0x0000000008007fac        0x8 Core/Src/system_stm32f3xx.o
                0x0000000008007fac                APBPrescTable
 .rodata.aPLLMULFactorTable
                0x0000000008007fb4       0x10 Drivers/STM32F3xx_HAL_Driver/Src/stm32f3xx_hal_rcc.o
                0x0000000008007fb4                aPLLMULFactorTable
 .rodata.aPredivFactorTable
                0x0000000008007fc4       0x10 Drivers/STM32F3xx_HAL_Driver/Src/stm32f3xx_hal_rcc.o
                0x0000000008007fc4                aPredivFactorTable
                0x0000000008007fd4                . = ALIGN (0x4)

.rel.dyn        0x0000000008007fd4        0x0
 .rel.iplt      0x0000000008007fd4        0x0 d:/program files/stm32cubeide_1.4.0/stm32cubeide/plugins/com.st.stm32cube.ide.mcu.externaltools.gnu-tools-for-stm32.7-2018-q2-update.win32_1.5.0.202011040924/tools/bin/../lib/gcc/arm-none-eabi/7.3.1/thumb/v7e-m/fpv4-sp/hard/crtbegin.o

.ARM.extab      0x0000000008007fd4        0x0
                0x0000000008007fd4                . = ALIGN (0x4)
 *(.ARM.extab* .gnu.linkonce.armextab.*)
                0x0000000008007fd4                . = ALIGN (0x4)

.ARM            0x0000000008007fd4        0x0
                0x0000000008007fd4                . = ALIGN (0x4)
                0x0000000008007fd4                __exidx_start = .
 *(.ARM.exidx*)
                0x0000000008007fd4                __exidx_end = .
                0x0000000008007fd4                . = ALIGN (0x4)

.preinit_array  0x0000000008007fd4        0x0
                0x0000000008007fd4                . = ALIGN (0x4)
                0x0000000008007fd4                PROVIDE (__preinit_array_start = .)
 *(.preinit_array*)
                0x0000000008007fd4                PROVIDE (__preinit_array_end = .)
                0x0000000008007fd4                . = ALIGN (0x4)

.init_array     0x0000000008007fd4        0x4
                0x0000000008007fd4                . = ALIGN (0x4)
                0x0000000008007fd4                PROVIDE (__init_array_start = .)
 *(SORT_BY_NAME(.init_array.*))
 *(.init_array*)
 .init_array    0x0000000008007fd4        0x4 d:/program files/stm32cubeide_1.4.0/stm32cubeide/plugins/com.st.stm32cube.ide.mcu.externaltools.gnu-tools-for-stm32.7-2018-q2-update.win32_1.5.0.202011040924/tools/bin/../lib/gcc/arm-none-eabi/7.3.1/thumb/v7e-m/fpv4-sp/hard/crtbegin.o
                0x0000000008007fd8                PROVIDE (__init_array_end = .)
                0x0000000008007fd8                . = ALIGN (0x4)

.fini_array     0x0000000008007fd8        0x4
                0x0000000008007fd8                . = ALIGN (0x4)
                [!provide]                        PROVIDE (__fini_array_start = .)
 *(SORT_BY_NAME(.fini_array.*))
 *(.fini_array*)
 .fini_array    0x0000000008007fd8        0x4 d:/program files/stm32cubeide_1.4.0/stm32cubeide/plugins/com.st.stm32cube.ide.mcu.externaltools.gnu-tools-for-stm32.7-2018-q2-update.win32_1.5.0.202011040924/tools/bin/../lib/gcc/arm-none-eabi/7.3.1/thumb/v7e-m/fpv4-sp/hard/crtbegin.o
                [!provide]                        PROVIDE (__fini_array_end = .)
                0x0000000008007fdc                . = ALIGN (0x4)
                0x0000000008007fdc                _sidata = LOADADDR (.data)

.data           0x0000000020000000       0x14 load address 0x0000000008007fdc
                0x0000000020000000                . = ALIGN (0x4)
                0x0000000020000000                _sdata = .
 *(.data)
 *(.data*)
 .data.SystemCoreClock
                0x0000000020000000        0x4 Core/Src/system_stm32f3xx.o
                0x0000000020000000                SystemCoreClock
 .data.uwTickPrio
                0x0000000020000004        0x4 Drivers/STM32F3xx_HAL_Driver/Src/stm32f3xx_hal.o
                0x0000000020000004                uwTickPrio
 .data.uwTickFreq
                0x0000000020000008        0x1 Drivers/STM32F3xx_HAL_Driver/Src/stm32f3xx_hal.o
                0x0000000020000008                uwTickFreq
 .data.dupa     0x0000000020000009        0x1 Hydrogreen/Energy_flow.o
                0x0000000020000009                dupa
 *fill*         0x000000002000000a        0x2 
 .data.motorPWM
                0x000000002000000c        0x4 Hydrogreen/motor.o
                0x000000002000000c                motorPWM
 .data.rs485_flt
                0x0000000020000010        0x1 Hydrogreen/rs485.o
                0x0000000020000010                rs485_flt
 *(.RamFunc)
 *(.RamFunc*)
                0x0000000020000014                . = ALIGN (0x4)
 *fill*         0x0000000020000011        0x3 
                0x0000000020000014                _edata = .

.igot.plt       0x0000000020000014        0x0 load address 0x0000000008007ff0
 .igot.plt      0x0000000020000014        0x0 d:/program files/stm32cubeide_1.4.0/stm32cubeide/plugins/com.st.stm32cube.ide.mcu.externaltools.gnu-tools-for-stm32.7-2018-q2-update.win32_1.5.0.202011040924/tools/bin/../lib/gcc/arm-none-eabi/7.3.1/thumb/v7e-m/fpv4-sp/hard/crtbegin.o
                0x0000000020000014                . = ALIGN (0x4)

.bss            0x0000000020000014      0x53c load address 0x0000000008007ff0
                0x0000000020000014                _sbss = .
                0x0000000020000014                __bss_start__ = _sbss
 *(.bss)
 .bss           0x0000000020000014       0x1c d:/program files/stm32cubeide_1.4.0/stm32cubeide/plugins/com.st.stm32cube.ide.mcu.externaltools.gnu-tools-for-stm32.7-2018-q2-update.win32_1.5.0.202011040924/tools/bin/../lib/gcc/arm-none-eabi/7.3.1/thumb/v7e-m/fpv4-sp/hard/crtbegin.o
 *(.bss*)
 .bss.dupaPWM   0x0000000020000030        0x4 Hydrogreen/Energy_flow.o
                0x0000000020000030                dupaPWM
 .bss.dupaStanSC
                0x0000000020000034        0x1 Hydrogreen/Energy_flow.o
                0x0000000020000034                dupaStanSC
 .bss.time.8549
                0x0000000020000035        0x1 Hydrogreen/Energy_flow.o
 .bss.sampleTime
                0x0000000020000036        0x1 Hydrogreen/fans.o
 .bss.pulses_1  0x0000000020000037        0x1 Hydrogreen/fans.o
 .bss.pulses_2  0x0000000020000038        0x1 Hydrogreen/fans.o
 .bss.time.8426
                0x0000000020000039        0x1 Hydrogreen/pidController.o
 *fill*         0x000000002000003a        0x2 
 .bss.dataFromRx
                0x000000002000003c        0x6 Hydrogreen/rs485.o
 .bss.posInRxTab
                0x0000000020000042        0x2 Hydrogreen/rs485.o
 .bss.intRxCplt
                0x0000000020000044        0x1 Hydrogreen/rs485.o
 *fill*         0x0000000020000045        0x3 
 .bss.dataToTx  0x0000000020000048       0x15 Hydrogreen/rs485.o
 *fill*         0x000000002000005d        0x1 
 .bss.posInTxTab
                0x000000002000005e        0x2 Hydrogreen/rs485.o
 .bss.emergency
                0x0000000020000060        0x1 Hydrogreen/rs485.o
                0x0000000020000060                emergency
 .bss.SumaKontrolnaBoKtosMimeczyDupe
                0x0000000020000061        0x1 Hydrogreen/rs485.o
                0x0000000020000061                SumaKontrolnaBoKtosMimeczyDupe
 *fill*         0x0000000020000062        0x2 
 .bss.rejectedFramesInRow
                0x0000000020000064        0x4 Hydrogreen/rs485.o
                0x0000000020000064                rejectedFramesInRow
 .bss.RS485_BUFF
                0x0000000020000068        0x2 Hydrogreen/rs485.o
 .bss.cntEndOfTxTick.8466
                0x000000002000006a        0x2 Hydrogreen/rs485.o
 .bss.cntEndOfRxTick.8470
                0x000000002000006c        0x4 Hydrogreen/rs485.o
 .bss.timers_sysCycle100kHzCnt
                0x0000000020000070        0x4 Hydrogreen/timers.o
 .bss.initFlag.8397
                0x0000000020000074        0x1 Hydrogreen/timers.o
 *fill*         0x0000000020000075        0x3 
 .bss.actSysCyclePeriod.8398
                0x0000000020000078        0x4 Hydrogreen/timers.o
 .bss.avgCnt.8400
                0x000000002000007c        0x2 Hydrogreen/timers.o
 *fill*         0x000000002000007e        0x2 
 .bss.avgSysCyclePeriodSum.8399
                0x0000000020000080        0x4 Hydrogreen/timers.o
 *(COMMON)
 COMMON         0x0000000020000084       0x94 Core/Src/adc.o
                0x0000000020000084                hadc2
                0x00000000200000d4                hdma_adc2
 COMMON         0x0000000020000118       0x24 Core/Src/crc.o
                0x0000000020000118                hcrc
 COMMON         0x000000002000013c       0x10 Core/Src/iwdg.o
                0x000000002000013c                hiwdg
 COMMON         0x000000002000014c      0x204 Core/Src/tim.o
                0x000000002000014c                hdma_tim1_ch1
                0x0000000020000190                hdma_tim2_ch1
                0x00000000200001d4                htim3
                0x0000000020000220                htim6
                0x000000002000026c                htim1
                0x00000000200002b8                htim2
                0x0000000020000304                htim7
 COMMON         0x0000000020000350       0xc8 Core/Src/usart.o
                0x0000000020000350                hdma_usart2_rx
                0x0000000020000394                huart2
 COMMON         0x0000000020000418        0x4 Drivers/STM32F3xx_HAL_Driver/Src/stm32f3xx_hal.o
                0x0000000020000418                uwTick
 COMMON         0x000000002000041c       0x68 Hydrogreen/Energy_flow.o
                0x000000002000041c                SC_C_regulator
                0x000000002000046c                hydros
 COMMON         0x0000000020000484        0x8 Hydrogreen/fans.o
                0x0000000020000484                FANS
 COMMON         0x000000002000048c       0x50 Hydrogreen/measurements.o
                0x000000002000048c                VALUES
                0x00000000200004cc                sc_voltage_diff
                0x00000000200004d0                adcDataToCalculate
                0x00000000200004d8                sc_voltage_diff_value
 COMMON         0x00000000200004dc       0x50 Hydrogreen/pidController.o
                0x00000000200004dc                FC_T_PID
 COMMON         0x000000002000052c        0x4 Hydrogreen/rs485.o
                0x000000002000052c                RS485_RX_VERIFIED_DATA
 COMMON         0x0000000020000530       0x1c Hydrogreen/timers.o
                0x0000000020000530                timers_tick10kHz
                0x0000000020000532                timers_mainTimeMiliseconds
                0x0000000020000534                timers_tick1kHz
                0x0000000020000535                timers_mainTimeHours
                0x0000000020000538                timers_maxSysCyclePeriod
                0x000000002000053c                timers_mainTimeMinutes
                0x0000000020000540                timers_minSysCyclePeriod
                0x0000000020000544                timers_mainTimeSeconds
                0x0000000020000548                timers_avgSysCyclePeriod
 COMMON         0x000000002000054c        0x1 Hydrogreen/watchdog.o
                0x000000002000054c                watchdog_flt
                0x0000000020000550                . = ALIGN (0x4)
 *fill*         0x000000002000054d        0x3 
                0x0000000020000550                _ebss = .
                0x0000000020000550                __bss_end__ = _ebss

._user_heap_stack
                0x0000000020000550      0x600 load address 0x0000000008007ff0
                0x0000000020000550                . = ALIGN (0x8)
                [!provide]                        PROVIDE (end = .)
                0x0000000020000550                PROVIDE (_end = .)
                0x0000000020000750                . = (. + _Min_Heap_Size)
 *fill*         0x0000000020000550      0x200 
                0x0000000020000b50                . = (. + _Min_Stack_Size)
 *fill*         0x0000000020000750      0x400 
                0x0000000020000b50                . = ALIGN (0x8)

/DISCARD/
 libc.a(*)
 libm.a(*)
 libgcc.a(*)

.ARM.attributes
                0x0000000000000000       0x30
 *(.ARM.attributes)
 .ARM.attributes
                0x0000000000000000       0x22 d:/program files/stm32cubeide_1.4.0/stm32cubeide/plugins/com.st.stm32cube.ide.mcu.externaltools.gnu-tools-for-stm32.7-2018-q2-update.win32_1.5.0.202011040924/tools/bin/../lib/gcc/arm-none-eabi/7.3.1/thumb/v7e-m/fpv4-sp/hard/crti.o
 .ARM.attributes
                0x0000000000000022       0x34 d:/program files/stm32cubeide_1.4.0/stm32cubeide/plugins/com.st.stm32cube.ide.mcu.externaltools.gnu-tools-for-stm32.7-2018-q2-update.win32_1.5.0.202011040924/tools/bin/../lib/gcc/arm-none-eabi/7.3.1/thumb/v7e-m/fpv4-sp/hard/crtbegin.o
 .ARM.attributes
                0x0000000000000056       0x39 Core/Src/adc.o
 .ARM.attributes
                0x000000000000008f       0x39 Core/Src/crc.o
 .ARM.attributes
                0x00000000000000c8       0x39 Core/Src/dma.o
 .ARM.attributes
                0x0000000000000101       0x39 Core/Src/gpio.o
 .ARM.attributes
                0x000000000000013a       0x39 Core/Src/iwdg.o
 .ARM.attributes
                0x0000000000000173       0x39 Core/Src/main.o
 .ARM.attributes
                0x00000000000001ac       0x39 Core/Src/stm32f3xx_hal_msp.o
 .ARM.attributes
                0x00000000000001e5       0x39 Core/Src/stm32f3xx_it.o
 .ARM.attributes
                0x000000000000021e       0x39 Core/Src/system_stm32f3xx.o
 .ARM.attributes
                0x0000000000000257       0x39 Core/Src/tim.o
 .ARM.attributes
                0x0000000000000290       0x39 Core/Src/usart.o
 .ARM.attributes
                0x00000000000002c9       0x21 Core/Startup/startup_stm32f303k8tx.o
 .ARM.attributes
                0x00000000000002ea       0x39 Drivers/STM32F3xx_HAL_Driver/Src/stm32f3xx_hal.o
 .ARM.attributes
                0x0000000000000323       0x39 Drivers/STM32F3xx_HAL_Driver/Src/stm32f3xx_hal_adc.o
 .ARM.attributes
                0x000000000000035c       0x39 Drivers/STM32F3xx_HAL_Driver/Src/stm32f3xx_hal_adc_ex.o
 .ARM.attributes
                0x0000000000000395       0x39 Drivers/STM32F3xx_HAL_Driver/Src/stm32f3xx_hal_cortex.o
 .ARM.attributes
                0x00000000000003ce       0x39 Drivers/STM32F3xx_HAL_Driver/Src/stm32f3xx_hal_crc.o
 .ARM.attributes
                0x0000000000000407       0x39 Drivers/STM32F3xx_HAL_Driver/Src/stm32f3xx_hal_crc_ex.o
 .ARM.attributes
                0x0000000000000440       0x39 Drivers/STM32F3xx_HAL_Driver/Src/stm32f3xx_hal_dma.o
 .ARM.attributes
                0x0000000000000479       0x39 Drivers/STM32F3xx_HAL_Driver/Src/stm32f3xx_hal_gpio.o
 .ARM.attributes
                0x00000000000004b2       0x39 Drivers/STM32F3xx_HAL_Driver/Src/stm32f3xx_hal_iwdg.o
 .ARM.attributes
                0x00000000000004eb       0x39 Drivers/STM32F3xx_HAL_Driver/Src/stm32f3xx_hal_rcc.o
 .ARM.attributes
                0x0000000000000524       0x39 Drivers/STM32F3xx_HAL_Driver/Src/stm32f3xx_hal_rcc_ex.o
 .ARM.attributes
                0x000000000000055d       0x39 Drivers/STM32F3xx_HAL_Driver/Src/stm32f3xx_hal_tim.o
 .ARM.attributes
                0x0000000000000596       0x39 Drivers/STM32F3xx_HAL_Driver/Src/stm32f3xx_hal_tim_ex.o
 .ARM.attributes
                0x00000000000005cf       0x39 Drivers/STM32F3xx_HAL_Driver/Src/stm32f3xx_hal_uart.o
 .ARM.attributes
                0x0000000000000608       0x39 Drivers/STM32F3xx_HAL_Driver/Src/stm32f3xx_hal_uart_ex.o
 .ARM.attributes
                0x0000000000000641       0x39 Hydrogreen/Energy_flow.o
 .ARM.attributes
                0x000000000000067a       0x39 Hydrogreen/fans.o
 .ARM.attributes
                0x00000000000006b3       0x39 Hydrogreen/hydrogreen.o
 .ARM.attributes
                0x00000000000006ec       0x39 Hydrogreen/measurements.o
 .ARM.attributes
                0x0000000000000725       0x39 Hydrogreen/motor.o
 .ARM.attributes
                0x000000000000075e       0x39 Hydrogreen/pidController.o
 .ARM.attributes
                0x0000000000000797       0x39 Hydrogreen/rs485.o
 .ARM.attributes
                0x00000000000007d0       0x39 Hydrogreen/timers.o
 .ARM.attributes
                0x0000000000000809       0x39 Hydrogreen/watchdog.o
 .ARM.attributes
                0x0000000000000842       0x34 d:/program files/stm32cubeide_1.4.0/stm32cubeide/plugins/com.st.stm32cube.ide.mcu.externaltools.gnu-tools-for-stm32.7-2018-q2-update.win32_1.5.0.202011040924/tools/bin/../lib/gcc/arm-none-eabi/7.3.1/../../../../arm-none-eabi/lib/thumb/v7e-m/fpv4-sp/hard\libc_nano.a(lib_a-init.o)
 .ARM.attributes
                0x0000000000000876       0x34 d:/program files/stm32cubeide_1.4.0/stm32cubeide/plugins/com.st.stm32cube.ide.mcu.externaltools.gnu-tools-for-stm32.7-2018-q2-update.win32_1.5.0.202011040924/tools/bin/../lib/gcc/arm-none-eabi/7.3.1/../../../../arm-none-eabi/lib/thumb/v7e-m/fpv4-sp/hard\libc_nano.a(lib_a-memset.o)
 .ARM.attributes
                0x00000000000008aa       0x22 d:/program files/stm32cubeide_1.4.0/stm32cubeide/plugins/com.st.stm32cube.ide.mcu.externaltools.gnu-tools-for-stm32.7-2018-q2-update.win32_1.5.0.202011040924/tools/bin/../lib/gcc/arm-none-eabi/7.3.1/thumb/v7e-m/fpv4-sp/hard/crtn.o
OUTPUT(Test_EnergyFlow1.elf elf32-littlearm)

.debug_info     0x0000000000000000    0x18794
 .debug_info    0x0000000000000000      0xb21 Core/Src/adc.o
 .debug_info    0x0000000000000b21      0x49d Core/Src/crc.o
 .debug_info    0x0000000000000fbe      0x3a2 Core/Src/dma.o
 .debug_info    0x0000000000001360      0x515 Core/Src/gpio.o
 .debug_info    0x0000000000001875      0x281 Core/Src/iwdg.o
 .debug_info    0x0000000000001af6     0x11f2 Core/Src/main.o
 .debug_info    0x0000000000002ce8      0x278 Core/Src/stm32f3xx_hal_msp.o
 .debug_info    0x0000000000002f60      0xb89 Core/Src/stm32f3xx_it.o
 .debug_info    0x0000000000003ae9      0x45c Core/Src/system_stm32f3xx.o
 .debug_info    0x0000000000003f45      0xeb0 Core/Src/tim.o
 .debug_info    0x0000000000004df5      0xa8a Core/Src/usart.o
 .debug_info    0x000000000000587f       0x22 Core/Startup/startup_stm32f303k8tx.o
 .debug_info    0x00000000000058a1      0x758 Drivers/STM32F3xx_HAL_Driver/Src/stm32f3xx_hal.o
 .debug_info    0x0000000000005ff9      0xbce Drivers/STM32F3xx_HAL_Driver/Src/stm32f3xx_hal_adc.o
 .debug_info    0x0000000000006bc7     0x1571 Drivers/STM32F3xx_HAL_Driver/Src/stm32f3xx_hal_adc_ex.o
 .debug_info    0x0000000000008138      0xb54 Drivers/STM32F3xx_HAL_Driver/Src/stm32f3xx_hal_cortex.o
 .debug_info    0x0000000000008c8c      0x5df Drivers/STM32F3xx_HAL_Driver/Src/stm32f3xx_hal_crc.o
 .debug_info    0x000000000000926b      0x429 Drivers/STM32F3xx_HAL_Driver/Src/stm32f3xx_hal_crc_ex.o
 .debug_info    0x0000000000009694      0x7cb Drivers/STM32F3xx_HAL_Driver/Src/stm32f3xx_hal_dma.o
 .debug_info    0x0000000000009e5f      0x7c1 Drivers/STM32F3xx_HAL_Driver/Src/stm32f3xx_hal_gpio.o
 .debug_info    0x000000000000a620      0x2c3 Drivers/STM32F3xx_HAL_Driver/Src/stm32f3xx_hal_iwdg.o
 .debug_info    0x000000000000a8e3     0x180f Drivers/STM32F3xx_HAL_Driver/Src/stm32f3xx_hal_rcc.o
 .debug_info    0x000000000000c0f2      0x608 Drivers/STM32F3xx_HAL_Driver/Src/stm32f3xx_hal_rcc_ex.o
 .debug_info    0x000000000000c6fa     0x2901 Drivers/STM32F3xx_HAL_Driver/Src/stm32f3xx_hal_tim.o
 .debug_info    0x000000000000effb     0x144c Drivers/STM32F3xx_HAL_Driver/Src/stm32f3xx_hal_tim_ex.o
 .debug_info    0x0000000000010447     0x16a2 Drivers/STM32F3xx_HAL_Driver/Src/stm32f3xx_hal_uart.o
 .debug_info    0x0000000000011ae9      0xa11 Drivers/STM32F3xx_HAL_Driver/Src/stm32f3xx_hal_uart_ex.o
 .debug_info    0x00000000000124fa     0x112d Hydrogreen/Energy_flow.o
 .debug_info    0x0000000000013627      0x87e Hydrogreen/fans.o
 .debug_info    0x0000000000013ea5      0xc52 Hydrogreen/hydrogreen.o
 .debug_info    0x0000000000014af7      0x997 Hydrogreen/measurements.o
 .debug_info    0x000000000001548e      0x7cf Hydrogreen/motor.o
 .debug_info    0x0000000000015c5d      0xab6 Hydrogreen/pidController.o
 .debug_info    0x0000000000016713     0x1169 Hydrogreen/rs485.o
 .debug_info    0x000000000001787c      0x8d1 Hydrogreen/timers.o
 .debug_info    0x000000000001814d      0x647 Hydrogreen/watchdog.o

.debug_abbrev   0x0000000000000000     0x3c96
 .debug_abbrev  0x0000000000000000      0x1aa Core/Src/adc.o
 .debug_abbrev  0x00000000000001aa      0x159 Core/Src/crc.o
 .debug_abbrev  0x0000000000000303      0x107 Core/Src/dma.o
 .debug_abbrev  0x000000000000040a      0x13d Core/Src/gpio.o
 .debug_abbrev  0x0000000000000547      0x118 Core/Src/iwdg.o
 .debug_abbrev  0x000000000000065f      0x194 Core/Src/main.o
 .debug_abbrev  0x00000000000007f3      0x109 Core/Src/stm32f3xx_hal_msp.o
 .debug_abbrev  0x00000000000008fc      0x172 Core/Src/stm32f3xx_it.o
 .debug_abbrev  0x0000000000000a6e      0x12b Core/Src/system_stm32f3xx.o
 .debug_abbrev  0x0000000000000b99      0x1fc Core/Src/tim.o
 .debug_abbrev  0x0000000000000d95      0x1b3 Core/Src/usart.o
 .debug_abbrev  0x0000000000000f48       0x12 Core/Startup/startup_stm32f303k8tx.o
 .debug_abbrev  0x0000000000000f5a      0x1c7 Drivers/STM32F3xx_HAL_Driver/Src/stm32f3xx_hal.o
 .debug_abbrev  0x0000000000001121      0x187 Drivers/STM32F3xx_HAL_Driver/Src/stm32f3xx_hal_adc.o
 .debug_abbrev  0x00000000000012a8      0x225 Drivers/STM32F3xx_HAL_Driver/Src/stm32f3xx_hal_adc_ex.o
 .debug_abbrev  0x00000000000014cd      0x2d5 Drivers/STM32F3xx_HAL_Driver/Src/stm32f3xx_hal_cortex.o
 .debug_abbrev  0x00000000000017a2      0x1d1 Drivers/STM32F3xx_HAL_Driver/Src/stm32f3xx_hal_crc.o
 .debug_abbrev  0x0000000000001973      0x165 Drivers/STM32F3xx_HAL_Driver/Src/stm32f3xx_hal_crc_ex.o
 .debug_abbrev  0x0000000000001ad8      0x1fe Drivers/STM32F3xx_HAL_Driver/Src/stm32f3xx_hal_dma.o
 .debug_abbrev  0x0000000000001cd6      0x1c0 Drivers/STM32F3xx_HAL_Driver/Src/stm32f3xx_hal_gpio.o
 .debug_abbrev  0x0000000000001e96      0x147 Drivers/STM32F3xx_HAL_Driver/Src/stm32f3xx_hal_iwdg.o
 .debug_abbrev  0x0000000000001fdd      0x28c Drivers/STM32F3xx_HAL_Driver/Src/stm32f3xx_hal_rcc.o
 .debug_abbrev  0x0000000000002269      0x208 Drivers/STM32F3xx_HAL_Driver/Src/stm32f3xx_hal_rcc_ex.o
 .debug_abbrev  0x0000000000002471      0x230 Drivers/STM32F3xx_HAL_Driver/Src/stm32f3xx_hal_tim.o
 .debug_abbrev  0x00000000000026a1      0x236 Drivers/STM32F3xx_HAL_Driver/Src/stm32f3xx_hal_tim_ex.o
 .debug_abbrev  0x00000000000028d7      0x215 Drivers/STM32F3xx_HAL_Driver/Src/stm32f3xx_hal_uart.o
 .debug_abbrev  0x0000000000002aec      0x1e2 Drivers/STM32F3xx_HAL_Driver/Src/stm32f3xx_hal_uart_ex.o
 .debug_abbrev  0x0000000000002cce      0x231 Hydrogreen/Energy_flow.o
 .debug_abbrev  0x0000000000002eff      0x1b7 Hydrogreen/fans.o
 .debug_abbrev  0x00000000000030b6      0x188 Hydrogreen/hydrogreen.o
 .debug_abbrev  0x000000000000323e      0x17d Hydrogreen/measurements.o
 .debug_abbrev  0x00000000000033bb      0x16b Hydrogreen/motor.o
 .debug_abbrev  0x0000000000003526      0x18c Hydrogreen/pidController.o
 .debug_abbrev  0x00000000000036b2      0x278 Hydrogreen/rs485.o
 .debug_abbrev  0x000000000000392a      0x1cb Hydrogreen/timers.o
 .debug_abbrev  0x0000000000003af5      0x1a1 Hydrogreen/watchdog.o

.debug_aranges  0x0000000000000000     0x1340
 .debug_aranges
                0x0000000000000000       0x30 Core/Src/adc.o
 .debug_aranges
                0x0000000000000030       0x30 Core/Src/crc.o
 .debug_aranges
                0x0000000000000060       0x20 Core/Src/dma.o
 .debug_aranges
                0x0000000000000080       0x20 Core/Src/gpio.o
 .debug_aranges
                0x00000000000000a0       0x20 Core/Src/iwdg.o
 .debug_aranges
                0x00000000000000c0       0x30 Core/Src/main.o
 .debug_aranges
                0x00000000000000f0       0x20 Core/Src/stm32f3xx_hal_msp.o
 .debug_aranges
                0x0000000000000110       0xb0 Core/Src/stm32f3xx_it.o
 .debug_aranges
                0x00000000000001c0       0x28 Core/Src/system_stm32f3xx.o
 .debug_aranges
                0x00000000000001e8       0x58 Core/Src/tim.o
 .debug_aranges
                0x0000000000000240       0x30 Core/Src/usart.o
 .debug_aranges
                0x0000000000000270       0x28 Core/Startup/startup_stm32f303k8tx.o
 .debug_aranges
                0x0000000000000298       0xe0 Drivers/STM32F3xx_HAL_Driver/Src/stm32f3xx_hal.o
 .debug_aranges
                0x0000000000000378       0xc8 Drivers/STM32F3xx_HAL_Driver/Src/stm32f3xx_hal_adc.o
 .debug_aranges
                0x0000000000000440      0x168 Drivers/STM32F3xx_HAL_Driver/Src/stm32f3xx_hal_adc_ex.o
 .debug_aranges
                0x00000000000005a8      0x100 Drivers/STM32F3xx_HAL_Driver/Src/stm32f3xx_hal_cortex.o
 .debug_aranges
                0x00000000000006a8       0x60 Drivers/STM32F3xx_HAL_Driver/Src/stm32f3xx_hal_crc.o
 .debug_aranges
                0x0000000000000708       0x30 Drivers/STM32F3xx_HAL_Driver/Src/stm32f3xx_hal_crc_ex.o
 .debug_aranges
                0x0000000000000738       0x88 Drivers/STM32F3xx_HAL_Driver/Src/stm32f3xx_hal_dma.o
 .debug_aranges
                0x00000000000007c0       0x58 Drivers/STM32F3xx_HAL_Driver/Src/stm32f3xx_hal_gpio.o
 .debug_aranges
                0x0000000000000818       0x28 Drivers/STM32F3xx_HAL_Driver/Src/stm32f3xx_hal_iwdg.o
 .debug_aranges
                0x0000000000000840       0x88 Drivers/STM32F3xx_HAL_Driver/Src/stm32f3xx_hal_rcc.o
 .debug_aranges
                0x00000000000008c8       0x38 Drivers/STM32F3xx_HAL_Driver/Src/stm32f3xx_hal_rcc_ex.o
 .debug_aranges
                0x0000000000000900      0x3e0 Drivers/STM32F3xx_HAL_Driver/Src/stm32f3xx_hal_tim.o
 .debug_aranges
                0x0000000000000ce0      0x178 Drivers/STM32F3xx_HAL_Driver/Src/stm32f3xx_hal_tim_ex.o
 .debug_aranges
                0x0000000000000e58      0x228 Drivers/STM32F3xx_HAL_Driver/Src/stm32f3xx_hal_uart.o
 .debug_aranges
                0x0000000000001080       0x68 Drivers/STM32F3xx_HAL_Driver/Src/stm32f3xx_hal_uart_ex.o
 .debug_aranges
                0x00000000000010e8       0x78 Hydrogreen/Energy_flow.o
 .debug_aranges
                0x0000000000001160       0x38 Hydrogreen/fans.o
 .debug_aranges
                0x0000000000001198       0x40 Hydrogreen/hydrogreen.o
 .debug_aranges
                0x00000000000011d8       0x38 Hydrogreen/measurements.o
 .debug_aranges
                0x0000000000001210       0x28 Hydrogreen/motor.o
 .debug_aranges
                0x0000000000001238       0x28 Hydrogreen/pidController.o
 .debug_aranges
                0x0000000000001260       0x68 Hydrogreen/rs485.o
 .debug_aranges
                0x00000000000012c8       0x50 Hydrogreen/timers.o
 .debug_aranges
                0x0000000000001318       0x28 Hydrogreen/watchdog.o

.debug_ranges   0x0000000000000000     0x1138
 .debug_ranges  0x0000000000000000       0x20 Core/Src/adc.o
 .debug_ranges  0x0000000000000020       0x20 Core/Src/crc.o
 .debug_ranges  0x0000000000000040       0x10 Core/Src/dma.o
 .debug_ranges  0x0000000000000050       0x10 Core/Src/gpio.o
 .debug_ranges  0x0000000000000060       0x10 Core/Src/iwdg.o
 .debug_ranges  0x0000000000000070       0x20 Core/Src/main.o
 .debug_ranges  0x0000000000000090       0x10 Core/Src/stm32f3xx_hal_msp.o
 .debug_ranges  0x00000000000000a0       0xa0 Core/Src/stm32f3xx_it.o
 .debug_ranges  0x0000000000000140       0x18 Core/Src/system_stm32f3xx.o
 .debug_ranges  0x0000000000000158       0x48 Core/Src/tim.o
 .debug_ranges  0x00000000000001a0       0x20 Core/Src/usart.o
 .debug_ranges  0x00000000000001c0       0x20 Core/Startup/startup_stm32f303k8tx.o
 .debug_ranges  0x00000000000001e0       0xd0 Drivers/STM32F3xx_HAL_Driver/Src/stm32f3xx_hal.o
 .debug_ranges  0x00000000000002b0       0xb8 Drivers/STM32F3xx_HAL_Driver/Src/stm32f3xx_hal_adc.o
 .debug_ranges  0x0000000000000368      0x158 Drivers/STM32F3xx_HAL_Driver/Src/stm32f3xx_hal_adc_ex.o
 .debug_ranges  0x00000000000004c0       0xf0 Drivers/STM32F3xx_HAL_Driver/Src/stm32f3xx_hal_cortex.o
 .debug_ranges  0x00000000000005b0       0x50 Drivers/STM32F3xx_HAL_Driver/Src/stm32f3xx_hal_crc.o
 .debug_ranges  0x0000000000000600       0x20 Drivers/STM32F3xx_HAL_Driver/Src/stm32f3xx_hal_crc_ex.o
 .debug_ranges  0x0000000000000620       0x78 Drivers/STM32F3xx_HAL_Driver/Src/stm32f3xx_hal_dma.o
 .debug_ranges  0x0000000000000698       0x48 Drivers/STM32F3xx_HAL_Driver/Src/stm32f3xx_hal_gpio.o
 .debug_ranges  0x00000000000006e0       0x18 Drivers/STM32F3xx_HAL_Driver/Src/stm32f3xx_hal_iwdg.o
 .debug_ranges  0x00000000000006f8       0x78 Drivers/STM32F3xx_HAL_Driver/Src/stm32f3xx_hal_rcc.o
 .debug_ranges  0x0000000000000770       0x28 Drivers/STM32F3xx_HAL_Driver/Src/stm32f3xx_hal_rcc_ex.o
 .debug_ranges  0x0000000000000798      0x3d0 Drivers/STM32F3xx_HAL_Driver/Src/stm32f3xx_hal_tim.o
 .debug_ranges  0x0000000000000b68      0x168 Drivers/STM32F3xx_HAL_Driver/Src/stm32f3xx_hal_tim_ex.o
 .debug_ranges  0x0000000000000cd0      0x248 Drivers/STM32F3xx_HAL_Driver/Src/stm32f3xx_hal_uart.o
 .debug_ranges  0x0000000000000f18       0x58 Drivers/STM32F3xx_HAL_Driver/Src/stm32f3xx_hal_uart_ex.o
 .debug_ranges  0x0000000000000f70       0x68 Hydrogreen/Energy_flow.o
 .debug_ranges  0x0000000000000fd8       0x28 Hydrogreen/fans.o
 .debug_ranges  0x0000000000001000       0x30 Hydrogreen/hydrogreen.o
 .debug_ranges  0x0000000000001030       0x28 Hydrogreen/measurements.o
 .debug_ranges  0x0000000000001058       0x18 Hydrogreen/motor.o
 .debug_ranges  0x0000000000001070       0x18 Hydrogreen/pidController.o
 .debug_ranges  0x0000000000001088       0x58 Hydrogreen/rs485.o
 .debug_ranges  0x00000000000010e0       0x40 Hydrogreen/timers.o
 .debug_ranges  0x0000000000001120       0x18 Hydrogreen/watchdog.o

.debug_macro    0x0000000000000000    0x1eba0
 .debug_macro   0x0000000000000000      0x216 Core/Src/adc.o
 .debug_macro   0x0000000000000216      0xa5a Core/Src/adc.o
 .debug_macro   0x0000000000000c70      0x169 Core/Src/adc.o
 .debug_macro   0x0000000000000dd9       0x2e Core/Src/adc.o
 .debug_macro   0x0000000000000e07       0x28 Core/Src/adc.o
 .debug_macro   0x0000000000000e2f       0x22 Core/Src/adc.o
 .debug_macro   0x0000000000000e51       0x8e Core/Src/adc.o
 .debug_macro   0x0000000000000edf       0x51 Core/Src/adc.o
 .debug_macro   0x0000000000000f30       0xef Core/Src/adc.o
 .debug_macro   0x000000000000101f       0x6a Core/Src/adc.o
 .debug_macro   0x0000000000001089      0x1df Core/Src/adc.o
 .debug_macro   0x0000000000001268       0x1c Core/Src/adc.o
 .debug_macro   0x0000000000001284       0x22 Core/Src/adc.o
 .debug_macro   0x00000000000012a6       0xdf Core/Src/adc.o
 .debug_macro   0x0000000000001385      0xf07 Core/Src/adc.o
 .debug_macro   0x000000000000228c    0x10bd9 Core/Src/adc.o
 .debug_macro   0x0000000000012e65       0x43 Core/Src/adc.o
 .debug_macro   0x0000000000012ea8     0x35e9 Core/Src/adc.o
 .debug_macro   0x0000000000016491      0x174 Core/Src/adc.o
 .debug_macro   0x0000000000016605       0x55 Core/Src/adc.o
 .debug_macro   0x000000000001665a      0x8f9 Core/Src/adc.o
 .debug_macro   0x0000000000016f53      0x304 Core/Src/adc.o
 .debug_macro   0x0000000000017257      0x12f Core/Src/adc.o
 .debug_macro   0x0000000000017386      0x11b Core/Src/adc.o
 .debug_macro   0x00000000000174a1      0x1d5 Core/Src/adc.o
 .debug_macro   0x0000000000017676      0x1bc Core/Src/adc.o
 .debug_macro   0x0000000000017832       0x34 Core/Src/adc.o
 .debug_macro   0x0000000000017866       0x3c Core/Src/adc.o
 .debug_macro   0x00000000000178a2       0x57 Core/Src/adc.o
 .debug_macro   0x00000000000178f9      0x87d Core/Src/adc.o
 .debug_macro   0x0000000000018176       0x77 Core/Src/adc.o
 .debug_macro   0x00000000000181ed       0xd5 Core/Src/adc.o
 .debug_macro   0x00000000000182c2       0x4c Core/Src/adc.o
 .debug_macro   0x000000000001830e       0xc5 Core/Src/adc.o
 .debug_macro   0x00000000000183d3      0x19f Core/Src/adc.o
 .debug_macro   0x0000000000018572      0x22c Core/Src/adc.o
 .debug_macro   0x000000000001879e       0x5b Core/Src/adc.o
 .debug_macro   0x00000000000187f9       0xa5 Core/Src/adc.o
 .debug_macro   0x000000000001889e       0x85 Core/Src/adc.o
 .debug_macro   0x0000000000018923       0x81 Core/Src/adc.o
 .debug_macro   0x00000000000189a4       0xd3 Core/Src/adc.o
 .debug_macro   0x0000000000018a77      0xa3d Core/Src/adc.o
 .debug_macro   0x00000000000194b4       0x59 Core/Src/adc.o
 .debug_macro   0x000000000001950d      0x5a5 Core/Src/adc.o
 .debug_macro   0x0000000000019ab2       0x44 Core/Src/adc.o
 .debug_macro   0x0000000000019af6      0x285 Core/Src/adc.o
 .debug_macro   0x0000000000019d7b       0xdc Core/Src/adc.o
 .debug_macro   0x0000000000019e57      0x216 Core/Src/crc.o
 .debug_macro   0x000000000001a06d      0x216 Core/Src/dma.o
 .debug_macro   0x000000000001a283      0x216 Core/Src/gpio.o
 .debug_macro   0x000000000001a499      0x216 Core/Src/iwdg.o
 .debug_macro   0x000000000001a6af      0x268 Core/Src/main.o
 .debug_macro   0x000000000001a917      0x34e Core/Src/main.o
 .debug_macro   0x000000000001ac65       0x10 Core/Src/main.o
 .debug_macro   0x000000000001ac75      0x20c Core/Src/stm32f3xx_hal_msp.o
 .debug_macro   0x000000000001ae81      0x216 Core/Src/stm32f3xx_it.o
 .debug_macro   0x000000000001b097      0x1fd Core/Src/system_stm32f3xx.o
 .debug_macro   0x000000000001b294      0x216 Core/Src/tim.o
 .debug_macro   0x000000000001b4aa      0x216 Core/Src/usart.o
 .debug_macro   0x000000000001b6c0      0x221 Drivers/STM32F3xx_HAL_Driver/Src/stm32f3xx_hal.o
 .debug_macro   0x000000000001b8e1      0x1fe Drivers/STM32F3xx_HAL_Driver/Src/stm32f3xx_hal_adc.o
 .debug_macro   0x000000000001badf      0x227 Drivers/STM32F3xx_HAL_Driver/Src/stm32f3xx_hal_adc_ex.o
 .debug_macro   0x000000000001bd06      0x1fd Drivers/STM32F3xx_HAL_Driver/Src/stm32f3xx_hal_cortex.o
 .debug_macro   0x000000000001bf03      0x1fd Drivers/STM32F3xx_HAL_Driver/Src/stm32f3xx_hal_crc.o
 .debug_macro   0x000000000001c100      0x1fd Drivers/STM32F3xx_HAL_Driver/Src/stm32f3xx_hal_crc_ex.o
 .debug_macro   0x000000000001c2fd      0x1fd Drivers/STM32F3xx_HAL_Driver/Src/stm32f3xx_hal_dma.o
 .debug_macro   0x000000000001c4fa      0x235 Drivers/STM32F3xx_HAL_Driver/Src/stm32f3xx_hal_gpio.o
 .debug_macro   0x000000000001c72f      0x204 Drivers/STM32F3xx_HAL_Driver/Src/stm32f3xx_hal_iwdg.o
 .debug_macro   0x000000000001c933      0x221 Drivers/STM32F3xx_HAL_Driver/Src/stm32f3xx_hal_rcc.o
 .debug_macro   0x000000000001cb54      0x1fd Drivers/STM32F3xx_HAL_Driver/Src/stm32f3xx_hal_rcc_ex.o
 .debug_macro   0x000000000001cd51      0x1fe Drivers/STM32F3xx_HAL_Driver/Src/stm32f3xx_hal_tim.o
 .debug_macro   0x000000000001cf4f      0x1fd Drivers/STM32F3xx_HAL_Driver/Src/stm32f3xx_hal_tim_ex.o
 .debug_macro   0x000000000001d14c      0x21a Drivers/STM32F3xx_HAL_Driver/Src/stm32f3xx_hal_uart.o
 .debug_macro   0x000000000001d366      0x1fd Drivers/STM32F3xx_HAL_Driver/Src/stm32f3xx_hal_uart_ex.o
 .debug_macro   0x000000000001d563      0x24c Hydrogreen/Energy_flow.o
 .debug_macro   0x000000000001d7af      0x1d1 Hydrogreen/Energy_flow.o
 .debug_macro   0x000000000001d980       0x10 Hydrogreen/Energy_flow.o
 .debug_macro   0x000000000001d990      0x24e Hydrogreen/fans.o
 .debug_macro   0x000000000001dbde      0x25c Hydrogreen/hydrogreen.o
 .debug_macro   0x000000000001de3a       0x1c Hydrogreen/hydrogreen.o
 .debug_macro   0x000000000001de56      0x232 Hydrogreen/measurements.o
 .debug_macro   0x000000000001e088      0x228 Hydrogreen/motor.o
 .debug_macro   0x000000000001e2b0      0x234 Hydrogreen/pidController.o
 .debug_macro   0x000000000001e4e4      0x268 Hydrogreen/rs485.o
 .debug_macro   0x000000000001e74c      0x22c Hydrogreen/timers.o
 .debug_macro   0x000000000001e978      0x228 Hydrogreen/watchdog.o

.debug_line     0x0000000000000000    0x17054
 .debug_line    0x0000000000000000      0x7da Core/Src/adc.o
 .debug_line    0x00000000000007da      0x7aa Core/Src/crc.o
 .debug_line    0x0000000000000f84      0x784 Core/Src/dma.o
 .debug_line    0x0000000000001708      0x7a8 Core/Src/gpio.o
 .debug_line    0x0000000000001eb0      0x783 Core/Src/iwdg.o
 .debug_line    0x0000000000002633      0x885 Core/Src/main.o
 .debug_line    0x0000000000002eb8      0x783 Core/Src/stm32f3xx_hal_msp.o
 .debug_line    0x000000000000363b      0x8e0 Core/Src/stm32f3xx_it.o
 .debug_line    0x0000000000003f1b      0x7a0 Core/Src/system_stm32f3xx.o
 .debug_line    0x00000000000046bb      0x8ed Core/Src/tim.o
 .debug_line    0x0000000000004fa8      0x7ca Core/Src/usart.o
 .debug_line    0x0000000000005772       0x88 Core/Startup/startup_stm32f303k8tx.o
 .debug_line    0x00000000000057fa      0x95e Drivers/STM32F3xx_HAL_Driver/Src/stm32f3xx_hal.o
 .debug_line    0x0000000000006158      0x90d Drivers/STM32F3xx_HAL_Driver/Src/stm32f3xx_hal_adc.o
 .debug_line    0x0000000000006a65     0x153a Drivers/STM32F3xx_HAL_Driver/Src/stm32f3xx_hal_adc_ex.o
 .debug_line    0x0000000000007f9f      0xa35 Drivers/STM32F3xx_HAL_Driver/Src/stm32f3xx_hal_cortex.o
 .debug_line    0x00000000000089d4      0x8d9 Drivers/STM32F3xx_HAL_Driver/Src/stm32f3xx_hal_crc.o
 .debug_line    0x00000000000092ad      0x7e7 Drivers/STM32F3xx_HAL_Driver/Src/stm32f3xx_hal_crc_ex.o
 .debug_line    0x0000000000009a94      0x997 Drivers/STM32F3xx_HAL_Driver/Src/stm32f3xx_hal_dma.o
 .debug_line    0x000000000000a42b      0x8fd Drivers/STM32F3xx_HAL_Driver/Src/stm32f3xx_hal_gpio.o
 .debug_line    0x000000000000ad28      0x7b6 Drivers/STM32F3xx_HAL_Driver/Src/stm32f3xx_hal_iwdg.o
 .debug_line    0x000000000000b4de      0xed6 Drivers/STM32F3xx_HAL_Driver/Src/stm32f3xx_hal_rcc.o
 .debug_line    0x000000000000c3b4      0x92b Drivers/STM32F3xx_HAL_Driver/Src/stm32f3xx_hal_rcc_ex.o
 .debug_line    0x000000000000ccdf     0x26db Drivers/STM32F3xx_HAL_Driver/Src/stm32f3xx_hal_tim.o
 .debug_line    0x000000000000f3ba     0x1509 Drivers/STM32F3xx_HAL_Driver/Src/stm32f3xx_hal_tim_ex.o
 .debug_line    0x00000000000108c3     0x12a3 Drivers/STM32F3xx_HAL_Driver/Src/stm32f3xx_hal_uart.o
 .debug_line    0x0000000000011b66      0x9b0 Drivers/STM32F3xx_HAL_Driver/Src/stm32f3xx_hal_uart_ex.o
 .debug_line    0x0000000000012516      0x958 Hydrogreen/Energy_flow.o
 .debug_line    0x0000000000012e6e      0x7f3 Hydrogreen/fans.o
 .debug_line    0x0000000000013661      0x87b Hydrogreen/hydrogreen.o
 .debug_line    0x0000000000013edc      0x808 Hydrogreen/measurements.o
 .debug_line    0x00000000000146e4      0x7b7 Hydrogreen/motor.o
 .debug_line    0x0000000000014e9b      0x814 Hydrogreen/pidController.o
 .debug_line    0x00000000000156af      0x94b Hydrogreen/rs485.o
 .debug_line    0x0000000000015ffa      0x833 Hydrogreen/timers.o
 .debug_line    0x000000000001682d      0x827 Hydrogreen/watchdog.o

.debug_str      0x0000000000000000    0xaabfd
 .debug_str     0x0000000000000000    0xa52d8 Core/Src/adc.o
                                      0xa5637 (size before relaxing)
 .debug_str     0x00000000000a52d8      0x198 Core/Src/crc.o
                                      0xa528a (size before relaxing)
 .debug_str     0x00000000000a5470      0x24e Core/Src/dma.o
                                      0xa5366 (size before relaxing)
 .debug_str     0x00000000000a56be       0x48 Core/Src/gpio.o
                                      0xa5406 (size before relaxing)
 .debug_str     0x00000000000a5706       0x6f Core/Src/iwdg.o
                                      0xa50b3 (size before relaxing)
 .debug_str     0x00000000000a5775      0xfc3 Core/Src/main.o
                                      0xa6791 (size before relaxing)
 .debug_str     0x00000000000a6738       0x2c Core/Src/stm32f3xx_hal_msp.o
                                      0xa5085 (size before relaxing)
 .debug_str     0x00000000000a6764      0x193 Core/Src/stm32f3xx_it.o
                                      0xa58f8 (size before relaxing)
 .debug_str     0x00000000000a68f7       0xb3 Core/Src/system_stm32f3xx.o
                                      0xa4d37 (size before relaxing)
 .debug_str     0x00000000000a69aa      0x270 Core/Src/tim.o
                                      0xa5bae (size before relaxing)
 .debug_str     0x00000000000a6c1a       0x57 Core/Src/usart.o
                                      0xa5845 (size before relaxing)
 .debug_str     0x00000000000a6c71       0x36 Core/Startup/startup_stm32f303k8tx.o
                                         0x92 (size before relaxing)
 .debug_str     0x00000000000a6ca7      0x317 Drivers/STM32F3xx_HAL_Driver/Src/stm32f3xx_hal.o
                                      0xa5385 (size before relaxing)
 .debug_str     0x00000000000a6fbe      0x22f Drivers/STM32F3xx_HAL_Driver/Src/stm32f3xx_hal_adc.o
                                      0xa5362 (size before relaxing)
 .debug_str     0x00000000000a71ed      0x6f8 Drivers/STM32F3xx_HAL_Driver/Src/stm32f3xx_hal_adc_ex.o
                                      0xa598f (size before relaxing)
 .debug_str     0x00000000000a78e5      0x284 Drivers/STM32F3xx_HAL_Driver/Src/stm32f3xx_hal_cortex.o
                                      0xa5366 (size before relaxing)
 .debug_str     0x00000000000a7b69       0xba Drivers/STM32F3xx_HAL_Driver/Src/stm32f3xx_hal_crc.o
                                      0xa4f06 (size before relaxing)
 .debug_str     0x00000000000a7c23       0x82 Drivers/STM32F3xx_HAL_Driver/Src/stm32f3xx_hal_crc_ex.o
                                      0xa4ed9 (size before relaxing)
 .debug_str     0x00000000000a7ca5      0x248 Drivers/STM32F3xx_HAL_Driver/Src/stm32f3xx_hal_dma.o
                                      0xa50b1 (size before relaxing)
 .debug_str     0x00000000000a7eed      0x208 Drivers/STM32F3xx_HAL_Driver/Src/stm32f3xx_hal_gpio.o
                                      0xa500f (size before relaxing)
 .debug_str     0x00000000000a80f5       0x96 Drivers/STM32F3xx_HAL_Driver/Src/stm32f3xx_hal_iwdg.o
                                      0xa4d61 (size before relaxing)
 .debug_str     0x00000000000a818b      0x2f7 Drivers/STM32F3xx_HAL_Driver/Src/stm32f3xx_hal_rcc.o
                                      0xa51a5 (size before relaxing)
 .debug_str     0x00000000000a8482       0xd8 Drivers/STM32F3xx_HAL_Driver/Src/stm32f3xx_hal_rcc_ex.o
                                      0xa4eb9 (size before relaxing)
 .debug_str     0x00000000000a855a      0xda1 Drivers/STM32F3xx_HAL_Driver/Src/stm32f3xx_hal_tim.o
                                      0xa60f3 (size before relaxing)
 .debug_str     0x00000000000a92fb      0x4bd Drivers/STM32F3xx_HAL_Driver/Src/stm32f3xx_hal_tim_ex.o
                                      0xa5920 (size before relaxing)
 .debug_str     0x00000000000a97b8      0x868 Drivers/STM32F3xx_HAL_Driver/Src/stm32f3xx_hal_uart.o
                                      0xa5992 (size before relaxing)
 .debug_str     0x00000000000aa020      0x19e Drivers/STM32F3xx_HAL_Driver/Src/stm32f3xx_hal_uart_ex.o
                                      0xa527b (size before relaxing)
 .debug_str     0x00000000000aa1be      0x471 Hydrogreen/Energy_flow.o
                                      0xa6634 (size before relaxing)
 .debug_str     0x00000000000aa62f       0xa0 Hydrogreen/fans.o
                                      0xa608d (size before relaxing)
 .debug_str     0x00000000000aa6cf      0x1d3 Hydrogreen/hydrogreen.o
                                      0xa63a1 (size before relaxing)
 .debug_str     0x00000000000aa8a2       0x61 Hydrogreen/measurements.o
                                      0xa6086 (size before relaxing)
 .debug_str     0x00000000000aa903       0x2f Hydrogreen/motor.o
                                      0xa600e (size before relaxing)
 .debug_str     0x00000000000aa932       0x2f Hydrogreen/pidController.o
                                      0xa60fa (size before relaxing)
 .debug_str     0x00000000000aa961      0x1a6 Hydrogreen/rs485.o
                                      0xa652d (size before relaxing)
 .debug_str     0x00000000000aab07       0xc1 Hydrogreen/timers.o
                                      0xa60b6 (size before relaxing)
 .debug_str     0x00000000000aabc8       0x35 Hydrogreen/watchdog.o
                                      0xa5b10 (size before relaxing)

.comment        0x0000000000000000       0x7b
 .comment       0x0000000000000000       0x7b Core/Src/adc.o
                                         0x7c (size before relaxing)
 .comment       0x000000000000007b       0x7c Core/Src/crc.o
 .comment       0x000000000000007b       0x7c Core/Src/dma.o
 .comment       0x000000000000007b       0x7c Core/Src/gpio.o
 .comment       0x000000000000007b       0x7c Core/Src/iwdg.o
 .comment       0x000000000000007b       0x7c Core/Src/main.o
 .comment       0x000000000000007b       0x7c Core/Src/stm32f3xx_hal_msp.o
 .comment       0x000000000000007b       0x7c Core/Src/stm32f3xx_it.o
 .comment       0x000000000000007b       0x7c Core/Src/system_stm32f3xx.o
 .comment       0x000000000000007b       0x7c Core/Src/tim.o
 .comment       0x000000000000007b       0x7c Core/Src/usart.o
 .comment       0x000000000000007b       0x7c Drivers/STM32F3xx_HAL_Driver/Src/stm32f3xx_hal.o
 .comment       0x000000000000007b       0x7c Drivers/STM32F3xx_HAL_Driver/Src/stm32f3xx_hal_adc.o
 .comment       0x000000000000007b       0x7c Drivers/STM32F3xx_HAL_Driver/Src/stm32f3xx_hal_adc_ex.o
 .comment       0x000000000000007b       0x7c Drivers/STM32F3xx_HAL_Driver/Src/stm32f3xx_hal_cortex.o
 .comment       0x000000000000007b       0x7c Drivers/STM32F3xx_HAL_Driver/Src/stm32f3xx_hal_crc.o
 .comment       0x000000000000007b       0x7c Drivers/STM32F3xx_HAL_Driver/Src/stm32f3xx_hal_crc_ex.o
 .comment       0x000000000000007b       0x7c Drivers/STM32F3xx_HAL_Driver/Src/stm32f3xx_hal_dma.o
 .comment       0x000000000000007b       0x7c Drivers/STM32F3xx_HAL_Driver/Src/stm32f3xx_hal_gpio.o
 .comment       0x000000000000007b       0x7c Drivers/STM32F3xx_HAL_Driver/Src/stm32f3xx_hal_iwdg.o
 .comment       0x000000000000007b       0x7c Drivers/STM32F3xx_HAL_Driver/Src/stm32f3xx_hal_rcc.o
 .comment       0x000000000000007b       0x7c Drivers/STM32F3xx_HAL_Driver/Src/stm32f3xx_hal_rcc_ex.o
 .comment       0x000000000000007b       0x7c Drivers/STM32F3xx_HAL_Driver/Src/stm32f3xx_hal_tim.o
 .comment       0x000000000000007b       0x7c Drivers/STM32F3xx_HAL_Driver/Src/stm32f3xx_hal_tim_ex.o
 .comment       0x000000000000007b       0x7c Drivers/STM32F3xx_HAL_Driver/Src/stm32f3xx_hal_uart.o
 .comment       0x000000000000007b       0x7c Drivers/STM32F3xx_HAL_Driver/Src/stm32f3xx_hal_uart_ex.o
 .comment       0x000000000000007b       0x7c Hydrogreen/Energy_flow.o
 .comment       0x000000000000007b       0x7c Hydrogreen/fans.o
 .comment       0x000000000000007b       0x7c Hydrogreen/hydrogreen.o
 .comment       0x000000000000007b       0x7c Hydrogreen/measurements.o
 .comment       0x000000000000007b       0x7c Hydrogreen/motor.o
 .comment       0x000000000000007b       0x7c Hydrogreen/pidController.o
 .comment       0x000000000000007b       0x7c Hydrogreen/rs485.o
 .comment       0x000000000000007b       0x7c Hydrogreen/timers.o
 .comment       0x000000000000007b       0x7c Hydrogreen/watchdog.o

.debug_frame    0x0000000000000000     0x4ac0
 .debug_frame   0x0000000000000000       0x7c Core/Src/adc.o
 .debug_frame   0x000000000000007c       0x7c Core/Src/crc.o
 .debug_frame   0x00000000000000f8       0x34 Core/Src/dma.o
 .debug_frame   0x000000000000012c       0x34 Core/Src/gpio.o
 .debug_frame   0x0000000000000160       0x2c Core/Src/iwdg.o
 .debug_frame   0x000000000000018c       0x6c Core/Src/main.o
 .debug_frame   0x00000000000001f8       0x38 Core/Src/stm32f3xx_hal_msp.o
 .debug_frame   0x0000000000000230      0x21c Core/Src/stm32f3xx_it.o
 .debug_frame   0x000000000000044c       0x58 Core/Src/system_stm32f3xx.o
 .debug_frame   0x00000000000004a4      0x130 Core/Src/tim.o
 .debug_frame   0x00000000000005d4       0x74 Core/Src/usart.o
 .debug_frame   0x0000000000000648      0x334 Drivers/STM32F3xx_HAL_Driver/Src/stm32f3xx_hal.o
 .debug_frame   0x000000000000097c      0x380 Drivers/STM32F3xx_HAL_Driver/Src/stm32f3xx_hal_adc.o
 .debug_frame   0x0000000000000cfc      0x638 Drivers/STM32F3xx_HAL_Driver/Src/stm32f3xx_hal_adc_ex.o
 .debug_frame   0x0000000000001334      0x428 Drivers/STM32F3xx_HAL_Driver/Src/stm32f3xx_hal_cortex.o
 .debug_frame   0x000000000000175c      0x168 Drivers/STM32F3xx_HAL_Driver/Src/stm32f3xx_hal_crc.o
 .debug_frame   0x00000000000018c4       0x88 Drivers/STM32F3xx_HAL_Driver/Src/stm32f3xx_hal_crc_ex.o
 .debug_frame   0x000000000000194c      0x224 Drivers/STM32F3xx_HAL_Driver/Src/stm32f3xx_hal_dma.o
 .debug_frame   0x0000000000001b70      0x14c Drivers/STM32F3xx_HAL_Driver/Src/stm32f3xx_hal_gpio.o
 .debug_frame   0x0000000000001cbc       0x5c Drivers/STM32F3xx_HAL_Driver/Src/stm32f3xx_hal_iwdg.o
 .debug_frame   0x0000000000001d18      0x214 Drivers/STM32F3xx_HAL_Driver/Src/stm32f3xx_hal_rcc.o
 .debug_frame   0x0000000000001f2c       0xb0 Drivers/STM32F3xx_HAL_Driver/Src/stm32f3xx_hal_rcc_ex.o
 .debug_frame   0x0000000000001fdc     0x121c Drivers/STM32F3xx_HAL_Driver/Src/stm32f3xx_hal_tim.o
 .debug_frame   0x00000000000031f8      0x688 Drivers/STM32F3xx_HAL_Driver/Src/stm32f3xx_hal_tim_ex.o
 .debug_frame   0x0000000000003880      0x9e0 Drivers/STM32F3xx_HAL_Driver/Src/stm32f3xx_hal_uart.o
 .debug_frame   0x0000000000004260      0x190 Drivers/STM32F3xx_HAL_Driver/Src/stm32f3xx_hal_uart_ex.o
 .debug_frame   0x00000000000043f0      0x188 Hydrogreen/Energy_flow.o
 .debug_frame   0x0000000000004578       0x90 Hydrogreen/fans.o
 .debug_frame   0x0000000000004608       0xa0 Hydrogreen/hydrogreen.o
 .debug_frame   0x00000000000046a8       0x88 Hydrogreen/measurements.o
 .debug_frame   0x0000000000004730       0x4c Hydrogreen/motor.o
 .debug_frame   0x000000000000477c       0x50 Hydrogreen/pidController.o
 .debug_frame   0x00000000000047cc      0x168 Hydrogreen/rs485.o
 .debug_frame   0x0000000000004934       0xec Hydrogreen/timers.o
 .debug_frame   0x0000000000004a20       0x54 Hydrogreen/watchdog.o
 .debug_frame   0x0000000000004a74       0x2c d:/program files/stm32cubeide_1.4.0/stm32cubeide/plugins/com.st.stm32cube.ide.mcu.externaltools.gnu-tools-for-stm32.7-2018-q2-update.win32_1.5.0.202011040924/tools/bin/../lib/gcc/arm-none-eabi/7.3.1/../../../../arm-none-eabi/lib/thumb/v7e-m/fpv4-sp/hard\libc_nano.a(lib_a-init.o)
 .debug_frame   0x0000000000004aa0       0x20 d:/program files/stm32cubeide_1.4.0/stm32cubeide/plugins/com.st.stm32cube.ide.mcu.externaltools.gnu-tools-for-stm32.7-2018-q2-update.win32_1.5.0.202011040924/tools/bin/../lib/gcc/arm-none-eabi/7.3.1/../../../../arm-none-eabi/lib/thumb/v7e-m/fpv4-sp/hard\libc_nano.a(lib_a-memset.o)